Archive member included to satisfy reference by file (symbol)

C:/Users/mydre/.pico-sdk/toolchain/14_2_Rel1/bin/../lib/gcc/arm-none-eabi/14.2.1/thumb/v6-m/nofp\libgcc.a(_dvmd_tls.o)
                              CMakeFiles/blink.dir/C_/Users/mydre/.pico-sdk/sdk/2.2.0/src/rp2_common/pico_divider/divider_hardware.S.obj (__aeabi_idiv0)
C:/Users/mydre/.pico-sdk/toolchain/14_2_Rel1/bin/../lib/gcc/arm-none-eabi/14.2.1/thumb/v6-m/nofp\libg.a(libc_a-calloc.o)
                              CMakeFiles/blink.dir/C_/Users/mydre/.pico-sdk/sdk/2.2.0/src/rp2_common/pico_malloc/malloc.c.obj (calloc)
C:/Users/mydre/.pico-sdk/toolchain/14_2_Rel1/bin/../lib/gcc/arm-none-eabi/14.2.1/thumb/v6-m/nofp\libg.a(libc_a-callocr.o)
                              C:/Users/mydre/.pico-sdk/toolchain/14_2_Rel1/bin/../lib/gcc/arm-none-eabi/14.2.1/thumb/v6-m/nofp\libg.a(libc_a-calloc.o) (_calloc_r)
C:/Users/mydre/.pico-sdk/toolchain/14_2_Rel1/bin/../lib/gcc/arm-none-eabi/14.2.1/thumb/v6-m/nofp\libg.a(libc_a-malloc.o)
                              CMakeFiles/blink.dir/C_/Users/mydre/.pico-sdk/sdk/2.2.0/src/rp2_common/pico_malloc/malloc.c.obj (malloc)
C:/Users/mydre/.pico-sdk/toolchain/14_2_Rel1/bin/../lib/gcc/arm-none-eabi/14.2.1/thumb/v6-m/nofp\libg.a(libc_a-mallocr.o)
                              C:/Users/mydre/.pico-sdk/toolchain/14_2_Rel1/bin/../lib/gcc/arm-none-eabi/14.2.1/thumb/v6-m/nofp\libg.a(libc_a-callocr.o) (_malloc_r)
C:/Users/mydre/.pico-sdk/toolchain/14_2_Rel1/bin/../lib/gcc/arm-none-eabi/14.2.1/thumb/v6-m/nofp\libg.a(libc_a-mlock.o)
                              C:/Users/mydre/.pico-sdk/toolchain/14_2_Rel1/bin/../lib/gcc/arm-none-eabi/14.2.1/thumb/v6-m/nofp\libg.a(libc_a-mallocr.o) (__malloc_lock)
C:/Users/mydre/.pico-sdk/toolchain/14_2_Rel1/bin/../lib/gcc/arm-none-eabi/14.2.1/thumb/v6-m/nofp\libg.a(libc_a-realloc.o)
                              CMakeFiles/blink.dir/C_/Users/mydre/.pico-sdk/sdk/2.2.0/src/rp2_common/pico_malloc/malloc.c.obj (realloc)
C:/Users/mydre/.pico-sdk/toolchain/14_2_Rel1/bin/../lib/gcc/arm-none-eabi/14.2.1/thumb/v6-m/nofp\libg.a(libc_a-reallocr.o)
                              C:/Users/mydre/.pico-sdk/toolchain/14_2_Rel1/bin/../lib/gcc/arm-none-eabi/14.2.1/thumb/v6-m/nofp\libg.a(libc_a-realloc.o) (_realloc_r)
C:/Users/mydre/.pico-sdk/toolchain/14_2_Rel1/bin/../lib/gcc/arm-none-eabi/14.2.1/thumb/v6-m/nofp\libg.a(libc_a-fputc.o)
                              CMakeFiles/blink.dir/libraries/kissfft/kiss_fft.c.obj (fputc)
C:/Users/mydre/.pico-sdk/toolchain/14_2_Rel1/bin/../lib/gcc/arm-none-eabi/14.2.1/thumb/v6-m/nofp\libg.a(libc_a-fwrite.o)
                              CMakeFiles/blink.dir/libraries/kissfft/kiss_fft.c.obj (fwrite)
C:/Users/mydre/.pico-sdk/toolchain/14_2_Rel1/bin/../lib/gcc/arm-none-eabi/14.2.1/thumb/v6-m/nofp\libg.a(libc_a-putc.o)
                              C:/Users/mydre/.pico-sdk/toolchain/14_2_Rel1/bin/../lib/gcc/arm-none-eabi/14.2.1/thumb/v6-m/nofp\libg.a(libc_a-fputc.o) (_putc_r)
C:/Users/mydre/.pico-sdk/toolchain/14_2_Rel1/bin/../lib/gcc/arm-none-eabi/14.2.1/thumb/v6-m/nofp\libg.a(libc_a-wbuf.o)
                              C:/Users/mydre/.pico-sdk/toolchain/14_2_Rel1/bin/../lib/gcc/arm-none-eabi/14.2.1/thumb/v6-m/nofp\libg.a(libc_a-putc.o) (__swbuf_r)
C:/Users/mydre/.pico-sdk/toolchain/14_2_Rel1/bin/../lib/gcc/arm-none-eabi/14.2.1/thumb/v6-m/nofp\libg.a(libc_a-wsetup.o)
                              C:/Users/mydre/.pico-sdk/toolchain/14_2_Rel1/bin/../lib/gcc/arm-none-eabi/14.2.1/thumb/v6-m/nofp\libg.a(libc_a-wbuf.o) (__swsetup_r)
C:/Users/mydre/.pico-sdk/toolchain/14_2_Rel1/bin/../lib/gcc/arm-none-eabi/14.2.1/thumb/v6-m/nofp\libg.a(libc_a-memcmp.o)
                              CMakeFiles/blink.dir/C_/Users/mydre/.pico-sdk/sdk/2.2.0/src/rp2_common/pico_atomic/atomic.c.obj (memcmp)
C:/Users/mydre/.pico-sdk/toolchain/14_2_Rel1/bin/../lib/gcc/arm-none-eabi/14.2.1/thumb/v6-m/nofp\libg.a(libc_a-memmove.o)
                              C:/Users/mydre/.pico-sdk/toolchain/14_2_Rel1/bin/../lib/gcc/arm-none-eabi/14.2.1/thumb/v6-m/nofp\libg.a(libc_a-reallocr.o) (memmove)
C:/Users/mydre/.pico-sdk/toolchain/14_2_Rel1/bin/../lib/gcc/arm-none-eabi/14.2.1/thumb/v6-m/nofp\libg.a(libc_a-lcltime_r.o)
                              CMakeFiles/blink.dir/C_/Users/mydre/.pico-sdk/sdk/2.2.0/src/common/pico_util/datetime.c.obj (localtime_r)
C:/Users/mydre/.pico-sdk/toolchain/14_2_Rel1/bin/../lib/gcc/arm-none-eabi/14.2.1/thumb/v6-m/nofp\libg.a(libc_a-mktime.o)
                              CMakeFiles/blink.dir/C_/Users/mydre/.pico-sdk/sdk/2.2.0/src/common/pico_util/datetime.c.obj (mktime)
C:/Users/mydre/.pico-sdk/toolchain/14_2_Rel1/bin/../lib/gcc/arm-none-eabi/14.2.1/thumb/v6-m/nofp\libg.a(libc_a-month_lengths.o)
                              C:/Users/mydre/.pico-sdk/toolchain/14_2_Rel1/bin/../lib/gcc/arm-none-eabi/14.2.1/thumb/v6-m/nofp\libg.a(libc_a-lcltime_r.o) (__month_lengths)
[...]
Memory Configuration

Name             Origin             Length             Attributes
FLASH            0x10000000         0x00200000         xr
RAM              0x20000000         0x00040000         xrw
SCRATCH_X        0x20040000         0x00001000         xrw
SCRATCH_Y        0x20041000         0x00001000         xrw
*default*        0x00000000         0xffffffff

Linker script and memory map

LOAD C:/Users/mydre/.pico-sdk/toolchain/14_2_Rel1/bin/../lib/gcc/arm-none-eabi/14.2.1/thumb/v6-m/nofp/crti.o
LOAD C:/Users/mydre/.pico-sdk/toolchain/14_2_Rel1/bin/../lib/gcc/arm-none-eabi/14.2.1/thumb/v6-m/nofp/crtbegin.o
LOAD C:/Users/mydre/.pico-sdk/toolchain/14_2_Rel1/bin/../lib/gcc/arm-none-eabi/14.2.1/thumb/v6-m/nofp/crt0.o

.flash_begin    0x10000000        0x0
                0x10000000                        __flash_binary_start = .

.boot2          0x10000000      0x100
                0x10000000                        __boot2_start__ = .
 *(.boot2)
 .boot2         0x10000000      0x100 pico-sdk/src/rp2040/boot_stage2/CMakeFiles/bs2_default_library.dir/./bs2_default_padded_checksummed.S.obj
                0x10000100                        __boot2_end__ = .
                0x00000001                        ASSERT (((__boot2_end__ - __boot2_start__) == 0x100), ERROR: Pico second stage bootloader must be 256 bytes in size)

.text           0x10000100     0x7840
                0x10000100                        __logical_binary_start = .
 *(.vectors)
 .vectors       0x10000100       0xd4 CMakeFiles/blink.dir/C_/Users/mydre/.pico-sdk/sdk/2.2.0/src/rp2_common/pico_crt0/crt0.S.obj
                0x10000100                __VECTOR_TABLE
                0x10000100                __vectors
                0x100001c0                isr_irq13
                0x100001c0                isr_irq27
                0x100001c0                isr_irq31
                0x100001c0                isr_irq12
                0x100001c0                isr_irq5
                0x100001c0                isr_irq11
                0x100001c0                isr_irq3
                0x100001c0                isr_irq23
                0x100001c0                __unhandled_user_irq
                0x100001c0                isr_irq26
                0x100001c0                isr_irq28
                0x100001c0                isr_irq19
                0x100001c0                isr_irq0
                0x100001c0                isr_irq6
                0x100001c0                isr_irq29
                0x100001c0                isr_irq16
                0x100001c0                isr_irq22
                0x100001c0                isr_irq18
                0x100001c0                isr_irq17
                0x100001c0                isr_irq14
                0x100001c0                __vectors_end
                0x100001c0                __default_isrs_start
                0x100001c0                isr_irq2
                0x100001c0                isr_irq10
                0x100001c0                isr_irq8
                0x100001c0                isr_irq24
                0x100001c0                isr_irq1
                0x100001c0                isr_irq7
                0x100001c0                isr_irq21
                0x100001c0                isr_irq20
                0x100001c0                isr_irq15
                0x100001c0                isr_irq25
                0x100001c0                isr_irq4
                0x100001c0                isr_irq30
                0x100001c0                isr_irq9
                0x100001c6                unhandled_user_irq_num_in_r0
                0x100001c8                isr_invalid
                0x100001ca                isr_nmi
                0x100001cc                isr_hardfault
                0x100001ce                isr_svcall
                0x100001d0                isr_pendsv
                0x100001d2                isr_systick
                0x100001d4                __default_isrs_end
 *(.binary_info_header)
 .binary_info_header
                0x100001d4       0x14 CMakeFiles/blink.dir/C_/Users/mydre/.pico-sdk/sdk/2.2.0/src/rp2_common/pico_crt0/crt0.S.obj
                0x100001e8                        __binary_info_header_end = .
 *(.embedded_block)
                0x100001e8                        __embedded_block_end = .
 *(.reset)
 .reset         0x100001e8       0x9c CMakeFiles/blink.dir/C_/Users/mydre/.pico-sdk/sdk/2.2.0/src/rp2_common/pico_crt0/crt0.S.obj
                0x100001e8                _entry_point
 *(.init)
 .init          0x10000284        0x4 C:/Users/mydre/.pico-sdk/toolchain/14_2_Rel1/bin/../lib/gcc/arm-none-eabi/14.2.1/thumb/v6-m/nofp/crti.o
                0x10000284                _init
 *(EXCLUDE_FILE(*libm.a: *libc.a:*lib_a-mem*.o *libgcc.a:) .text*)
 .text.register_tm_clones
                0x10000288       0x28 C:/Users/mydre/.pico-sdk/toolchain/14_2_Rel1/bin/../lib/gcc/arm-none-eabi/14.2.1/thumb/v6-m/nofp/crtbegin.o
 .text.frame_dummy
                0x100002b0       0x24 C:/Users/mydre/.pico-sdk/toolchain/14_2_Rel1/bin/../lib/gcc/arm-none-eabi/14.2.1/thumb/v6-m/nofp/crtbegin.o
 .text.adc_gpio_init
                0x100002d4       0x1e CMakeFiles/blink.dir/Audio-visual-device.cpp.obj
 *fill*         0x100002f2        0x2 
 .text._Z3barii
                0x100002f4       0x4c CMakeFiles/blink.dir/Audio-visual-device.cpp.obj
                0x100002f4                bar(int, int)
 .text.main     0x10000340      0x280 CMakeFiles/blink.dir/Audio-visual-device.cpp.obj
                0x10000340                main
 .text._Z18WS2812B_sendtimingi
                0x100005c0       0x60 CMakeFiles/blink.dir/libraries/hardware/hardware.cpp.obj
                0x100005c0                WS2812B_sendtiming(int)
 .text._Z12WS2812B_initv
                0x10000620      0x10c CMakeFiles/blink.dir/libraries/hardware/hardware.cpp.obj
                0x10000620                WS2812B_init()
 .text._ZN8pimoroni13PicoRGBKeypad6updateEv
                0x1000072c       0x20 CMakeFiles/blink.dir/libraries/hardware/hardware.cpp.obj
                0x1000072c                pimoroni::PicoRGBKeypad::update()
 .text._ZN8pimoroni13PicoRGBKeypad14set_brightnessEf
                0x1000074c       0x4c CMakeFiles/blink.dir/libraries/hardware/hardware.cpp.obj
                0x1000074c                pimoroni::PicoRGBKeypad::set_brightness(float)
 .text._ZN8pimoroni13PicoRGBKeypad4initEv
                0x10000798       0x88 CMakeFiles/blink.dir/libraries/hardware/hardware.cpp.obj
                0x10000798                pimoroni::PicoRGBKeypad::init()
 .text._ZN8pimoroni13PicoRGBKeypad10illuminateEhhhhh
                0x10000820       0x2c CMakeFiles/blink.dir/libraries/hardware/hardware.cpp.obj
                0x10000820                pimoroni::PicoRGBKeypad::illuminate(unsigned char, unsigned char, unsigned char, unsigned char, unsigned char)
 .text._ZN8pimoroni13PicoRGBKeypad10illuminateEhhhh
                0x1000084c       0x20 CMakeFiles/blink.dir/libraries/hardware/hardware.cpp.obj
                0x1000084c                pimoroni::PicoRGBKeypad::illuminate(unsigned char, unsigned char, unsigned char, unsigned char)
 .text._ZN8pimoroni13PicoRGBKeypad5clearEv
                0x1000086c       0x24 CMakeFiles/blink.dir/libraries/hardware/hardware.cpp.obj
                0x1000086c                pimoroni::PicoRGBKeypad::clear()
 .text._ZN8pimoroni13PicoRGBKeypad17get_button_statesEv
                0x10000890       0x40 CMakeFiles/blink.dir/libraries/hardware/hardware.cpp.obj
                0x10000890                pimoroni::PicoRGBKeypad::get_button_states()
 .text.kf_bfly2
                0x100008d0       0xb8 CMakeFiles/blink.dir/libraries/kissfft/kiss_fft.c.obj
 .text.kf_bfly4
                0x10000988      0x278 CMakeFiles/blink.dir/libraries/kissfft/kiss_fft.c.obj
 .text.kf_bfly3
                0x10000c00      0x1c4 CMakeFiles/blink.dir/libraries/kissfft/kiss_fft.c.obj
 .text.kf_bfly5
                0x10000dc4      0x432 CMakeFiles/blink.dir/libraries/kissfft/kiss_fft.c.obj
 .text.kf_factor
                0x100011f6       0x72 CMakeFiles/blink.dir/libraries/kissfft/kiss_fft.c.obj
 .text.kf_bfly_generic
                0x10001268      0x18c CMakeFiles/blink.dir/libraries/kissfft/kiss_fft.c.obj
 .text.kf_work  0x100013f4       0xe0 CMakeFiles/blink.dir/libraries/kissfft/kiss_fft.c.obj
 .text.kiss_fft_alloc
                0x100014d4       0xe0 CMakeFiles/blink.dir/libraries/kissfft/kiss_fft.c.obj
                0x100014d4                kiss_fft_alloc
 .text.kiss_fft_stride
                0x100015b4       0xcc CMakeFiles/blink.dir/libraries/kissfft/kiss_fft.c.obj
                0x100015b4                kiss_fft_stride
 .text.kiss_fft
                0x10001680        0xa CMakeFiles/blink.dir/libraries/kissfft/kiss_fft.c.obj
                0x10001680                kiss_fft
 *fill*         0x1000168a        0x2 
 .text.gpio_set_function
                0x1000168c       0x34 CMakeFiles/blink.dir/C_/Users/mydre/.pico-sdk/sdk/2.2.0/src/rp2_common/hardware_gpio/gpio.c.obj
                0x1000168c                gpio_set_function
 .text.gpio_set_pulls
                0x100016c0       0x38 CMakeFiles/blink.dir/C_/Users/mydre/.pico-sdk/sdk/2.2.0/src/rp2_common/hardware_gpio/gpio.c.obj
                0x100016c0                gpio_set_pulls
 .text.gpio_set_input_enabled
                0x100016f8       0x28 CMakeFiles/blink.dir/C_/Users/mydre/.pico-sdk/sdk/2.2.0/src/rp2_common/hardware_gpio/gpio.c.obj
                0x100016f8                gpio_set_input_enabled
 .text.gpio_init
                0x10001720       0x16 CMakeFiles/blink.dir/C_/Users/mydre/.pico-sdk/sdk/2.2.0/src/rp2_common/hardware_gpio/gpio.c.obj
                0x10001720                gpio_init
 *fill*         0x10001736        0x2 
 .text.panic    0x10001738       0x30 CMakeFiles/blink.dir/C_/Users/mydre/.pico-sdk/sdk/2.2.0/src/rp2_common/pico_platform_panic/panic.c.obj
                0x10001738                panic
 .text.hw_claim_lock
                0x10001768       0x18 CMakeFiles/blink.dir/C_/Users/mydre/.pico-sdk/sdk/2.2.0/src/common/hardware_claim/claim.c.obj
                0x10001768                hw_claim_lock
 .text.hw_claim_unlock
                0x10001780       0x14 CMakeFiles/blink.dir/C_/Users/mydre/.pico-sdk/sdk/2.2.0/src/common/hardware_claim/claim.c.obj
                0x10001780                hw_claim_unlock
 .text.hw_claim_or_assert
                0x10001794       0x32 CMakeFiles/blink.dir/C_/Users/mydre/.pico-sdk/sdk/2.2.0/src/common/hardware_claim/claim.c.obj
                0x10001794                hw_claim_or_assert
 *fill*         0x100017c6        0x2 
 .text.next_striped_spin_lock_num
                0x100017c8       0x1c CMakeFiles/blink.dir/C_/Users/mydre/.pico-sdk/sdk/2.2.0/src/rp2_common/hardware_sync/sync.c.obj
                0x100017c8                next_striped_spin_lock_num
 .text.spin_locks_reset
                0x100017e4       0x20 CMakeFiles/blink.dir/C_/Users/mydre/.pico-sdk/sdk/2.2.0/src/rp2_common/hardware_sync_spin_lock/sync_spin_lock.c.obj
                0x100017e4                spin_locks_reset
 .text.set_raw_irq_handler_and_unlock
                0x10001804       0x28 CMakeFiles/blink.dir/C_/Users/mydre/.pico-sdk/sdk/2.2.0/src/rp2_common/hardware_irq/irq.c.obj
 .text.nvic_ipr0
                0x1000182c        0x8 CMakeFiles/blink.dir/C_/Users/mydre/.pico-sdk/sdk/2.2.0/src/rp2_common/hardware_irq/irq.c.obj
 .text.runtime_init_per_core_irq_priorities
                0x10001834       0x1c CMakeFiles/blink.dir/C_/Users/mydre/.pico-sdk/sdk/2.2.0/src/rp2_common/hardware_irq/irq.c.obj
                0x10001834                runtime_init_per_core_irq_priorities
 .text.irq_set_mask_n_enabled
                0x10001850       0x1c CMakeFiles/blink.dir/C_/Users/mydre/.pico-sdk/sdk/2.2.0/src/rp2_common/hardware_irq/irq.c.obj
                0x10001850                irq_set_mask_n_enabled
 .text.irq_set_enabled
                0x1000186c       0x14 CMakeFiles/blink.dir/C_/Users/mydre/.pico-sdk/sdk/2.2.0/src/rp2_common/hardware_irq/irq.c.obj
                0x1000186c                irq_set_enabled
 .text.irq_get_vtable_handler
                0x10001880       0x10 CMakeFiles/blink.dir/C_/Users/mydre/.pico-sdk/sdk/2.2.0/src/rp2_common/hardware_irq/irq.c.obj
                0x10001880                irq_get_vtable_handler
 .text.irq_set_exclusive_handler
                0x10001890       0x54 CMakeFiles/blink.dir/C_/Users/mydre/.pico-sdk/sdk/2.2.0/src/rp2_common/hardware_irq/irq.c.obj
                0x10001890                irq_set_exclusive_handler
 .text.lock_init
                0x100018e4       0x10 CMakeFiles/blink.dir/C_/Users/mydre/.pico-sdk/sdk/2.2.0/src/common/pico_sync/lock_core.c.obj
                0x100018e4                lock_init
 .text.mutex_init
                0x100018f4       0x1a CMakeFiles/blink.dir/C_/Users/mydre/.pico-sdk/sdk/2.2.0/src/common/pico_sync/mutex.c.obj
                0x100018f4                mutex_init
 .text.recursive_mutex_init
                0x1000190e       0x1e CMakeFiles/blink.dir/C_/Users/mydre/.pico-sdk/sdk/2.2.0/src/common/pico_sync/mutex.c.obj
                0x1000190e                recursive_mutex_init
 .text.runtime_init_mutex
                0x1000192c       0x4c CMakeFiles/blink.dir/C_/Users/mydre/.pico-sdk/sdk/2.2.0/src/common/pico_sync/mutex.c.obj
                0x1000192c                runtime_init_mutex
 .text.ta_set_timeout
                0x10001978       0x24 CMakeFiles/blink.dir/C_/Users/mydre/.pico-sdk/sdk/2.2.0/src/common/pico_time/time.c.obj
 .text.make_alarm_id
                0x1000199c        0x6 CMakeFiles/blink.dir/C_/Users/mydre/.pico-sdk/sdk/2.2.0/src/common/pico_time/time.c.obj
 *fill*         0x100019a2        0x2 
 .text.sleep_until_callback
                0x100019a4       0x30 CMakeFiles/blink.dir/C_/Users/mydre/.pico-sdk/sdk/2.2.0/src/common/pico_time/time.c.obj
 .text.alarm_pool_irq_handler
                0x100019d4      0x2f0 CMakeFiles/blink.dir/C_/Users/mydre/.pico-sdk/sdk/2.2.0/src/common/pico_time/time.c.obj
 .text.ta_enable_irq_handler
                0x10001cc4       0x2c CMakeFiles/blink.dir/C_/Users/mydre/.pico-sdk/sdk/2.2.0/src/common/pico_time/time.c.obj
 .text.alarm_pool_post_alloc_init
                0x10001cf0       0x78 CMakeFiles/blink.dir/C_/Users/mydre/.pico-sdk/sdk/2.2.0/src/common/pico_time/time.c.obj
 .text.alarm_pool_get_default
                0x10001d68       0x2c CMakeFiles/blink.dir/C_/Users/mydre/.pico-sdk/sdk/2.2.0/src/common/pico_time/time.c.obj
                0x10001d68                alarm_pool_get_default
 .text.alarm_pool_add_alarm_at_force_in_context
                0x10001d94       0xa4 CMakeFiles/blink.dir/C_/Users/mydre/.pico-sdk/sdk/2.2.0/src/common/pico_time/time.c.obj
                0x10001d94                alarm_pool_add_alarm_at_force_in_context
 .text.alarm_pool_add_alarm_at
                0x10001e38       0x3c CMakeFiles/blink.dir/C_/Users/mydre/.pico-sdk/sdk/2.2.0/src/common/pico_time/time.c.obj
                0x10001e38                alarm_pool_add_alarm_at
 .text.add_alarm_at
                0x10001e74       0x2e CMakeFiles/blink.dir/C_/Users/mydre/.pico-sdk/sdk/2.2.0/src/common/pico_time/time.c.obj
 *fill*         0x10001ea2        0x2 
 .text.alarm_pool_cancel_alarm
                0x10001ea4       0x78 CMakeFiles/blink.dir/C_/Users/mydre/.pico-sdk/sdk/2.2.0/src/common/pico_time/time.c.obj
                0x10001ea4                alarm_pool_cancel_alarm
 .text.cancel_alarm
                0x10001f1c       0x10 CMakeFiles/blink.dir/C_/Users/mydre/.pico-sdk/sdk/2.2.0/src/common/pico_time/time.c.obj
 .text.sleep_until
                0x10001f2c       0xb0 CMakeFiles/blink.dir/C_/Users/mydre/.pico-sdk/sdk/2.2.0/src/common/pico_time/time.c.obj
                0x10001f2c                sleep_until
 .text.sleep_us
                0x10001fdc       0x24 CMakeFiles/blink.dir/C_/Users/mydre/.pico-sdk/sdk/2.2.0/src/common/pico_time/time.c.obj
                0x10001fdc                sleep_us
 .text.sleep_ms
                0x10002000       0x14 CMakeFiles/blink.dir/C_/Users/mydre/.pico-sdk/sdk/2.2.0/src/common/pico_time/time.c.obj
                0x10002000                sleep_ms
 .text.best_effort_wfe_or_timeout
                0x10002014      0x11c CMakeFiles/blink.dir/C_/Users/mydre/.pico-sdk/sdk/2.2.0/src/common/pico_time/time.c.obj
                0x10002014                best_effort_wfe_or_timeout
 .text.alarm_pool_get_default_timer
                0x10002130        0x8 CMakeFiles/blink.dir/C_/Users/mydre/.pico-sdk/sdk/2.2.0/src/common/pico_time/time.c.obj
                0x10002130                alarm_pool_get_default_timer
 .text.runtime_init_default_alarm_pool
                0x10002138       0x38 CMakeFiles/blink.dir/C_/Users/mydre/.pico-sdk/sdk/2.2.0/src/common/pico_time/time.c.obj
                0x10002138                runtime_init_default_alarm_pool
 .text.timer_hardware_alarm_claim
                0x10002170       0x14 CMakeFiles/blink.dir/C_/Users/mydre/.pico-sdk/sdk/2.2.0/src/rp2_common/hardware_timer/timer.c.obj
                0x10002170                timer_hardware_alarm_claim
 .text.timer_time_us_64
                0x10002184       0x10 CMakeFiles/blink.dir/C_/Users/mydre/.pico-sdk/sdk/2.2.0/src/rp2_common/hardware_timer/timer.c.obj
                0x10002184                timer_time_us_64
 .text.timer_busy_wait_until
                0x10002194       0x1a CMakeFiles/blink.dir/C_/Users/mydre/.pico-sdk/sdk/2.2.0/src/rp2_common/hardware_timer/timer.c.obj
                0x10002194                timer_busy_wait_until
 .text.timer_busy_wait_us
                0x100021ae       0x38 CMakeFiles/blink.dir/C_/Users/mydre/.pico-sdk/sdk/2.2.0/src/rp2_common/hardware_timer/timer.c.obj
                0x100021ae                timer_busy_wait_us
 *fill*         0x100021e6        0x2 
 .text.time_us_64
                0x100021e8       0x10 CMakeFiles/blink.dir/C_/Users/mydre/.pico-sdk/sdk/2.2.0/src/rp2_common/hardware_timer/timer.c.obj
                0x100021e8                time_us_64
 .text.busy_wait_us
                0x100021f8       0x14 CMakeFiles/blink.dir/C_/Users/mydre/.pico-sdk/sdk/2.2.0/src/rp2_common/hardware_timer/timer.c.obj
                0x100021f8                busy_wait_us
 .text.busy_wait_until
                0x1000220c       0x14 CMakeFiles/blink.dir/C_/Users/mydre/.pico-sdk/sdk/2.2.0/src/rp2_common/hardware_timer/timer.c.obj
                0x1000220c                busy_wait_until
 .text.clock_configure_internal
                0x10002220       0xc4 CMakeFiles/blink.dir/C_/Users/mydre/.pico-sdk/sdk/2.2.0/src/rp2_common/hardware_clocks/clocks.c.obj
 .text.clock_configure_int_divider
                0x100022e4       0x28 CMakeFiles/blink.dir/C_/Users/mydre/.pico-sdk/sdk/2.2.0/src/rp2_common/hardware_clocks/clocks.c.obj
                0x100022e4                clock_configure_int_divider
 .text.clock_configure_undivided
                0x1000230c       0x12 CMakeFiles/blink.dir/C_/Users/mydre/.pico-sdk/sdk/2.2.0/src/rp2_common/hardware_clocks/clocks.c.obj
                0x1000230c                clock_configure_undivided
 *fill*         0x1000231e        0x2 
 .text.clock_get_hz
                0x10002320        0xc CMakeFiles/blink.dir/C_/Users/mydre/.pico-sdk/sdk/2.2.0/src/rp2_common/hardware_clocks/clocks.c.obj
                0x10002320                clock_get_hz
 .text.pll_init
                0x1000232c      0x124 CMakeFiles/blink.dir/C_/Users/mydre/.pico-sdk/sdk/2.2.0/src/rp2_common/hardware_pll/pll.c.obj
                0x1000232c                pll_init
 .text.tick_start
                0x10002450       0x10 CMakeFiles/blink.dir/C_/Users/mydre/.pico-sdk/sdk/2.2.0/src/rp2_common/hardware_ticks/ticks.c.obj
                0x10002450                tick_start
 .text.rom_func_lookup
                0x10002460       0x10 CMakeFiles/blink.dir/C_/Users/mydre/.pico-sdk/sdk/2.2.0/src/rp2_common/pico_bootrom/bootrom.c.obj
                0x10002460                rom_func_lookup
 .text.rom_data_lookup
                0x10002470       0x10 CMakeFiles/blink.dir/C_/Users/mydre/.pico-sdk/sdk/2.2.0/src/rp2_common/pico_bootrom/bootrom.c.obj
                0x10002470                rom_data_lookup
 .text.rom_funcs_lookup
                0x10002480       0x36 CMakeFiles/blink.dir/C_/Users/mydre/.pico-sdk/sdk/2.2.0/src/rp2_common/pico_bootrom/bootrom.c.obj
                0x10002480                rom_funcs_lookup
 *fill*         0x100024b6        0x2 
 .text.xosc_init
                0x100024b8       0x2c CMakeFiles/blink.dir/C_/Users/mydre/.pico-sdk/sdk/2.2.0/src/rp2_common/hardware_xosc/xosc.c.obj
                0x100024b8                xosc_init
 .text.runtime_run_initializers_from
                0x100024e4       0x18 CMakeFiles/blink.dir/C_/Users/mydre/.pico-sdk/sdk/2.2.0/src/rp2_common/pico_runtime/runtime.c.obj
 .text.first_per_core_initializer
                0x100024fc        0x2 CMakeFiles/blink.dir/C_/Users/mydre/.pico-sdk/sdk/2.2.0/src/rp2_common/pico_runtime/runtime.c.obj
 *fill*         0x100024fe        0x2 
 .text.runtime_run_initializers
                0x10002500       0x10 CMakeFiles/blink.dir/C_/Users/mydre/.pico-sdk/sdk/2.2.0/src/rp2_common/pico_runtime/runtime.c.obj
                0x10002500                runtime_run_initializers
 .text.runtime_init_early_resets
                0x10002510       0x2c CMakeFiles/blink.dir/C_/Users/mydre/.pico-sdk/sdk/2.2.0/src/rp2_common/pico_runtime_init/runtime_init.c.obj
                0x10002510                runtime_init_early_resets
 .text.runtime_init_usb_power_down
                0x1000253c       0x1c CMakeFiles/blink.dir/C_/Users/mydre/.pico-sdk/sdk/2.2.0/src/rp2_common/pico_runtime_init/runtime_init.c.obj
                0x1000253c                runtime_init_usb_power_down
 .text.runtime_init_post_clock_resets
                0x10002558       0x20 CMakeFiles/blink.dir/C_/Users/mydre/.pico-sdk/sdk/2.2.0/src/rp2_common/pico_runtime_init/runtime_init.c.obj
                0x10002558                runtime_init_post_clock_resets
 .text.runtime_init_rp2040_gpio_ie_disable
                0x10002578       0x14 CMakeFiles/blink.dir/C_/Users/mydre/.pico-sdk/sdk/2.2.0/src/rp2_common/pico_runtime_init/runtime_init.c.obj
                0x10002578                runtime_init_rp2040_gpio_ie_disable
 .text.runtime_init_spin_locks_reset
                0x1000258c        0x8 CMakeFiles/blink.dir/C_/Users/mydre/.pico-sdk/sdk/2.2.0/src/rp2_common/pico_runtime_init/runtime_init.c.obj
                0x1000258c                runtime_init_spin_locks_reset
 .text.runtime_init_install_ram_vector_table
                0x10002594       0x48 CMakeFiles/blink.dir/C_/Users/mydre/.pico-sdk/sdk/2.2.0/src/rp2_common/pico_runtime_init/runtime_init.c.obj
                0x10002594                runtime_init_install_ram_vector_table
 .text.start_all_ticks
                0x100025dc       0x28 CMakeFiles/blink.dir/C_/Users/mydre/.pico-sdk/sdk/2.2.0/src/rp2_common/pico_runtime_init/runtime_init_clocks.c.obj
 .text.runtime_init_clocks
                0x10002604       0xcc CMakeFiles/blink.dir/C_/Users/mydre/.pico-sdk/sdk/2.2.0/src/rp2_common/pico_runtime_init/runtime_init_clocks.c.obj
                0x10002604                runtime_init_clocks
 .text          0x100026d0       0x10 CMakeFiles/blink.dir/C_/Users/mydre/.pico-sdk/sdk/2.2.0/src/rp2_common/pico_bit_ops/bit_ops_aeabi.S.obj
 .text.__wrap___aeabi_idiv
                0x100026e0       0x50 CMakeFiles/blink.dir/C_/Users/mydre/.pico-sdk/sdk/2.2.0/src/rp2_common/pico_divider/divider_hardware.S.obj
                0x100026e0                __wrap___aeabi_idivmod
                0x100026e0                divmod_s32s32
                0x100026e0                div_s32s32
                0x100026e0                __wrap___aeabi_idiv
                0x100026e8                divmod_s32s32_unsafe
                0x10002714                divmod_s32s32_savestate
 .text.__wrap___aeabi_uidiv
                0x10002730       0x4c CMakeFiles/blink.dir/C_/Users/mydre/.pico-sdk/sdk/2.2.0/src/rp2_common/pico_divider/divider_hardware.S.obj
                0x10002730                __wrap___aeabi_uidiv
                0x10002730                __wrap___aeabi_uidivmod
                0x10002730                div_u32u32
                0x10002730                divmod_u32u32
                0x10002738                divmod_u32u32_unsafe
                0x10002760                divmod_u32u32_savestate
 .text.__wrap___aeabi_ldiv
                0x1000277c      0x424 CMakeFiles/blink.dir/C_/Users/mydre/.pico-sdk/sdk/2.2.0/src/rp2_common/pico_divider/divider_hardware.S.obj
                0x1000277c                div_s64s64
                0x1000277c                divmod_s64s64
                0x1000277c                __wrap___aeabi_ldivmod
                0x100027ac                divmod_u64u64
                0x100027ac                div_u64u64
                0x100027ac                __wrap___aeabi_uldivmod
                0x100027bc                divmod_u64u64_savestate
                0x100027dc                divmod_s64s64_unsafe
                0x10002864                divmod_u64u64_unsafe
 .text.push_r8_r11
                0x10002ba0        0xc CMakeFiles/blink.dir/C_/Users/mydre/.pico-sdk/sdk/2.2.0/src/rp2_common/pico_double/double_aeabi_rp2040.S.obj
                0x10002ba0                push_r8_r11
 .text.pop_r8_r11
                0x10002bac        0xc CMakeFiles/blink.dir/C_/Users/mydre/.pico-sdk/sdk/2.2.0/src/rp2_common/pico_double/double_aeabi_rp2040.S.obj
                0x10002bac                pop_r8_r11
 .text.__wrap___aeabi_darithmetic
                0x10002bb8       0x80 CMakeFiles/blink.dir/C_/Users/mydre/.pico-sdk/sdk/2.2.0/src/rp2_common/pico_double/double_aeabi_rp2040.S.obj
                0x10002bb8                __wrap___aeabi_drsub
                0x10002bbe                __wrap___aeabi_dsub
                0x10002bd0                __wrap___aeabi_dadd
                0x10002be2                __wrap___aeabi_ddiv
                0x10002c1e                __wrap___aeabi_dmul
 .text.__wrap___aeabi_cdcmple
                0x10002c38       0x6c CMakeFiles/blink.dir/C_/Users/mydre/.pico-sdk/sdk/2.2.0/src/rp2_common/pico_double/double_aeabi_rp2040.S.obj
                0x10002c38                __wrap___aeabi_cdrcmple
                0x10002c48                __wrap___aeabi_cdcmpeq
                0x10002c48                __wrap___aeabi_cdcmple
 .text.__wrap___aeabi_dcmplt
                0x10002ca4        0xc CMakeFiles/blink.dir/C_/Users/mydre/.pico-sdk/sdk/2.2.0/src/rp2_common/pico_double/double_aeabi_rp2040.S.obj
                0x10002ca4                __wrap___aeabi_dcmplt
 .text.__wrap___aeabi_dcmple
                0x10002cb0       0x10 CMakeFiles/blink.dir/C_/Users/mydre/.pico-sdk/sdk/2.2.0/src/rp2_common/pico_double/double_aeabi_rp2040.S.obj
                0x10002cb0                __wrap___aeabi_dcmple
 .text.__wrap___aeabi_dcmpge
                0x10002cc0       0x10 CMakeFiles/blink.dir/C_/Users/mydre/.pico-sdk/sdk/2.2.0/src/rp2_common/pico_double/double_aeabi_rp2040.S.obj
                0x10002cc0                __wrap___aeabi_dcmpge
 .text.__wrap___aeabi_dcmpgt
                0x10002cd0        0xa CMakeFiles/blink.dir/C_/Users/mydre/.pico-sdk/sdk/2.2.0/src/rp2_common/pico_double/double_aeabi_rp2040.S.obj
                0x10002cd0                __wrap___aeabi_dcmpgt
 .text.__wrap___aeabi_dcmpun
                0x10002cda       0x18 CMakeFiles/blink.dir/C_/Users/mydre/.pico-sdk/sdk/2.2.0/src/rp2_common/pico_double/double_aeabi_rp2040.S.obj
                0x10002cda                __wrap___aeabi_dcmpun
 *fill*         0x10002cf2        0x2 
 .text.__wrap___aeabi_i2d
                0x10002cf4       0x38 CMakeFiles/blink.dir/C_/Users/mydre/.pico-sdk/sdk/2.2.0/src/rp2_common/pico_double/double_aeabi_rp2040.S.obj
                0x10002cf4                uint2double
                0x10002cf4                __wrap___aeabi_ui2d
                0x10002cfc                int2double
                0x10002cfc                __wrap___aeabi_i2d
 .text.__wrap___aeabi_d2iz
                0x10002d2c       0x48 CMakeFiles/blink.dir/C_/Users/mydre/.pico-sdk/sdk/2.2.0/src/rp2_common/pico_double/double_aeabi_rp2040.S.obj
                0x10002d2c                double2int_z
                0x10002d2c                __wrap___aeabi_d2iz
 .text.__wrap___aeabi_d2uiz
                0x10002d74       0x18 CMakeFiles/blink.dir/C_/Users/mydre/.pico-sdk/sdk/2.2.0/src/rp2_common/pico_double/double_aeabi_rp2040.S.obj
                0x10002d74                double2uint
                0x10002d74                __wrap___aeabi_d2uiz
                0x10002d74                double2uint_z
 .text.fix642double
                0x10002d8c       0x18 CMakeFiles/blink.dir/C_/Users/mydre/.pico-sdk/sdk/2.2.0/src/rp2_common/pico_double/double_aeabi_rp2040.S.obj
                0x10002d8c                fix642double
 .text.__wrap___aeabi_d2f
                0x10002da4       0x18 CMakeFiles/blink.dir/C_/Users/mydre/.pico-sdk/sdk/2.2.0/src/rp2_common/pico_double/double_aeabi_rp2040.S.obj
                0x10002da4                __wrap___aeabi_d2f
 .text.__wrap_srqt
                0x10002dbc       0x18 CMakeFiles/blink.dir/C_/Users/mydre/.pico-sdk/sdk/2.2.0/src/rp2_common/pico_double/double_aeabi_rp2040.S.obj
                0x10002dbc                __wrap_sqrt
 .text.__wrap_sincostan_remainder
                0x10002dd4       0x14 CMakeFiles/blink.dir/C_/Users/mydre/.pico-sdk/sdk/2.2.0/src/rp2_common/pico_double/double_aeabi_rp2040.S.obj
                0x10002dd4                sincostan_remainder
 .text.__wrap_cos
                0x10002de8       0x2c CMakeFiles/blink.dir/C_/Users/mydre/.pico-sdk/sdk/2.2.0/src/rp2_common/pico_double/double_aeabi_rp2040.S.obj
                0x10002de8                __wrap_cos
 .text.__wrap_sin
                0x10002e14       0x2c CMakeFiles/blink.dir/C_/Users/mydre/.pico-sdk/sdk/2.2.0/src/rp2_common/pico_double/double_aeabi_rp2040.S.obj
                0x10002e14                __wrap_sin
 .text.__aeabi_double_init
                0x10002e40       0xcc CMakeFiles/blink.dir/C_/Users/mydre/.pico-sdk/sdk/2.2.0/src/rp2_common/pico_double/double_init_rom_rp2040.c.obj
                0x10002e40                __aeabi_double_init
 .text.drem_0   0x10002f0c      0x122 CMakeFiles/blink.dir/C_/Users/mydre/.pico-sdk/sdk/2.2.0/src/rp2_common/pico_double/double_math.c.obj
 *fill*         0x1000302e        0x2 
 .text.__wrap_floor
                0x10003030       0x98 CMakeFiles/blink.dir/C_/Users/mydre/.pico-sdk/sdk/2.2.0/src/rp2_common/pico_double/double_math.c.obj
                0x10003030                __wrap_floor
 .text.__wrap_remquo
                0x100030c8      0x184 CMakeFiles/blink.dir/C_/Users/mydre/.pico-sdk/sdk/2.2.0/src/rp2_common/pico_double/double_math.c.obj
                0x100030c8                __wrap_remquo
 .text.__wrap_remainder
                0x1000324c       0x10 CMakeFiles/blink.dir/C_/Users/mydre/.pico-sdk/sdk/2.2.0/src/rp2_common/pico_double/double_math.c.obj
                0x1000324c                __wrap_remainder
 .text.double_table_shim_on_use_helper
                0x1000325c       0x34 CMakeFiles/blink.dir/C_/Users/mydre/.pico-sdk/sdk/2.2.0/src/rp2_common/pico_double/double_v1_rom_shim_rp2040.S.obj
                0x1000325c                double_table_shim_on_use_helper
 .text.__wrap___aeabi_dsub
                0x10003290       0x10 CMakeFiles/blink.dir/C_/Users/mydre/.pico-sdk/sdk/2.2.0/src/rp2_common/pico_double/double_v1_rom_shim_rp2040.S.obj
                0x10003290                drsub_shim
                0x10003296                dsub_shim
 .text.dadd_shim
                0x100032a0      0x15c CMakeFiles/blink.dir/C_/Users/mydre/.pico-sdk/sdk/2.2.0/src/rp2_common/pico_double/double_v1_rom_shim_rp2040.S.obj
                0x100032a0                dadd_shim
 .text.dmul_shim
                0x100033fc      0x15c CMakeFiles/blink.dir/C_/Users/mydre/.pico-sdk/sdk/2.2.0/src/rp2_common/pico_double/double_v1_rom_shim_rp2040.S.obj
                0x100033fc                dmul_shim
 .text.ddiv_shim
                0x10003558      0x1b0 CMakeFiles/blink.dir/C_/Users/mydre/.pico-sdk/sdk/2.2.0/src/rp2_common/pico_double/double_v1_rom_shim_rp2040.S.obj
                0x10003558                ddiv_shim
 .text.dsqrt_shim
                0x10003708      0x1a8 CMakeFiles/blink.dir/C_/Users/mydre/.pico-sdk/sdk/2.2.0/src/rp2_common/pico_double/double_v1_rom_shim_rp2040.S.obj
                0x10003724                dsqrt_shim
 .text.dcordic_vec_step
                0x100038b0        0xe CMakeFiles/blink.dir/C_/Users/mydre/.pico-sdk/sdk/2.2.0/src/rp2_common/pico_double/double_v1_rom_shim_rp2040.S.obj
                0x100038b0                dcordic_vec_step
 .text.dcordic_rot_step
                0x100038be       0x76 CMakeFiles/blink.dir/C_/Users/mydre/.pico-sdk/sdk/2.2.0/src/rp2_common/pico_double/double_v1_rom_shim_rp2040.S.obj
                0x100038be                dcordic_rot_step
 .text.double2uint_shim
                0x10003934        0xe CMakeFiles/blink.dir/C_/Users/mydre/.pico-sdk/sdk/2.2.0/src/rp2_common/pico_double/double_v1_rom_shim_rp2040.S.obj
                0x10003934                double2uint_shim
                0x10003936                double2ufix_shim
 .text.double2int64_shim
                0x10003942       0x1a CMakeFiles/blink.dir/C_/Users/mydre/.pico-sdk/sdk/2.2.0/src/rp2_common/pico_double/double_v1_rom_shim_rp2040.S.obj
                0x10003942                double2int64_shim
                0x10003944                double2fix64_shim
 .text.double2uint64_shim
                0x1000395c       0x70 CMakeFiles/blink.dir/C_/Users/mydre/.pico-sdk/sdk/2.2.0/src/rp2_common/pico_double/double_v1_rom_shim_rp2040.S.obj
                0x1000395c                double2uint64_shim
                0x1000395e                double2ufix64_shim
                0x1000397e                d2fix_a
 .text.double2float_shim
                0x100039cc       0x5c CMakeFiles/blink.dir/C_/Users/mydre/.pico-sdk/sdk/2.2.0/src/rp2_common/pico_double/double_v1_rom_shim_rp2040.S.obj
                0x100039cc                double2float_shim
 .text.x2double_shims
                0x10003a28       0x90 CMakeFiles/blink.dir/C_/Users/mydre/.pico-sdk/sdk/2.2.0/src/rp2_common/pico_double/double_v1_rom_shim_rp2040.S.obj
                0x10003a28                uint2double_shim
                0x10003a2a                ufix2double_shim
                0x10003a30                int2double_shim
                0x10003a32                fix2double_shim
                0x10003a38                uint642double_shim
                0x10003a3a                ufix642double_shim
                0x10003a40                int642double_shim
                0x10003a42                fix642double_shim
 .text.dunpacks
                0x10003ab8       0x3c CMakeFiles/blink.dir/C_/Users/mydre/.pico-sdk/sdk/2.2.0/src/rp2_common/pico_double/double_v1_rom_shim_rp2040.S.obj
                0x10003ab8                dunpacks
 .text.dreduce  0x10003af4       0x82 CMakeFiles/blink.dir/C_/Users/mydre/.pico-sdk/sdk/2.2.0/src/rp2_common/pico_double/double_v1_rom_shim_rp2040.S.obj
                0x10003af4                dreduce
 .text.dcos_shim
                0x10003b76       0x10 CMakeFiles/blink.dir/C_/Users/mydre/.pico-sdk/sdk/2.2.0/src/rp2_common/pico_double/double_v1_rom_shim_rp2040.S.obj
                0x10003b76                dcos_shim
 .text.dsin_shim
                0x10003b86       0x14 CMakeFiles/blink.dir/C_/Users/mydre/.pico-sdk/sdk/2.2.0/src/rp2_common/pico_double/double_v1_rom_shim_rp2040.S.obj
                0x10003b86                dsin_shim
 *fill*         0x10003b9a        0x2 
 .text.dtrig_guts
                0x10003b9c      0x2ec CMakeFiles/blink.dir/C_/Users/mydre/.pico-sdk/sdk/2.2.0/src/rp2_common/pico_double/double_v1_rom_shim_rp2040.S.obj
                0x10003c74                datan2_shim
 .text.__aeabi_lmul
                0x10003e88       0x32 CMakeFiles/blink.dir/C_/Users/mydre/.pico-sdk/sdk/2.2.0/src/rp2_common/pico_int64_ops/pico_int64_ops_aeabi.S.obj
                0x10003e88                __wrap___aeabi_lmul
 *fill*         0x10003eba        0x2 
 .text.__wrap___aeabi_farithmetic
                0x10003ebc       0x58 CMakeFiles/blink.dir/C_/Users/mydre/.pico-sdk/sdk/2.2.0/src/rp2_common/pico_float/float_aeabi_rp2040.S.obj
                0x10003ebc                __wrap___aeabi_frsub
                0x10003ec2                __wrap___aeabi_fsub
                0x10003ecc                __wrap___aeabi_fadd
                0x10003ed6                __wrap___aeabi_fdiv
                0x10003f02                __wrap___aeabi_fmul
 .text.__wrap___aeabi_cfcmple
                0x10003f14       0x50 CMakeFiles/blink.dir/C_/Users/mydre/.pico-sdk/sdk/2.2.0/src/rp2_common/pico_float/float_aeabi_rp2040.S.obj
                0x10003f14                __wrap___aeabi_cfrcmple
                0x10003f20                __wrap___aeabi_cfcmple
                0x10003f20                __wrap___aeabi_cfcmpeq
 .text.__wrap___aeabi_fcmplt
                0x10003f64        0xc CMakeFiles/blink.dir/C_/Users/mydre/.pico-sdk/sdk/2.2.0/src/rp2_common/pico_float/float_aeabi_rp2040.S.obj
                0x10003f64                __wrap___aeabi_fcmplt
 .text.__wrap___aeabi_fcmpgt
                0x10003f70        0xa CMakeFiles/blink.dir/C_/Users/mydre/.pico-sdk/sdk/2.2.0/src/rp2_common/pico_float/float_aeabi_rp2040.S.obj
                0x10003f70                __wrap___aeabi_fcmpgt
 *fill*         0x10003f7a        0x2 
 .text.__wrap___aeabi_i2f
                0x10003f7c       0x44 CMakeFiles/blink.dir/C_/Users/mydre/.pico-sdk/sdk/2.2.0/src/rp2_common/pico_float/float_aeabi_rp2040.S.obj
                0x10003f7c                __wrap___aeabi_i2f
                0x10003f7c                int2float
 .text.__wrap___aeabi_f2iz
                0x10003fc0       0x4e CMakeFiles/blink.dir/C_/Users/mydre/.pico-sdk/sdk/2.2.0/src/rp2_common/pico_float/float_aeabi_rp2040.S.obj
                0x10003fc0                float2int_z
                0x10003fc0                __wrap___aeabi_f2iz
 *fill*         0x1000400e        0x2 
 .text.float2int
                0x10004010       0x14 CMakeFiles/blink.dir/C_/Users/mydre/.pico-sdk/sdk/2.2.0/src/rp2_common/pico_float/float_aeabi_rp2040.S.obj
                0x10004010                float2int
 .text.__wrap___aeabi_f2uiz
                0x10004024       0x10 CMakeFiles/blink.dir/C_/Users/mydre/.pico-sdk/sdk/2.2.0/src/rp2_common/pico_float/float_aeabi_rp2040.S.obj
                0x10004024                float2uint_z
                0x10004024                __wrap___aeabi_f2uiz
                0x10004024                float2uint
 .text.__aeabi_float_init
                0x10004034       0xfc CMakeFiles/blink.dir/C_/Users/mydre/.pico-sdk/sdk/2.2.0/src/rp2_common/pico_float/float_init_rom_rp2040.c.obj
                0x10004034                __aeabi_float_init
 .text.float_table_shim_on_use_helper
                0x10004130       0x34 CMakeFiles/blink.dir/C_/Users/mydre/.pico-sdk/sdk/2.2.0/src/rp2_common/pico_float/float_v1_rom_shim_rp2040.S.obj
                0x10004130                float_table_shim_on_use_helper
 .text.float232_shims
                0x10004164       0x18 CMakeFiles/blink.dir/C_/Users/mydre/.pico-sdk/sdk/2.2.0/src/rp2_common/pico_float/float_v1_rom_shim_rp2040.S.obj
                0x10004164                float2int_shim
                0x10004166                float2fix_shim
 .text.check_alloc
                0x1000417c       0x20 CMakeFiles/blink.dir/C_/Users/mydre/.pico-sdk/sdk/2.2.0/src/rp2_common/pico_malloc/malloc.c.obj
 .text.__wrap_malloc
                0x1000419c       0x14 CMakeFiles/blink.dir/C_/Users/mydre/.pico-sdk/sdk/2.2.0/src/rp2_common/pico_malloc/malloc.c.obj
                0x1000419c                __wrap_malloc
 .text.__wrap_free
                0x100041b0        0x8 CMakeFiles/blink.dir/C_/Users/mydre/.pico-sdk/sdk/2.2.0/src/rp2_common/pico_malloc/malloc.c.obj
                0x100041b0                __wrap_free
 .text          0x100041b8       0x10 CMakeFiles/blink.dir/C_/Users/mydre/.pico-sdk/sdk/2.2.0/src/rp2_common/pico_mem_ops/mem_ops_aeabi.S.obj
                0x100041b8                __aeabi_mem_init
 .text.memset   0x100041c8        0xc CMakeFiles/blink.dir/C_/Users/mydre/.pico-sdk/sdk/2.2.0/src/rp2_common/pico_mem_ops/mem_ops_aeabi.S.obj
                0x100041c8                __wrap_memset
 .text.memcpy   0x100041d4        0xc CMakeFiles/blink.dir/C_/Users/mydre/.pico-sdk/sdk/2.2.0/src/rp2_common/pico_mem_ops/mem_ops_aeabi.S.obj
                0x100041d4                __wrap_memcpy
                0x100041d4                __wrap___aeabi_memcpy
 .text._Znaj    0x100041e0        0x8 CMakeFiles/blink.dir/C_/Users/mydre/.pico-sdk/sdk/2.2.0/src/rp2_common/pico_cxx_options/new_delete.cpp.obj
                0x100041e0                operator new[](unsigned int)
 .text._ZdaPv   0x100041e8        0x8 CMakeFiles/blink.dir/C_/Users/mydre/.pico-sdk/sdk/2.2.0/src/rp2_common/pico_cxx_options/new_delete.cpp.obj
                0x100041e8                operator delete[](void*)
 .text._out_null
                0x100041f0        0x2 CMakeFiles/blink.dir/C_/Users/mydre/.pico-sdk/sdk/2.2.0/src/rp2_common/pico_printf/printf.c.obj
 .text._out_fct
                0x100041f2        0xe CMakeFiles/blink.dir/C_/Users/mydre/.pico-sdk/sdk/2.2.0/src/rp2_common/pico_printf/printf.c.obj
 .text._atoi    0x10004200       0x24 CMakeFiles/blink.dir/C_/Users/mydre/.pico-sdk/sdk/2.2.0/src/rp2_common/pico_printf/printf.c.obj
 .text._out_rev
                0x10004224       0xb0 CMakeFiles/blink.dir/C_/Users/mydre/.pico-sdk/sdk/2.2.0/src/rp2_common/pico_printf/printf.c.obj
 .text._ntoa_format
                0x100042d4      0x10e CMakeFiles/blink.dir/C_/Users/mydre/.pico-sdk/sdk/2.2.0/src/rp2_common/pico_printf/printf.c.obj
 .text._ntoa_long
                0x100043e2       0xbc CMakeFiles/blink.dir/C_/Users/mydre/.pico-sdk/sdk/2.2.0/src/rp2_common/pico_printf/printf.c.obj
 .text._ntoa_long_long
                0x1000449e      0x10e CMakeFiles/blink.dir/C_/Users/mydre/.pico-sdk/sdk/2.2.0/src/rp2_common/pico_printf/printf.c.obj
 .text._etoa    0x100045ac      0x424 CMakeFiles/blink.dir/C_/Users/mydre/.pico-sdk/sdk/2.2.0/src/rp2_common/pico_printf/printf.c.obj
 .text._ftoa    0x100049d0      0x348 CMakeFiles/blink.dir/C_/Users/mydre/.pico-sdk/sdk/2.2.0/src/rp2_common/pico_printf/printf.c.obj
 .text._vsnprintf
                0x10004d18      0x6a4 CMakeFiles/blink.dir/C_/Users/mydre/.pico-sdk/sdk/2.2.0/src/rp2_common/pico_printf/printf.c.obj
 .text.vfctprintf
                0x100053bc       0x24 CMakeFiles/blink.dir/C_/Users/mydre/.pico-sdk/sdk/2.2.0/src/rp2_common/pico_printf/printf.c.obj
                0x100053bc                vfctprintf
 .text._exit    0x100053e0        0x4 CMakeFiles/blink.dir/C_/Users/mydre/.pico-sdk/sdk/2.2.0/src/rp2_common/pico_clib_interface/newlib_interface.c.obj
                0x100053e0                _exit
 .text._sbrk    0x100053e4       0x38 CMakeFiles/blink.dir/C_/Users/mydre/.pico-sdk/sdk/2.2.0/src/rp2_common/pico_clib_interface/newlib_interface.c.obj
                0x100053e4                _sbrk
 .text._read    0x1000541c       0x24 CMakeFiles/blink.dir/C_/Users/mydre/.pico-sdk/sdk/2.2.0/src/rp2_common/pico_clib_interface/newlib_interface.c.obj
                0x1000541c                _read
 .text._write   0x10005440       0x22 CMakeFiles/blink.dir/C_/Users/mydre/.pico-sdk/sdk/2.2.0/src/rp2_common/pico_clib_interface/newlib_interface.c.obj
                0x10005440                _write
 .text._close   0x10005462        0x6 CMakeFiles/blink.dir/C_/Users/mydre/.pico-sdk/sdk/2.2.0/src/rp2_common/pico_clib_interface/newlib_interface.c.obj
                0x10005462                _close
 .text._lseek   0x10005468        0x6 CMakeFiles/blink.dir/C_/Users/mydre/.pico-sdk/sdk/2.2.0/src/rp2_common/pico_clib_interface/newlib_interface.c.obj
                0x10005468                _lseek
 .text._fstat   0x1000546e        0x6 CMakeFiles/blink.dir/C_/Users/mydre/.pico-sdk/sdk/2.2.0/src/rp2_common/pico_clib_interface/newlib_interface.c.obj
                0x1000546e                _fstat
 .text._isatty  0x10005474        0xc CMakeFiles/blink.dir/C_/Users/mydre/.pico-sdk/sdk/2.2.0/src/rp2_common/pico_clib_interface/newlib_interface.c.obj
                0x10005474                _isatty
 .text.exit     0x10005480        0x6 CMakeFiles/blink.dir/C_/Users/mydre/.pico-sdk/sdk/2.2.0/src/rp2_common/pico_clib_interface/newlib_interface.c.obj
                0x10005480                exit
 *fill*         0x10005486        0x2 
 .text.__assert_func
                0x10005488       0x38 CMakeFiles/blink.dir/C_/Users/mydre/.pico-sdk/sdk/2.2.0/src/rp2_common/pico_clib_interface/newlib_interface.c.obj
                0x10005488                __assert_func
 .text.runtime_init
                0x100054c0       0x28 CMakeFiles/blink.dir/C_/Users/mydre/.pico-sdk/sdk/2.2.0/src/rp2_common/pico_clib_interface/newlib_interface.c.obj
                0x100054c0                runtime_init
 .text.stdio_out_chars_no_crlf
                0x100054e8        0xe CMakeFiles/blink.dir/C_/Users/mydre/.pico-sdk/sdk/2.2.0/src/rp2_common/pico_stdio/stdio.c.obj
 *fill*         0x100054f6        0x2 
 .text.stdio_out_chars_crlf
                0x100054f8       0x80 CMakeFiles/blink.dir/C_/Users/mydre/.pico-sdk/sdk/2.2.0/src/rp2_common/pico_stdio/stdio.c.obj
 .text.stdio_stack_buffer_flush
                0x10005578       0x44 CMakeFiles/blink.dir/C_/Users/mydre/.pico-sdk/sdk/2.2.0/src/rp2_common/pico_stdio/stdio.c.obj
 .text.stdio_buffered_printer
                0x100055bc       0x20 CMakeFiles/blink.dir/C_/Users/mydre/.pico-sdk/sdk/2.2.0/src/rp2_common/pico_stdio/stdio.c.obj
 .text.stdout_serialize_begin
                0x100055dc       0x30 CMakeFiles/blink.dir/C_/Users/mydre/.pico-sdk/sdk/2.2.0/src/rp2_common/pico_stdio/stdio.c.obj
                0x100055dc                stdout_serialize_begin
 .text.stdout_serialize_end
                0x1000560c       0x10 CMakeFiles/blink.dir/C_/Users/mydre/.pico-sdk/sdk/2.2.0/src/rp2_common/pico_stdio/stdio.c.obj
                0x1000560c                stdout_serialize_end
 .text.stdio_put_string
                0x1000561c       0x94 CMakeFiles/blink.dir/C_/Users/mydre/.pico-sdk/sdk/2.2.0/src/rp2_common/pico_stdio/stdio.c.obj
                0x1000561c                stdio_put_string
 .text.stdio_get_until
                0x100056b0       0x74 CMakeFiles/blink.dir/C_/Users/mydre/.pico-sdk/sdk/2.2.0/src/rp2_common/pico_stdio/stdio.c.obj
                0x100056b0                stdio_get_until
 .text.stdio_flush
                0x10005724       0x20 CMakeFiles/blink.dir/C_/Users/mydre/.pico-sdk/sdk/2.2.0/src/rp2_common/pico_stdio/stdio.c.obj
                0x10005724                stdio_flush
 .text.__wrap_puts
                0x10005744       0x1e CMakeFiles/blink.dir/C_/Users/mydre/.pico-sdk/sdk/2.2.0/src/rp2_common/pico_stdio/stdio.c.obj
                0x10005744                stdio_puts
                0x10005744                __wrap_puts
 *fill*         0x10005762        0x2 
 .text.__wrap_vprintf
                0x10005764       0x40 CMakeFiles/blink.dir/C_/Users/mydre/.pico-sdk/sdk/2.2.0/src/rp2_common/pico_stdio/stdio.c.obj
                0x10005764                stdio_vprintf
                0x10005764                __wrap_vprintf
 .text.__wrap_printf
                0x100057a4       0x18 CMakeFiles/blink.dir/C_/Users/mydre/.pico-sdk/sdk/2.2.0/src/rp2_common/pico_stdio/stdio.c.obj
                0x100057a4                __wrap_printf
                0x100057a4                stdio_printf
 .text.spi_unreset
                0x100057bc       0x2c CMakeFiles/blink.dir/C_/Users/mydre/.pico-sdk/sdk/2.2.0/src/rp2_common/hardware_spi/spi.c.obj
 .text.spi_set_baudrate
                0x100057e8       0xb4 CMakeFiles/blink.dir/C_/Users/mydre/.pico-sdk/sdk/2.2.0/src/rp2_common/hardware_spi/spi.c.obj
                0x100057e8                spi_set_baudrate
 .text.spi_init
                0x1000589c       0x70 CMakeFiles/blink.dir/C_/Users/mydre/.pico-sdk/sdk/2.2.0/src/rp2_common/hardware_spi/spi.c.obj
                0x1000589c                spi_init
 .text.i2c_unreset
                0x1000590c       0x2c CMakeFiles/blink.dir/C_/Users/mydre/.pico-sdk/sdk/2.2.0/src/rp2_common/hardware_i2c/i2c.c.obj
 .text.i2c_write_blocking_internal
                0x10005938      0x158 CMakeFiles/blink.dir/C_/Users/mydre/.pico-sdk/sdk/2.2.0/src/rp2_common/hardware_i2c/i2c.c.obj
 .text.i2c_read_blocking_internal
                0x10005a90      0x102 CMakeFiles/blink.dir/C_/Users/mydre/.pico-sdk/sdk/2.2.0/src/rp2_common/hardware_i2c/i2c.c.obj
 *fill*         0x10005b92        0x2 
 .text.i2c_set_baudrate
                0x10005b94       0xf0 CMakeFiles/blink.dir/C_/Users/mydre/.pico-sdk/sdk/2.2.0/src/rp2_common/hardware_i2c/i2c.c.obj
                0x10005b94                i2c_set_baudrate
 .text.i2c_init
                0x10005c84       0x54 CMakeFiles/blink.dir/C_/Users/mydre/.pico-sdk/sdk/2.2.0/src/rp2_common/hardware_i2c/i2c.c.obj
                0x10005c84                i2c_init
 .text.i2c_write_blocking
                0x10005cd8       0x18 CMakeFiles/blink.dir/C_/Users/mydre/.pico-sdk/sdk/2.2.0/src/rp2_common/hardware_i2c/i2c.c.obj
                0x10005cd8                i2c_write_blocking
 .text.i2c_read_blocking
                0x10005cf0       0x18 CMakeFiles/blink.dir/C_/Users/mydre/.pico-sdk/sdk/2.2.0/src/rp2_common/hardware_i2c/i2c.c.obj
                0x10005cf0                i2c_read_blocking
 .text.adc_init
                0x10005d08       0x34 CMakeFiles/blink.dir/C_/Users/mydre/.pico-sdk/sdk/2.2.0/src/rp2_common/hardware_adc/adc.c.obj
                0x10005d08                adc_init
 .text.malloc   0x10005d3c       0x14 C:/Users/mydre/.pico-sdk/toolchain/14_2_Rel1/bin/../lib/gcc/arm-none-eabi/14.2.1/thumb/v6-m/nofp\libg.a(libc_a-malloc.o)
                0x10005d3c                malloc
 .text.free     0x10005d50       0x14 C:/Users/mydre/.pico-sdk/toolchain/14_2_Rel1/bin/../lib/gcc/arm-none-eabi/14.2.1/thumb/v6-m/nofp\libg.a(libc_a-malloc.o)
                0x10005d50                free
 .text._malloc_r
                0x10005d64      0x5cc C:/Users/mydre/.pico-sdk/toolchain/14_2_Rel1/bin/../lib/gcc/arm-none-eabi/14.2.1/thumb/v6-m/nofp\libg.a(libc_a-mallocr.o)
                0x10005d64                _malloc_r
 .text.__malloc_lock
                0x10006330       0x10 C:/Users/mydre/.pico-sdk/toolchain/14_2_Rel1/bin/../lib/gcc/arm-none-eabi/14.2.1/thumb/v6-m/nofp\libg.a(libc_a-mlock.o)
                0x10006330                __malloc_lock
 .text.__malloc_unlock
                0x10006340       0x10 C:/Users/mydre/.pico-sdk/toolchain/14_2_Rel1/bin/../lib/gcc/arm-none-eabi/14.2.1/thumb/v6-m/nofp\libg.a(libc_a-mlock.o)
                0x10006340                __malloc_unlock
 .text._realloc_r
                0x10006350      0x350 C:/Users/mydre/.pico-sdk/toolchain/14_2_Rel1/bin/../lib/gcc/arm-none-eabi/14.2.1/thumb/v6-m/nofp\libg.a(libc_a-reallocr.o)
                0x10006350                _realloc_r
 .text.fputc    0x100066a0       0x58 C:/Users/mydre/.pico-sdk/toolchain/14_2_Rel1/bin/../lib/gcc/arm-none-eabi/14.2.1/thumb/v6-m/nofp\libg.a(libc_a-fputc.o)
                0x100066a0                fputc
 .text._fwrite_r
                0x100066f8       0xfc C:/Users/mydre/.pico-sdk/toolchain/14_2_Rel1/bin/../lib/gcc/arm-none-eabi/14.2.1/thumb/v6-m/nofp\libg.a(libc_a-fwrite.o)
                0x100066f8                _fwrite_r
 .text.fwrite   0x100067f4       0x20 C:/Users/mydre/.pico-sdk/toolchain/14_2_Rel1/bin/../lib/gcc/arm-none-eabi/14.2.1/thumb/v6-m/nofp\libg.a(libc_a-fwrite.o)
                0x100067f4                fwrite
 .text._putc_r  0x10006814       0x74 C:/Users/mydre/.pico-sdk/toolchain/14_2_Rel1/bin/../lib/gcc/arm-none-eabi/14.2.1/thumb/v6-m/nofp\libg.a(libc_a-putc.o)
                0x10006814                _putc_r
 .text.__swbuf_r
                0x10006888       0xcc C:/Users/mydre/.pico-sdk/toolchain/14_2_Rel1/bin/../lib/gcc/arm-none-eabi/14.2.1/thumb/v6-m/nofp\libg.a(libc_a-wbuf.o)
                0x10006888                __swbuf_r
 .text.__swsetup_r
                0x10006954       0xf8 C:/Users/mydre/.pico-sdk/toolchain/14_2_Rel1/bin/../lib/gcc/arm-none-eabi/14.2.1/thumb/v6-m/nofp\libg.a(libc_a-wsetup.o)
                0x10006954                __swsetup_r
 .text.memmove  0x10006a4c       0xc4 C:/Users/mydre/.pico-sdk/toolchain/14_2_Rel1/bin/../lib/gcc/arm-none-eabi/14.2.1/thumb/v6-m/nofp\libg.a(libc_a-memmove.o)
                0x10006a4c                memmove
 .text._sbrk_r  0x10006b10       0x24 C:/Users/mydre/.pico-sdk/toolchain/14_2_Rel1/bin/../lib/gcc/arm-none-eabi/14.2.1/thumb/v6-m/nofp\libg.a(libc_a-sbrkr.o)
                0x10006b10                _sbrk_r
 .text.__errno  0x10006b34        0xc C:/Users/mydre/.pico-sdk/toolchain/14_2_Rel1/bin/../lib/gcc/arm-none-eabi/14.2.1/thumb/v6-m/nofp\libg.a(libc_a-errno.o)
                0x10006b34                __errno
 .text.__retarget_lock_init_recursive
                0x10006b40        0x4 C:/Users/mydre/.pico-sdk/toolchain/14_2_Rel1/bin/../lib/gcc/arm-none-eabi/14.2.1/thumb/v6-m/nofp\libg.a(libc_a-lock.o)
                0x10006b40                __retarget_lock_init_recursive
 .text.__retarget_lock_close_recursive
                0x10006b44        0x4 C:/Users/mydre/.pico-sdk/toolchain/14_2_Rel1/bin/../lib/gcc/arm-none-eabi/14.2.1/thumb/v6-m/nofp\libg.a(libc_a-lock.o)
                0x10006b44                __retarget_lock_close_recursive
 .text.__retarget_lock_acquire_recursive
                0x10006b48        0x4 C:/Users/mydre/.pico-sdk/toolchain/14_2_Rel1/bin/../lib/gcc/arm-none-eabi/14.2.1/thumb/v6-m/nofp\libg.a(libc_a-lock.o)
                0x10006b48                __retarget_lock_acquire_recursive
 .text.__retarget_lock_release_recursive
                0x10006b4c        0x4 C:/Users/mydre/.pico-sdk/toolchain/14_2_Rel1/bin/../lib/gcc/arm-none-eabi/14.2.1/thumb/v6-m/nofp\libg.a(libc_a-lock.o)
                0x10006b4c                __retarget_lock_release_recursive
 .text.sysconf  0x10006b50       0x1c C:/Users/mydre/.pico-sdk/toolchain/14_2_Rel1/bin/../lib/gcc/arm-none-eabi/14.2.1/thumb/v6-m/nofp\libg.a(libc_a-sysconf.o)
                0x10006b50                sysconf
 .text.strlen   0x10006b6c       0x5c C:/Users/mydre/.pico-sdk/toolchain/14_2_Rel1/bin/../lib/gcc/arm-none-eabi/14.2.1/thumb/v6-m/nofp\libg.a(libc_a-strlen-stub.o)
                0x10006b6c                strlen
 .text._malloc_trim_r
                0x10006bc8       0xb4 C:/Users/mydre/.pico-sdk/toolchain/14_2_Rel1/bin/../lib/gcc/arm-none-eabi/14.2.1/thumb/v6-m/nofp\libg.a(libc_a-freer.o)
                0x10006bc8                _malloc_trim_r
 .text._free_r  0x10006c7c      0x1f0 C:/Users/mydre/.pico-sdk/toolchain/14_2_Rel1/bin/../lib/gcc/arm-none-eabi/14.2.1/thumb/v6-m/nofp\libg.a(libc_a-freer.o)
                0x10006c7c                _free_r
 .text.__sflush_r
                0x10006e6c      0x13c C:/Users/mydre/.pico-sdk/toolchain/14_2_Rel1/bin/../lib/gcc/arm-none-eabi/14.2.1/thumb/v6-m/nofp\libg.a(libc_a-fflush.o)
                0x10006e6c                __sflush_r
 .text._fflush_r
                0x10006fa8       0x68 C:/Users/mydre/.pico-sdk/toolchain/14_2_Rel1/bin/../lib/gcc/arm-none-eabi/14.2.1/thumb/v6-m/nofp\libg.a(libc_a-fflush.o)
                0x10006fa8                _fflush_r
 .text.stdio_exit_handler
                0x10007010       0x1c C:/Users/mydre/.pico-sdk/toolchain/14_2_Rel1/bin/../lib/gcc/arm-none-eabi/14.2.1/thumb/v6-m/nofp\libg.a(libc_a-findfp.o)
 .text.cleanup_stdio
                0x1000702c       0x3c C:/Users/mydre/.pico-sdk/toolchain/14_2_Rel1/bin/../lib/gcc/arm-none-eabi/14.2.1/thumb/v6-m/nofp\libg.a(libc_a-findfp.o)
 .text.global_stdio_init.part.0
                0x10007068      0x118 C:/Users/mydre/.pico-sdk/toolchain/14_2_Rel1/bin/../lib/gcc/arm-none-eabi/14.2.1/thumb/v6-m/nofp\libg.a(libc_a-findfp.o)
 .text.__sinit  0x10007180       0x38 C:/Users/mydre/.pico-sdk/toolchain/14_2_Rel1/bin/../lib/gcc/arm-none-eabi/14.2.1/thumb/v6-m/nofp\libg.a(libc_a-findfp.o)
                0x10007180                __sinit
 .text.__sfp_lock_acquire
                0x100071b8       0x10 C:/Users/mydre/.pico-sdk/toolchain/14_2_Rel1/bin/../lib/gcc/arm-none-eabi/14.2.1/thumb/v6-m/nofp\libg.a(libc_a-findfp.o)
                0x100071b8                __sfp_lock_acquire
 .text.__sfp_lock_release
                0x100071c8       0x10 C:/Users/mydre/.pico-sdk/toolchain/14_2_Rel1/bin/../lib/gcc/arm-none-eabi/14.2.1/thumb/v6-m/nofp\libg.a(libc_a-findfp.o)
                0x100071c8                __sfp_lock_release
 .text.__sfvwrite_r
                0x100071d8      0x2e8 C:/Users/mydre/.pico-sdk/toolchain/14_2_Rel1/bin/../lib/gcc/arm-none-eabi/14.2.1/thumb/v6-m/nofp\libg.a(libc_a-fvwrite.o)
                0x100071d8                __sfvwrite_r
 .text._fwalk_sglue
                0x100074c0       0x44 C:/Users/mydre/.pico-sdk/toolchain/14_2_Rel1/bin/../lib/gcc/arm-none-eabi/14.2.1/thumb/v6-m/nofp\libg.a(libc_a-fwalk.o)
                0x100074c0                _fwalk_sglue
 .text.__smakebuf_r
                0x10007504       0xd4 C:/Users/mydre/.pico-sdk/toolchain/14_2_Rel1/bin/../lib/gcc/arm-none-eabi/14.2.1/thumb/v6-m/nofp\libg.a(libc_a-makebuf.o)
                0x10007504                __smakebuf_r
 .text.__sread  0x100075d8       0x28 C:/Users/mydre/.pico-sdk/toolchain/14_2_Rel1/bin/../lib/gcc/arm-none-eabi/14.2.1/thumb/v6-m/nofp\libg.a(libc_a-stdio.o)
                0x100075d8                __sread
 .text.__swrite
                0x10007600       0x40 C:/Users/mydre/.pico-sdk/toolchain/14_2_Rel1/bin/../lib/gcc/arm-none-eabi/14.2.1/thumb/v6-m/nofp\libg.a(libc_a-stdio.o)
                0x10007600                __swrite
 .text.__sseek  0x10007640       0x2c C:/Users/mydre/.pico-sdk/toolchain/14_2_Rel1/bin/../lib/gcc/arm-none-eabi/14.2.1/thumb/v6-m/nofp\libg.a(libc_a-stdio.o)
                0x10007640                __sseek
 .text.__sclose
                0x1000766c        0xc C:/Users/mydre/.pico-sdk/toolchain/14_2_Rel1/bin/../lib/gcc/arm-none-eabi/14.2.1/thumb/v6-m/nofp\libg.a(libc_a-stdio.o)
                0x1000766c                __sclose
 .text._close_r
                0x10007678       0x24 C:/Users/mydre/.pico-sdk/toolchain/14_2_Rel1/bin/../lib/gcc/arm-none-eabi/14.2.1/thumb/v6-m/nofp\libg.a(libc_a-closer.o)
                0x10007678                _close_r
 .text._fstat_r
                0x1000769c       0x28 C:/Users/mydre/.pico-sdk/toolchain/14_2_Rel1/bin/../lib/gcc/arm-none-eabi/14.2.1/thumb/v6-m/nofp\libg.a(libc_a-fstatr.o)
                0x1000769c                _fstat_r
 .text._isatty_r
                0x100076c4       0x24 C:/Users/mydre/.pico-sdk/toolchain/14_2_Rel1/bin/../lib/gcc/arm-none-eabi/14.2.1/thumb/v6-m/nofp\libg.a(libc_a-isattyr.o)
                0x100076c4                _isatty_r
 .text._lseek_r
                0x100076e8       0x28 C:/Users/mydre/.pico-sdk/toolchain/14_2_Rel1/bin/../lib/gcc/arm-none-eabi/14.2.1/thumb/v6-m/nofp\libg.a(libc_a-lseekr.o)
                0x100076e8                _lseek_r
 .text._read_r  0x10007710       0x28 C:/Users/mydre/.pico-sdk/toolchain/14_2_Rel1/bin/../lib/gcc/arm-none-eabi/14.2.1/thumb/v6-m/nofp\libg.a(libc_a-readr.o)
                0x10007710                _read_r
 .text._write_r
                0x10007738       0x28 C:/Users/mydre/.pico-sdk/toolchain/14_2_Rel1/bin/../lib/gcc/arm-none-eabi/14.2.1/thumb/v6-m/nofp\libg.a(libc_a-writer.o)
                0x10007738                _write_r
 .text.memchr   0x10007760       0x7c C:/Users/mydre/.pico-sdk/toolchain/14_2_Rel1/bin/../lib/gcc/arm-none-eabi/14.2.1/thumb/v6-m/nofp\libg.a(libc_a-memchr-stub.o)
                0x10007760                memchr
 .text._fclose_r
                0x100077dc       0xcc C:/Users/mydre/.pico-sdk/toolchain/14_2_Rel1/bin/../lib/gcc/arm-none-eabi/14.2.1/thumb/v6-m/nofp\libg.a(libc_a-fclose.o)
                0x100077dc                _fclose_r
 *(.fini)
 .fini          0x100078a8        0x4 C:/Users/mydre/.pico-sdk/toolchain/14_2_Rel1/bin/../lib/gcc/arm-none-eabi/14.2.1/thumb/v6-m/nofp/crti.o
                0x100078a8                _fini
 *fill*         0x100078ac        0x4 
 .fini.__stub   0x100078b0       0x50 linker stubs
 *crtbegin.o(.ctors)
 *crtbegin?.o(.ctors)
 *(EXCLUDE_FILE(*crtend.o *crtend?.o) .ctors)
 *(SORT_BY_NAME(.ctors.*))
 *(.ctors)
 *crtbegin.o(.dtors)
 *crtbegin?.o(.dtors)
 *(EXCLUDE_FILE(*crtend.o *crtend?.o) .dtors)
 *(SORT_BY_NAME(.dtors.*))
 *(.dtors)
                0x10007900                        . = ALIGN (0x4)
                0x10007900                        PROVIDE (__preinit_array_start = .)
 *(SORT_BY_NAME(.preinit_array.*))
 .preinit_array.00100
                0x10007900        0x4 CMakeFiles/blink.dir/C_/Users/mydre/.pico-sdk/sdk/2.2.0/src/rp2_common/pico_runtime_init/runtime_init.c.obj
                0x10007900                __pre_init_runtime_init_early_resets
 .preinit_array.00101
                0x10007904        0x4 CMakeFiles/blink.dir/C_/Users/mydre/.pico-sdk/sdk/2.2.0/src/rp2_common/pico_runtime_init/runtime_init.c.obj
                0x10007904                __pre_init_runtime_init_usb_power_down
 .preinit_array.00275
                0x10007908        0x4 CMakeFiles/blink.dir/C_/Users/mydre/.pico-sdk/sdk/2.2.0/src/rp2_common/pico_bit_ops/bit_ops_aeabi.S.obj
 .preinit_array.00300
                0x1000790c        0x4 CMakeFiles/blink.dir/C_/Users/mydre/.pico-sdk/sdk/2.2.0/src/rp2_common/pico_mem_ops/mem_ops_aeabi.S.obj
 .preinit_array.00350
                0x10007910        0x4 CMakeFiles/blink.dir/C_/Users/mydre/.pico-sdk/sdk/2.2.0/src/rp2_common/pico_double/double_aeabi_rp2040.S.obj
 .preinit_array.00350
                0x10007914        0x4 CMakeFiles/blink.dir/C_/Users/mydre/.pico-sdk/sdk/2.2.0/src/rp2_common/pico_float/float_aeabi_rp2040.S.obj
 .preinit_array.00500
                0x10007918        0x4 CMakeFiles/blink.dir/C_/Users/mydre/.pico-sdk/sdk/2.2.0/src/rp2_common/pico_runtime_init/runtime_init.c.obj
                0x10007918                __pre_init_runtime_init_clocks
 .preinit_array.00600
                0x1000791c        0x4 CMakeFiles/blink.dir/C_/Users/mydre/.pico-sdk/sdk/2.2.0/src/rp2_common/pico_runtime_init/runtime_init.c.obj
                0x1000791c                __pre_init_runtime_init_post_clock_resets
 .preinit_array.00700
                0x10007920        0x4 CMakeFiles/blink.dir/C_/Users/mydre/.pico-sdk/sdk/2.2.0/src/rp2_common/pico_runtime_init/runtime_init.c.obj
                0x10007920                __pre_init_runtime_init_rp2040_gpio_ie_disable
 .preinit_array.01000
                0x10007924        0x4 CMakeFiles/blink.dir/C_/Users/mydre/.pico-sdk/sdk/2.2.0/src/rp2_common/pico_runtime_init/runtime_init.c.obj
                0x10007924                __pre_init_runtime_init_spin_locks_reset
 .preinit_array.01100
                0x10007928        0x4 CMakeFiles/blink.dir/C_/Users/mydre/.pico-sdk/sdk/2.2.0/src/common/pico_sync/mutex.c.obj
                0x10007928                __pre_init_runtime_init_mutex
 .preinit_array.10080
                0x1000792c        0x4 CMakeFiles/blink.dir/C_/Users/mydre/.pico-sdk/sdk/2.2.0/src/rp2_common/pico_runtime_init/runtime_init.c.obj
                0x1000792c                __pre_init_runtime_init_install_ram_vector_table
 .preinit_array.11000
                0x10007930        0x4 CMakeFiles/blink.dir/C_/Users/mydre/.pico-sdk/sdk/2.2.0/src/common/pico_time/time.c.obj
                0x10007930                __pre_init_runtime_init_default_alarm_pool
 .preinit_array.YYYYY
                0x10007934        0x4 CMakeFiles/blink.dir/C_/Users/mydre/.pico-sdk/sdk/2.2.0/src/rp2_common/pico_runtime/runtime.c.obj
                0x10007934                __pre_init_first_per_core_initializer
 .preinit_array.ZZZZZ.01200
                0x10007938        0x4 CMakeFiles/blink.dir/C_/Users/mydre/.pico-sdk/sdk/2.2.0/src/rp2_common/hardware_irq/irq.c.obj
                0x10007938                __pre_init_runtime_init_per_core_irq_priorities
 *(.preinit_array)
                0x1000793c                        PROVIDE (__preinit_array_end = .)
                0x1000793c                        . = ALIGN (0x4)
                0x1000793c                        PROVIDE (__init_array_start = .)
 *(SORT_BY_NAME(.init_array.*))
 *(.init_array)
 .init_array    0x1000793c        0x4 C:/Users/mydre/.pico-sdk/toolchain/14_2_Rel1/bin/../lib/gcc/arm-none-eabi/14.2.1/thumb/v6-m/nofp/crtbegin.o
                0x10007940                        PROVIDE (__init_array_end = .)
                0x10007940                        . = ALIGN (0x4)
                [!provide]                        PROVIDE (__fini_array_start = .)
 *(SORT_BY_NAME(.fini_array.*))
 *(.fini_array)
                [!provide]                        PROVIDE (__fini_array_end = .)
 *(.eh_frame*)
 .eh_frame      0x10007940        0x0 C:/Users/mydre/.pico-sdk/toolchain/14_2_Rel1/bin/../lib/gcc/arm-none-eabi/14.2.1/thumb/v6-m/nofp/crtbegin.o
                0x10007940                        . = ALIGN (0x4)

.glue_7         0x10007940        0x0
 .glue_7        0x10007940        0x0 linker stubs

.glue_7t        0x10007940        0x0
 .glue_7t       0x10007940        0x0 linker stubs

.vfp11_veneer   0x10007940        0x0
 .vfp11_veneer  0x10007940        0x0 linker stubs

.v4_bx          0x10007940        0x0
 .v4_bx         0x10007940        0x0 linker stubs

.iplt           0x10007940        0x0
 .iplt          0x10007940        0x0 C:/Users/mydre/.pico-sdk/toolchain/14_2_Rel1/bin/../lib/gcc/arm-none-eabi/14.2.1/thumb/v6-m/nofp/crtbegin.o

.rodata         0x10007940      0xa48
 *(EXCLUDE_FILE(*libm.a: *libc.a:*lib_a-mem*.o *libgcc.a:) .rodata*)
 .rodata.kf_bfly_generic.str1.4
                0x10007940      0x729 CMakeFiles/blink.dir/libraries/kissfft/kiss_fft.c.obj
                                 0x7e (size before relaxing)
 .rodata.kiss_fft_stride.str1.4
                0x10008069       0xf5 CMakeFiles/blink.dir/libraries/kissfft/kiss_fft.c.obj
 .rodata.panic.str1.4
                0x10008069       0x12 CMakeFiles/blink.dir/C_/Users/mydre/.pico-sdk/sdk/2.2.0/src/rp2_common/pico_platform_panic/panic.c.obj
 .rodata.resolve_j_16.str1.4
                0x10008069       0x5d CMakeFiles/blink.dir/C_/Users/mydre/.pico-sdk/sdk/2.2.0/src/rp2_common/hardware_irq/irq.c.obj
 .rodata.irq_set_exclusive_handler.str1.4
                0x10008069       0x36 CMakeFiles/blink.dir/C_/Users/mydre/.pico-sdk/sdk/2.2.0/src/rp2_common/hardware_irq/irq.c.obj
 *fill*         0x10008069        0x3 
 .rodata.__func__.6
                0x1000806c       0x1a CMakeFiles/blink.dir/C_/Users/mydre/.pico-sdk/sdk/2.2.0/src/rp2_common/hardware_irq/irq.c.obj
 .rodata.runtime_init_mutex.str1.4
                0x10008086       0x60 CMakeFiles/blink.dir/C_/Users/mydre/.pico-sdk/sdk/2.2.0/src/common/pico_sync/mutex.c.obj
 .rodata.str1.4
                0x10008086       0x51 CMakeFiles/blink.dir/C_/Users/mydre/.pico-sdk/sdk/2.2.0/src/common/pico_sync/mutex.c.obj
 *fill*         0x10008086        0x2 
 .rodata.__func__.1
                0x10008088        0xb CMakeFiles/blink.dir/C_/Users/mydre/.pico-sdk/sdk/2.2.0/src/common/pico_sync/mutex.c.obj
 *fill*         0x10008093        0x1 
 .rodata.__func__.3
                0x10008094       0x18 CMakeFiles/blink.dir/C_/Users/mydre/.pico-sdk/sdk/2.2.0/src/common/pico_sync/mutex.c.obj
 .rodata.__func__.6
                0x100080ac       0x13 CMakeFiles/blink.dir/C_/Users/mydre/.pico-sdk/sdk/2.2.0/src/common/pico_sync/mutex.c.obj
 .rodata.alarm_pool_irq_handler.str1.4
                0x100080bf       0x6b CMakeFiles/blink.dir/C_/Users/mydre/.pico-sdk/sdk/2.2.0/src/common/pico_time/time.c.obj
 .rodata.alarm_pool_get_default.str1.4
                0x100080bf       0x21 CMakeFiles/blink.dir/C_/Users/mydre/.pico-sdk/sdk/2.2.0/src/common/pico_time/time.c.obj
 .rodata.sleep_until.str1.4
                0x100080bf       0x4d CMakeFiles/blink.dir/C_/Users/mydre/.pico-sdk/sdk/2.2.0/src/common/pico_time/time.c.obj
 *fill*         0x100080bf        0x1 
 .rodata.__func__.1
                0x100080c0       0x17 CMakeFiles/blink.dir/C_/Users/mydre/.pico-sdk/sdk/2.2.0/src/common/pico_time/time.c.obj
 *fill*         0x100080d7        0x1 
 .rodata.__func__.2
                0x100080d8       0x17 CMakeFiles/blink.dir/C_/Users/mydre/.pico-sdk/sdk/2.2.0/src/common/pico_time/time.c.obj
 *fill*         0x100080ef        0x1 
 .rodata.at_the_end_of_time
                0x100080f0        0x8 CMakeFiles/blink.dir/C_/Users/mydre/.pico-sdk/sdk/2.2.0/src/common/pico_time/time.c.obj
                0x100080f0                at_the_end_of_time
 .rodata.timer_hardware_alarm_claim.str1.4
                0x100080f8       0x22 CMakeFiles/blink.dir/C_/Users/mydre/.pico-sdk/sdk/2.2.0/src/rp2_common/hardware_timer/timer.c.obj
 .rodata.pll_init.str1.4
                0x100080f8      0x11c CMakeFiles/blink.dir/C_/Users/mydre/.pico-sdk/sdk/2.2.0/src/rp2_common/hardware_pll/pll.c.obj
 .rodata.__func__.0
                0x100080f8        0x9 CMakeFiles/blink.dir/C_/Users/mydre/.pico-sdk/sdk/2.2.0/src/rp2_common/hardware_pll/pll.c.obj
 .rodata.__aeabi_double_init.str1.4
                0x10008101       0x9b CMakeFiles/blink.dir/C_/Users/mydre/.pico-sdk/sdk/2.2.0/src/rp2_common/pico_double/double_init_rom_rp2040.c.obj
 *fill*         0x10008101        0x3 
 .rodata.__func__.0
                0x10008104       0x14 CMakeFiles/blink.dir/C_/Users/mydre/.pico-sdk/sdk/2.2.0/src/rp2_common/pico_double/double_init_rom_rp2040.c.obj
 .rodata.__aeabi_float_init.str1.4
                0x10008118       0x8d CMakeFiles/blink.dir/C_/Users/mydre/.pico-sdk/sdk/2.2.0/src/rp2_common/pico_float/float_init_rom_rp2040.c.obj
 .rodata.__func__.0
                0x10008118       0x13 CMakeFiles/blink.dir/C_/Users/mydre/.pico-sdk/sdk/2.2.0/src/rp2_common/pico_float/float_init_rom_rp2040.c.obj
 .rodata.check_alloc.str1.4
                0x1000812b        0xe CMakeFiles/blink.dir/C_/Users/mydre/.pico-sdk/sdk/2.2.0/src/rp2_common/pico_malloc/malloc.c.obj
 .rodata.str1.4
                0x1000812b       0x3c CMakeFiles/blink.dir/C_/Users/mydre/.pico-sdk/sdk/2.2.0/src/rp2_common/pico_standard_binary_info/standard_binary_info.c.obj
 *fill*         0x1000812b        0x1 
 .rodata.__bi_84
                0x1000812c        0xc CMakeFiles/blink.dir/C_/Users/mydre/.pico-sdk/sdk/2.2.0/src/rp2_common/pico_standard_binary_info/standard_binary_info.c.obj
 .rodata.__bi_78
                0x10008138        0xc CMakeFiles/blink.dir/C_/Users/mydre/.pico-sdk/sdk/2.2.0/src/rp2_common/pico_standard_binary_info/standard_binary_info.c.obj
 .rodata.__bi_54
                0x10008144        0xc CMakeFiles/blink.dir/C_/Users/mydre/.pico-sdk/sdk/2.2.0/src/rp2_common/pico_standard_binary_info/standard_binary_info.c.obj
 .rodata.__bi_48
                0x10008150        0xc CMakeFiles/blink.dir/C_/Users/mydre/.pico-sdk/sdk/2.2.0/src/rp2_common/pico_standard_binary_info/standard_binary_info.c.obj
 .rodata.__bi_42
                0x1000815c        0xc CMakeFiles/blink.dir/C_/Users/mydre/.pico-sdk/sdk/2.2.0/src/rp2_common/pico_standard_binary_info/standard_binary_info.c.obj
 .rodata.__bi_34
                0x10008168        0xc CMakeFiles/blink.dir/C_/Users/mydre/.pico-sdk/sdk/2.2.0/src/rp2_common/pico_standard_binary_info/standard_binary_info.c.obj
 .rodata.__bi_26
                0x10008174        0xc CMakeFiles/blink.dir/C_/Users/mydre/.pico-sdk/sdk/2.2.0/src/rp2_common/pico_standard_binary_info/standard_binary_info.c.obj
 .rodata._ftoa.str1.4
                0x10008180       0x15 CMakeFiles/blink.dir/C_/Users/mydre/.pico-sdk/sdk/2.2.0/src/rp2_common/pico_printf/printf.c.obj
 .rodata._vsnprintf
                0x10008180      0x19c CMakeFiles/blink.dir/C_/Users/mydre/.pico-sdk/sdk/2.2.0/src/rp2_common/pico_printf/printf.c.obj
 *fill*         0x1000831c        0x4 
 .rodata.pow10.0
                0x10008320       0x50 CMakeFiles/blink.dir/C_/Users/mydre/.pico-sdk/sdk/2.2.0/src/rp2_common/pico_printf/printf.c.obj
 .rodata.__assert_func.str1.4
                0x10008370       0x43 CMakeFiles/blink.dir/C_/Users/mydre/.pico-sdk/sdk/2.2.0/src/rp2_common/pico_clib_interface/newlib_interface.c.obj
 .rodata.crlf_str.0
                0x10008370        0x2 CMakeFiles/blink.dir/C_/Users/mydre/.pico-sdk/sdk/2.2.0/src/rp2_common/pico_stdio/stdio.c.obj
 .rodata.i2c_set_baudrate.str1.4
                0x10008372       0x65 CMakeFiles/blink.dir/C_/Users/mydre/.pico-sdk/sdk/2.2.0/src/rp2_common/hardware_i2c/i2c.c.obj
 *fill*         0x10008372        0x2 
 .rodata.__func__.0
                0x10008374       0x11 CMakeFiles/blink.dir/C_/Users/mydre/.pico-sdk/sdk/2.2.0/src/rp2_common/hardware_i2c/i2c.c.obj
                0x10008388                        . = ALIGN (0x4)
 *fill*         0x10008385        0x3 
 *(SORT_BY_ALIGNMENT(SORT_BY_NAME(.flashdata*)))
                0x10008388                        . = ALIGN (0x4)

.ARM.extab
 *(.ARM.extab* .gnu.linkonce.armextab.*)
                0x10008388                        __exidx_start = .

.ARM.exidx
 *(.ARM.exidx* .gnu.linkonce.armexidx.*)
                0x10008388                        __exidx_end = .
                0x10008388                        . = ALIGN (0x4)
                0x10008388                        __binary_info_start = .

.binary_info    0x10008388       0x1c
 *(.binary_info.keep.*)
 .binary_info.keep.__bi_ptr84
                0x10008388        0x4 CMakeFiles/blink.dir/C_/Users/mydre/.pico-sdk/sdk/2.2.0/src/rp2_common/pico_standard_binary_info/standard_binary_info.c.obj
 .binary_info.keep.__bi_ptr78
                0x1000838c        0x4 CMakeFiles/blink.dir/C_/Users/mydre/.pico-sdk/sdk/2.2.0/src/rp2_common/pico_standard_binary_info/standard_binary_info.c.obj
 .binary_info.keep.__bi_ptr54
                0x10008390        0x4 CMakeFiles/blink.dir/C_/Users/mydre/.pico-sdk/sdk/2.2.0/src/rp2_common/pico_standard_binary_info/standard_binary_info.c.obj
 .binary_info.keep.__bi_ptr48
                0x10008394        0x4 CMakeFiles/blink.dir/C_/Users/mydre/.pico-sdk/sdk/2.2.0/src/rp2_common/pico_standard_binary_info/standard_binary_info.c.obj
 .binary_info.keep.__bi_ptr42
                0x10008398        0x4 CMakeFiles/blink.dir/C_/Users/mydre/.pico-sdk/sdk/2.2.0/src/rp2_common/pico_standard_binary_info/standard_binary_info.c.obj
 .binary_info.keep.__bi_ptr34
                0x1000839c        0x4 CMakeFiles/blink.dir/C_/Users/mydre/.pico-sdk/sdk/2.2.0/src/rp2_common/pico_standard_binary_info/standard_binary_info.c.obj
 .binary_info.keep.__bi_ptr26
                0x100083a0        0x4 CMakeFiles/blink.dir/C_/Users/mydre/.pico-sdk/sdk/2.2.0/src/rp2_common/pico_standard_binary_info/standard_binary_info.c.obj
 *(.binary_info.*)
                0x100083a4                        __binary_info_end = .
                0x100083a4                        . = ALIGN (0x4)

.ram_vector_table
                0x20000000       0xc0
 *(.ram_vector_table)
 .ram_vector_table
                0x20000000       0xc0 CMakeFiles/blink.dir/C_/Users/mydre/.pico-sdk/sdk/2.2.0/src/rp2_common/pico_runtime_init/runtime_init.c.obj
                0x20000000                ram_vector_table

.uninitialized_data
                0x200000c0        0x0
                0x200000c0                        . = ALIGN (0x4)
 *(.uninitialized_data*)

.data           0x200000c0      0x774 load address 0x100083a4
                0x200000c0                        __data_start__ = .
 *(vtable)
 *(.time_critical*)
 .time_critical.mutex_try_enter
                0x200000c0       0x48 CMakeFiles/blink.dir/C_/Users/mydre/.pico-sdk/sdk/2.2.0/src/common/pico_sync/mutex.c.obj
                0x200000c0                mutex_try_enter
 .time_critical.mutex_enter_block_until
                0x20000108       0x90 CMakeFiles/blink.dir/C_/Users/mydre/.pico-sdk/sdk/2.2.0/src/common/pico_sync/mutex.c.obj
                0x20000108                mutex_enter_block_until
 .time_critical.mutex_try_enter_block_until
                0x20000198       0x34 CMakeFiles/blink.dir/C_/Users/mydre/.pico-sdk/sdk/2.2.0/src/common/pico_sync/mutex.c.obj
                0x20000198                mutex_try_enter_block_until
 .time_critical.mutex_exit
                0x200001cc       0x4c CMakeFiles/blink.dir/C_/Users/mydre/.pico-sdk/sdk/2.2.0/src/common/pico_sync/mutex.c.obj
                0x200001cc                mutex_exit
 .time_critical.spi_write_blocking
                0x20000218       0x3a CMakeFiles/blink.dir/C_/Users/mydre/.pico-sdk/sdk/2.2.0/src/rp2_common/hardware_spi/spi.c.obj
                0x20000218                spi_write_blocking
 *(.text*)
 *fill*         0x20000252        0x2 
 .text          0x20000254        0x4 C:/Users/mydre/.pico-sdk/toolchain/14_2_Rel1/bin/../lib/gcc/arm-none-eabi/14.2.1/thumb/v6-m/nofp\libgcc.a(_dvmd_tls.o)
                0x20000254                __aeabi_idiv0
                0x20000254                __aeabi_ldiv0
 .text.__stub   0x20000258       0x20 linker stubs
                0x20000278                        . = ALIGN (0x4)
 *(.rodata*)
                0x20000278                        . = ALIGN (0x4)
 *(.data*)
 .data.DATAGPIO
                0x20000278        0x4 CMakeFiles/blink.dir/libraries/hardware/hardware.cpp.obj
                0x20000278                DATAGPIO
 .data.striped_spin_lock_num
                0x2000027c        0x1 CMakeFiles/blink.dir/C_/Users/mydre/.pico-sdk/sdk/2.2.0/src/rp2_common/hardware_sync/sync.c.obj
 *fill*         0x2000027d        0x3 
 .data.default_alarm_pool
                0x20000280       0x18 CMakeFiles/blink.dir/C_/Users/mydre/.pico-sdk/sdk/2.2.0/src/common/pico_time/time.c.obj
 *fill*         0x20000298        0x8 
 .data.aeabi_bits_funcs
                0x200002a0       0x10 CMakeFiles/blink.dir/C_/Users/mydre/.pico-sdk/sdk/2.2.0/src/rp2_common/pico_bit_ops/bit_ops_aeabi.S.obj
                0x200002a0                aeabi_bits_funcs
                0x200002b0                aeabi_bits_funcs_end
 .data.aeabi_mem_funcs
                0x200002b0       0x10 CMakeFiles/blink.dir/C_/Users/mydre/.pico-sdk/sdk/2.2.0/src/rp2_common/pico_mem_ops/mem_ops_aeabi.S.obj
                0x200002b0                aeabi_mem_funcs
                0x200002c0                aeabi_mem_funcs_end
 .data.i2c0_inst
                0x200002c0        0x8 CMakeFiles/blink.dir/C_/Users/mydre/.pico-sdk/sdk/2.2.0/src/rp2_common/hardware_i2c/i2c.c.obj
                0x200002c0                i2c0_inst
 .data.__malloc_sbrk_base
                0x200002c8        0x4 C:/Users/mydre/.pico-sdk/toolchain/14_2_Rel1/bin/../lib/gcc/arm-none-eabi/14.2.1/thumb/v6-m/nofp\libg.a(libc_a-mallocr.o)
                0x200002c8                __malloc_sbrk_base
 .data.__malloc_trim_threshold
                0x200002cc        0x4 C:/Users/mydre/.pico-sdk/toolchain/14_2_Rel1/bin/../lib/gcc/arm-none-eabi/14.2.1/thumb/v6-m/nofp\libg.a(libc_a-mallocr.o)
                0x200002cc                __malloc_trim_threshold
 .data.__malloc_av_
                0x200002d0      0x408 C:/Users/mydre/.pico-sdk/toolchain/14_2_Rel1/bin/../lib/gcc/arm-none-eabi/14.2.1/thumb/v6-m/nofp\libg.a(libc_a-mallocr.o)
                0x200002d0                __malloc_av_
 .data._impure_ptr
                0x200006d8        0x4 C:/Users/mydre/.pico-sdk/toolchain/14_2_Rel1/bin/../lib/gcc/arm-none-eabi/14.2.1/thumb/v6-m/nofp\libg.a(libc_a-impure.o)
                0x200006d8                _impure_ptr
 *fill*         0x200006dc        0x4 
 .data._impure_data
                0x200006e0      0x140 C:/Users/mydre/.pico-sdk/toolchain/14_2_Rel1/bin/../lib/gcc/arm-none-eabi/14.2.1/thumb/v6-m/nofp\libg.a(libc_a-impure.o)
                0x200006e0                _impure_data
 .data.__sglue  0x20000820        0xc C:/Users/mydre/.pico-sdk/toolchain/14_2_Rel1/bin/../lib/gcc/arm-none-eabi/14.2.1/thumb/v6-m/nofp\libg.a(libc_a-findfp.o)
                0x20000820                __sglue
                0x2000082c                        . = ALIGN (0x4)
 *(.after_data.*)
                0x2000082c                        . = ALIGN (0x4)
                0x2000082c                        PROVIDE (__mutex_array_start = .)
 *(SORT_BY_NAME(.mutex_array.*))
 *(.mutex_array)
 .mutex_array   0x2000082c        0x8 CMakeFiles/blink.dir/C_/Users/mydre/.pico-sdk/sdk/2.2.0/src/rp2_common/pico_stdio/stdio.c.obj
                0x20000834                        PROVIDE (__mutex_array_end = .)
                0x20000834                        . = ALIGN (0x4)
 *(.jcr)
                0x20000834                        . = ALIGN (0x4)

.tm_clone_table
                0x20000834        0x0 load address 0x10008b18
 .tm_clone_table
                0x20000834        0x0 C:/Users/mydre/.pico-sdk/toolchain/14_2_Rel1/bin/../lib/gcc/arm-none-eabi/14.2.1/thumb/v6-m/nofp/crtbegin.o
 .tm_clone_table
                0x20000834        0x0 C:/Users/mydre/.pico-sdk/toolchain/14_2_Rel1/bin/../lib/gcc/arm-none-eabi/14.2.1/thumb/v6-m/nofp/crtend.o

.igot.plt       0x20000834        0x0 load address 0x10008b18
 .igot.plt      0x20000834        0x0 C:/Users/mydre/.pico-sdk/toolchain/14_2_Rel1/bin/../lib/gcc/arm-none-eabi/14.2.1/thumb/v6-m/nofp/crtbegin.o

.tdata          0x20000834        0x0 load address 0x10008b18
                0x20000834                        . = ALIGN (0x4)
 *(.tdata .tdata.* .gnu.linkonce.td.*)
                0x20000834                        __tdata_end = .
                0x20000834                        PROVIDE (__data_end__ = .)
                0x100083a4                        __etext = LOADADDR (.data)

.tbss           0x20000834        0x0 load address 0x10008b18
                0x20000834                        . = ALIGN (0x4)
                0x20000834                        __bss_start__ = .
                0x20000834                        __tls_base = .
 *(.tbss .tbss.* .gnu.linkonce.tb.*)
 *(.tcommon)
                0x20000834                        __tls_end = .

.bss            0x20000838      0x6c8 load address 0x10008b18
                0x20000838                        . = ALIGN (0x4)
                0x20000838                        __tbss_end = .
 *(SORT_BY_ALIGNMENT(SORT_BY_NAME(.bss*)))
 .bss.default_alarm_pool_entries
                0x20000838      0x180 CMakeFiles/blink.dir/C_/Users/mydre/.pico-sdk/sdk/2.2.0/src/common/pico_time/time.c.obj
 .bss.__lock___malloc_recursive_mutex
                0x200009b8        0x1 C:/Users/mydre/.pico-sdk/toolchain/14_2_Rel1/bin/../lib/gcc/arm-none-eabi/14.2.1/thumb/v6-m/nofp\libg.a(libc_a-lock.o)
                0x200009b8                __lock___malloc_recursive_mutex
 *fill*         0x200009b9        0x3 
 .bss.__lock___sfp_recursive_mutex
                0x200009bc        0x1 C:/Users/mydre/.pico-sdk/toolchain/14_2_Rel1/bin/../lib/gcc/arm-none-eabi/14.2.1/thumb/v6-m/nofp\libg.a(libc_a-lock.o)
                0x200009bc                __lock___sfp_recursive_mutex
 *fill*         0x200009bd        0x3 
 .bss.__malloc_current_mallinfo
                0x200009c0       0x28 C:/Users/mydre/.pico-sdk/toolchain/14_2_Rel1/bin/../lib/gcc/arm-none-eabi/14.2.1/thumb/v6-m/nofp\libg.a(libc_a-mallocr.o)
                0x200009c0                __malloc_current_mallinfo
 .bss.__malloc_max_sbrked_mem
                0x200009e8        0x4 C:/Users/mydre/.pico-sdk/toolchain/14_2_Rel1/bin/../lib/gcc/arm-none-eabi/14.2.1/thumb/v6-m/nofp\libg.a(libc_a-mallocr.o)
                0x200009e8                __malloc_max_sbrked_mem
 .bss.__malloc_max_total_mem
                0x200009ec        0x4 C:/Users/mydre/.pico-sdk/toolchain/14_2_Rel1/bin/../lib/gcc/arm-none-eabi/14.2.1/thumb/v6-m/nofp\libg.a(libc_a-mallocr.o)
                0x200009ec                __malloc_max_total_mem
 .bss.__malloc_top_pad
                0x200009f0        0x4 C:/Users/mydre/.pico-sdk/toolchain/14_2_Rel1/bin/../lib/gcc/arm-none-eabi/14.2.1/thumb/v6-m/nofp\libg.a(libc_a-mallocr.o)
                0x200009f0                __malloc_top_pad
 .bss.__sf      0x200009f4      0x138 C:/Users/mydre/.pico-sdk/toolchain/14_2_Rel1/bin/../lib/gcc/arm-none-eabi/14.2.1/thumb/v6-m/nofp\libg.a(libc_a-findfp.o)
                0x200009f4                __sf
 .bss.__stdio_exit_handler
                0x20000b2c        0x4 C:/Users/mydre/.pico-sdk/toolchain/14_2_Rel1/bin/../lib/gcc/arm-none-eabi/14.2.1/thumb/v6-m/nofp\libg.a(libc_a-findfp.o)
                0x20000b2c                __stdio_exit_handler
 .bss.calibrate_stage
                0x20000b30        0x4 CMakeFiles/blink.dir/Audio-visual-device.cpp.obj
                0x20000b30                calibrate_stage
 .bss.claimed   0x20000b34        0x1 CMakeFiles/blink.dir/C_/Users/mydre/.pico-sdk/sdk/2.2.0/src/rp2_common/hardware_timer/timer.c.obj
 *fill*         0x20000b35        0x3 
 .bss.configured_freq
                0x20000b38       0x28 CMakeFiles/blink.dir/C_/Users/mydre/.pico-sdk/sdk/2.2.0/src/rp2_common/hardware_clocks/clocks.c.obj
 .bss.drivers   0x20000b60        0x4 CMakeFiles/blink.dir/C_/Users/mydre/.pico-sdk/sdk/2.2.0/src/rp2_common/pico_stdio/stdio.c.obj
 .bss.errno     0x20000b64        0x4 C:/Users/mydre/.pico-sdk/toolchain/14_2_Rel1/bin/../lib/gcc/arm-none-eabi/14.2.1/thumb/v6-m/nofp\libg.a(libc_a-reent.o)
                0x20000b64                errno
 .bss.filter    0x20000b68        0x4 CMakeFiles/blink.dir/C_/Users/mydre/.pico-sdk/sdk/2.2.0/src/rp2_common/pico_stdio/stdio.c.obj
 .bss.heap_end.0
                0x20000b6c        0x4 CMakeFiles/blink.dir/C_/Users/mydre/.pico-sdk/sdk/2.2.0/src/rp2_common/pico_clib_interface/newlib_interface.c.obj
 .bss.object.0  0x20000b70       0x18 C:/Users/mydre/.pico-sdk/toolchain/14_2_Rel1/bin/../lib/gcc/arm-none-eabi/14.2.1/thumb/v6-m/nofp/crtbegin.o
 .bss.pico_rgb_keypad
                0x20000b88       0x4c CMakeFiles/blink.dir/Audio-visual-device.cpp.obj
                0x20000b88                pico_rgb_keypad
 .bss.pools     0x20000bd4       0x10 CMakeFiles/blink.dir/C_/Users/mydre/.pico-sdk/sdk/2.2.0/src/common/pico_time/time.c.obj
 .bss.s         0x20000be4        0x4 CMakeFiles/blink.dir/Audio-visual-device.cpp.obj
                0x20000be4                s
 .bss.s_captures
                0x20000be8        0x4 CMakeFiles/blink.dir/Audio-visual-device.cpp.obj
                0x20000be8                s_captures
 .bss.s_fi      0x20000bec        0x4 CMakeFiles/blink.dir/Audio-visual-device.cpp.obj
                0x20000bec                s_fi
 .bss.s_peak    0x20000bf0        0x4 CMakeFiles/blink.dir/Audio-visual-device.cpp.obj
                0x20000bf0                s_peak
 .bss.sample    0x20000bf4      0x100 CMakeFiles/blink.dir/Audio-visual-device.cpp.obj
                0x20000bf4                sample
 .bss.sample_i  0x20000cf4        0x4 CMakeFiles/blink.dir/Audio-visual-device.cpp.obj
                0x20000cf4                sample_i
 .bss.sd_table  0x20000cf8      0x100 CMakeFiles/blink.dir/C_/Users/mydre/.pico-sdk/sdk/2.2.0/src/rp2_common/pico_double/double_init_rom_rp2040.c.obj
                0x20000cf8                sd_table
 .bss.sf_clz_func
                0x20000df8        0x4 CMakeFiles/blink.dir/C_/Users/mydre/.pico-sdk/sdk/2.2.0/src/rp2_common/pico_double/double_init_rom_rp2040.c.obj
                0x20000df8                sf_clz_func
 .bss.sf_table  0x20000dfc      0x100 CMakeFiles/blink.dir/C_/Users/mydre/.pico-sdk/sdk/2.2.0/src/rp2_common/pico_float/float_init_rom_rp2040.c.obj
                0x20000dfc                sf_table
 .bss.sleep_notifier
                0x20000efc        0x4 CMakeFiles/blink.dir/C_/Users/mydre/.pico-sdk/sdk/2.2.0/src/common/pico_time/time.c.obj
 *(COMMON)
                0x20000f00                        . = ALIGN (0x4)
                0x20000f00                        __bss_end__ = .

.heap           0x20000f00      0x800 load address 0x10008b18
                0x20000f00                        __end__ = .
                0x20000f00                        end = __end__
 *(.heap*)
 .heap          0x20000f00      0x800 CMakeFiles/blink.dir/C_/Users/mydre/.pico-sdk/sdk/2.2.0/src/rp2_common/pico_crt0/crt0.S.obj
                0x20040000                        __HeapLimit = (ORIGIN (RAM) + LENGTH (RAM))

.scratch_x      0x20040000        0x0 load address 0x10008b18
                0x20040000                        __scratch_x_start__ = .
 *(.scratch_x.*)
                0x20040000                        . = ALIGN (0x4)
                0x20040000                        __scratch_x_end__ = .
                0x10008b18                        __scratch_x_source__ = LOADADDR (.scratch_x)

.scratch_y      0x20041000        0x0 load address 0x10008b18
                0x20041000                        __scratch_y_start__ = .
 *(.scratch_y.*)
                0x20041000                        . = ALIGN (0x4)
                0x20041000                        __scratch_y_end__ = .
                0x10008b18                        __scratch_y_source__ = LOADADDR (.scratch_y)

.stack1_dummy
 *(.stack1*)

.stack_dummy    0x20041000      0x800
 *(.stack*)
 .stack         0x20041000      0x800 CMakeFiles/blink.dir/C_/Users/mydre/.pico-sdk/sdk/2.2.0/src/rp2_common/pico_crt0/crt0.S.obj

.rel.dyn        0x20041800        0x0
 .rel.iplt      0x20041800        0x0 C:/Users/mydre/.pico-sdk/toolchain/14_2_Rel1/bin/../lib/gcc/arm-none-eabi/14.2.1/thumb/v6-m/nofp/crtbegin.o

.flash_end      0x10008b18        0x0
 *(.embedded_end_block*)
                0x10008b18                        PROVIDE (__flash_binary_end = .)
                0x20040000                        __StackLimit = (ORIGIN (RAM) + LENGTH (RAM))
                0x20041000                        __StackOneTop = (ORIGIN (SCRATCH_X) + LENGTH (SCRATCH_X))
                0x20042000                        __StackTop = (ORIGIN (SCRATCH_Y) + LENGTH (SCRATCH_Y))
                0x20041000                        __StackOneBottom = (__StackOneTop - SIZEOF (.stack1_dummy))
                0x20041800                        __StackBottom = (__StackTop - SIZEOF (.stack_dummy))
                0x20042000                        PROVIDE (__stack = __StackTop)
                [!provide]                        PROVIDE (__heap_start = __end__)
                [!provide]                        PROVIDE (__heap_end = __HeapLimit)
                [!provide]                        PROVIDE (__tls_align = MAX (ALIGNOF (.tdata), ALIGNOF (.tbss)))
                [!provide]                        PROVIDE (__tls_size_align = (((__tls_size + __tls_align) - 0x1) & ~ ((__tls_align - 0x1))))
                [!provide]                        PROVIDE (__arm32_tls_tcb_offset = MAX (0x8, __tls_align))
                [!provide]                        PROVIDE (_end = __end__)
                [!provide]                        PROVIDE (__llvm_libc_heap_limit = __HeapLimit)
                0x00000001                        ASSERT ((__StackLimit >= __HeapLimit), region RAM overflowed)
                0x00000001                        ASSERT (((__binary_info_header_end - __logical_binary_start) <= 0x100), Binary info must be in first 256 bytes of the binary)
LOAD CMakeFiles/blink.dir/Audio-visual-device.cpp.obj
LOAD CMakeFiles/blink.dir/libraries/hardware/hardware.cpp.obj
LOAD CMakeFiles/blink.dir/libraries/kissfft/kiss_fft.c.obj
LOAD CMakeFiles/blink.dir/C_/Users/mydre/.pico-sdk/sdk/2.2.0/src/rp2_common/pico_stdlib/stdlib.c.obj
LOAD CMakeFiles/blink.dir/C_/Users/mydre/.pico-sdk/sdk/2.2.0/src/rp2_common/hardware_gpio/gpio.c.obj
LOAD CMakeFiles/blink.dir/C_/Users/mydre/.pico-sdk/sdk/2.2.0/src/rp2040/pico_platform/platform.c.obj
LOAD CMakeFiles/blink.dir/C_/Users/mydre/.pico-sdk/sdk/2.2.0/src/rp2_common/pico_platform_common/common.c.obj
LOAD CMakeFiles/blink.dir/C_/Users/mydre/.pico-sdk/sdk/2.2.0/src/rp2_common/pico_platform_panic/panic.c.obj
LOAD CMakeFiles/blink.dir/C_/Users/mydre/.pico-sdk/sdk/2.2.0/src/common/hardware_claim/claim.c.obj
LOAD CMakeFiles/blink.dir/C_/Users/mydre/.pico-sdk/sdk/2.2.0/src/rp2_common/hardware_sync/sync.c.obj
LOAD CMakeFiles/blink.dir/C_/Users/mydre/.pico-sdk/sdk/2.2.0/src/rp2_common/hardware_sync_spin_lock/sync_spin_lock.c.obj
LOAD CMakeFiles/blink.dir/C_/Users/mydre/.pico-sdk/sdk/2.2.0/src/rp2_common/hardware_irq/irq.c.obj
LOAD CMakeFiles/blink.dir/C_/Users/mydre/.pico-sdk/sdk/2.2.0/src/rp2_common/hardware_irq/irq_handler_chain.S.obj
LOAD CMakeFiles/blink.dir/C_/Users/mydre/.pico-sdk/sdk/2.2.0/src/common/pico_sync/sem.c.obj
LOAD CMakeFiles/blink.dir/C_/Users/mydre/.pico-sdk/sdk/2.2.0/src/common/pico_sync/lock_core.c.obj
LOAD CMakeFiles/blink.dir/C_/Users/mydre/.pico-sdk/sdk/2.2.0/src/common/pico_sync/mutex.c.obj
LOAD CMakeFiles/blink.dir/C_/Users/mydre/.pico-sdk/sdk/2.2.0/src/common/pico_sync/critical_section.c.obj
LOAD CMakeFiles/blink.dir/C_/Users/mydre/.pico-sdk/sdk/2.2.0/src/common/pico_time/time.c.obj
LOAD CMakeFiles/blink.dir/C_/Users/mydre/.pico-sdk/sdk/2.2.0/src/common/pico_time/timeout_helper.c.obj
LOAD CMakeFiles/blink.dir/C_/Users/mydre/.pico-sdk/sdk/2.2.0/src/rp2_common/hardware_timer/timer.c.obj
LOAD CMakeFiles/blink.dir/C_/Users/mydre/.pico-sdk/sdk/2.2.0/src/common/pico_util/datetime.c.obj
LOAD CMakeFiles/blink.dir/C_/Users/mydre/.pico-sdk/sdk/2.2.0/src/common/pico_util/pheap.c.obj
LOAD CMakeFiles/blink.dir/C_/Users/mydre/.pico-sdk/sdk/2.2.0/src/common/pico_util/queue.c.obj
LOAD CMakeFiles/blink.dir/C_/Users/mydre/.pico-sdk/sdk/2.2.0/src/rp2_common/hardware_uart/uart.c.obj
LOAD CMakeFiles/blink.dir/C_/Users/mydre/.pico-sdk/sdk/2.2.0/src/rp2_common/hardware_clocks/clocks.c.obj
LOAD CMakeFiles/blink.dir/C_/Users/mydre/.pico-sdk/sdk/2.2.0/src/rp2_common/hardware_pll/pll.c.obj
LOAD CMakeFiles/blink.dir/C_/Users/mydre/.pico-sdk/sdk/2.2.0/src/rp2_common/hardware_vreg/vreg.c.obj
LOAD CMakeFiles/blink.dir/C_/Users/mydre/.pico-sdk/sdk/2.2.0/src/rp2_common/hardware_watchdog/watchdog.c.obj
LOAD CMakeFiles/blink.dir/C_/Users/mydre/.pico-sdk/sdk/2.2.0/src/rp2_common/hardware_ticks/ticks.c.obj
LOAD CMakeFiles/blink.dir/C_/Users/mydre/.pico-sdk/sdk/2.2.0/src/rp2_common/pico_bootrom/bootrom.c.obj
LOAD CMakeFiles/blink.dir/C_/Users/mydre/.pico-sdk/sdk/2.2.0/src/rp2_common/pico_bootrom/bootrom_lock.c.obj
LOAD CMakeFiles/blink.dir/C_/Users/mydre/.pico-sdk/sdk/2.2.0/src/rp2_common/hardware_boot_lock/boot_lock.c.obj
LOAD CMakeFiles/blink.dir/C_/Users/mydre/.pico-sdk/sdk/2.2.0/src/rp2_common/pico_flash/flash.c.obj
LOAD CMakeFiles/blink.dir/C_/Users/mydre/.pico-sdk/sdk/2.2.0/src/rp2_common/hardware_xosc/xosc.c.obj