Archive member included to satisfy reference by file (symbol)

C:/Users/mydre/.pico-sdk/toolchain/14_2_Rel1/bin/../lib/gcc/arm-none-eabi/14.2.1/thumb/v6-m/nofp\libgcc.a(_dvmd_tls.o)
                              CMakeFiles/blink.dir/C_/Users/mydre/.pico-sdk/sdk/2.2.0/src/rp2_common/pico_divider/divider_hardware.S.obj (__aeabi_idiv0)
C:/Users/mydre/.pico-sdk/toolchain/14_2_Rel1/bin/../lib/gcc/arm-none-eabi/14.2.1/thumb/v6-m/nofp\libg.a(libc_a-calloc.o)
                              CMakeFiles/blink.dir/C_/Users/mydre/.pico-sdk/sdk/2.2.0/src/rp2_common/pico_malloc/malloc.c.obj (calloc)
C:/Users/mydre/.pico-sdk/toolchain/14_2_Rel1/bin/../lib/gcc/arm-none-eabi/14.2.1/thumb/v6-m/nofp\libg.a(libc_a-callocr.o)
                              C:/Users/mydre/.pico-sdk/toolchain/14_2_Rel1/bin/../lib/gcc/arm-none-eabi/14.2.1/thumb/v6-m/nofp\libg.a(libc_a-calloc.o) (_calloc_r)
C:/Users/mydre/.pico-sdk/toolchain/14_2_Rel1/bin/../lib/gcc/arm-none-eabi/14.2.1/thumb/v6-m/nofp\libg.a(libc_a-malloc.o)
                              CMakeFiles/blink.dir/C_/Users/mydre/.pico-sdk/sdk/2.2.0/src/rp2_common/pico_malloc/malloc.c.obj (malloc)
C:/Users/mydre/.pico-sdk/toolchain/14_2_Rel1/bin/../lib/gcc/arm-none-eabi/14.2.1/thumb/v6-m/nofp\libg.a(libc_a-mallocr.o)
                              C:/Users/mydre/.pico-sdk/toolchain/14_2_Rel1/bin/../lib/gcc/arm-none-eabi/14.2.1/thumb/v6-m/nofp\libg.a(libc_a-callocr.o) (_malloc_r)
C:/Users/mydre/.pico-sdk/toolchain/14_2_Rel1/bin/../lib/gcc/arm-none-eabi/14.2.1/thumb/v6-m/nofp\libg.a(libc_a-mlock.o)
                              C:/Users/mydre/.pico-sdk/toolchain/14_2_Rel1/bin/../lib/gcc/arm-none-eabi/14.2.1/thumb/v6-m/nofp\libg.a(libc_a-mallocr.o) (__malloc_lock)
C:/Users/mydre/.pico-sdk/toolchain/14_2_Rel1/bin/../lib/gcc/arm-none-eabi/14.2.1/thumb/v6-m/nofp\libg.a(libc_a-realloc.o)
                              CMakeFiles/blink.dir/C_/Users/mydre/.pico-sdk/sdk/2.2.0/src/rp2_common/pico_malloc/malloc.c.obj (realloc)
C:/Users/mydre/.pico-sdk/toolchain/14_2_Rel1/bin/../lib/gcc/arm-none-eabi/14.2.1/thumb/v6-m/nofp\libg.a(libc_a-reallocr.o)
                              C:/Users/mydre/.pico-sdk/toolchain/14_2_Rel1/bin/../lib/gcc/arm-none-eabi/14.2.1/thumb/v6-m/nofp\libg.a(libc_a-realloc.o) (_realloc_r)
C:/Users/mydre/.pico-sdk/toolchain/14_2_Rel1/bin/../lib/gcc/arm-none-eabi/14.2.1/thumb/v6-m/nofp\libg.a(libc_a-fputc.o)
                              CMakeFiles/blink.dir/libraries/kissfft/kiss_fft.c.obj (fputc)
C:/Users/mydre/.pico-sdk/toolchain/14_2_Rel1/bin/../lib/gcc/arm-none-eabi/14.2.1/thumb/v6-m/nofp\libg.a(libc_a-fwrite.o)
                              CMakeFiles/blink.dir/libraries/kissfft/kiss_fft.c.obj (fwrite)
C:/Users/mydre/.pico-sdk/toolchain/14_2_Rel1/bin/../lib/gcc/arm-none-eabi/14.2.1/thumb/v6-m/nofp\libg.a(libc_a-putc.o)
                              C:/Users/mydre/.pico-sdk/toolchain/14_2_Rel1/bin/../lib/gcc/arm-none-eabi/14.2.1/thumb/v6-m/nofp\libg.a(libc_a-fputc.o) (_putc_r)
C:/Users/mydre/.pico-sdk/toolchain/14_2_Rel1/bin/../lib/gcc/arm-none-eabi/14.2.1/thumb/v6-m/nofp\libg.a(libc_a-wbuf.o)
                              C:/Users/mydre/.pico-sdk/toolchain/14_2_Rel1/bin/../lib/gcc/arm-none-eabi/14.2.1/thumb/v6-m/nofp\libg.a(libc_a-putc.o) (__swbuf_r)
C:/Users/mydre/.pico-sdk/toolchain/14_2_Rel1/bin/../lib/gcc/arm-none-eabi/14.2.1/thumb/v6-m/nofp\libg.a(libc_a-wsetup.o)
                              C:/Users/mydre/.pico-sdk/toolchain/14_2_Rel1/bin/../lib/gcc/arm-none-eabi/14.2.1/thumb/v6-m/nofp\libg.a(libc_a-wbuf.o) (__swsetup_r)
C:/Users/mydre/.pico-sdk/toolchain/14_2_Rel1/bin/../lib/gcc/arm-none-eabi/14.2.1/thumb/v6-m/nofp\libg.a(libc_a-memcmp.o)
                              CMakeFiles/blink.dir/C_/Users/mydre/.pico-sdk/sdk/2.2.0/src/rp2_common/pico_atomic/atomic.c.obj (memcmp)
C:/Users/mydre/.pico-sdk/toolchain/14_2_Rel1/bin/../lib/gcc/arm-none-eabi/14.2.1/thumb/v6-m/nofp\libg.a(libc_a-memmove.o)
                              C:/Users/mydre/.pico-sdk/toolchain/14_2_Rel1/bin/../lib/gcc/arm-none-eabi/14.2.1/thumb/v6-m/nofp\libg.a(libc_a-reallocr.o) (memmove)
C:/Users/mydre/.pico-sdk/toolchain/14_2_Rel1/bin/../lib/gcc/arm-none-eabi/14.2.1/thumb/v6-m/nofp\libg.a(libc_a-lcltime_r.o)
                              CMakeFiles/blink.dir/C_/Users/mydre/.pico-sdk/sdk/2.2.0/src/common/pico_util/datetime.c.obj (localtime_r)
C:/Users/mydre/.pico-sdk/toolchain/14_2_Rel1/bin/../lib/gcc/arm-none-eabi/14.2.1/thumb/v6-m/nofp\libg.a(libc_a-mktime.o)
                              CMakeFiles/blink.dir/C_/Users/mydre/.pico-sdk/sdk/2.2.0/src/common/pico_util/datetime.c.obj (mktime)
C:/Users/mydre/.pico-sdk/toolchain/14_2_Rel1/bin/../lib/gcc/arm-none-eabi/14.2.1/thumb/v6-m/nofp\libg.a(libc_a-month_lengths.o)
                              C:/Users/mydre/.pico-sdk/toolchain/14_2_Rel1/bin/../lib/gcc/arm-none-eabi/14.2.1/thumb/v6-m/nofp\libg.a(libc_a-lcltime_r.o) (__month_lengths)
[...]
Memory Configuration

Name             Origin             Length             Attributes
FLASH            0x10000000         0x00200000         xr
RAM              0x20000000         0x00040000         xrw
SCRATCH_X        0x20040000         0x00001000         xrw
SCRATCH_Y        0x20041000         0x00001000         xrw
*default*        0x00000000         0xffffffff

Linker script and memory map

LOAD C:/Users/mydre/.pico-sdk/toolchain/14_2_Rel1/bin/../lib/gcc/arm-none-eabi/14.2.1/thumb/v6-m/nofp/crti.o
LOAD C:/Users/mydre/.pico-sdk/toolchain/14_2_Rel1/bin/../lib/gcc/arm-none-eabi/14.2.1/thumb/v6-m/nofp/crtbegin.o
LOAD C:/Users/mydre/.pico-sdk/toolchain/14_2_Rel1/bin/../lib/gcc/arm-none-eabi/14.2.1/thumb/v6-m/nofp/crt0.o

.flash_begin    0x10000000        0x0
                0x10000000                        __flash_binary_start = .

.boot2          0x10000000      0x100
                0x10000000                        __boot2_start__ = .
 *(.boot2)
 .boot2         0x10000000      0x100 pico-sdk/src/rp2040/boot_stage2/CMakeFiles/bs2_default_library.dir/./bs2_default_padded_checksummed.S.obj
                0x10000100                        __boot2_end__ = .
                0x00000001                        ASSERT (((__boot2_end__ - __boot2_start__) == 0x100), ERROR: Pico second stage bootloader must be 256 bytes in size)

.text           0x10000100     0x7fc4
                0x10000100                        __logical_binary_start = .
 *(.vectors)
 .vectors       0x10000100       0xd4 CMakeFiles/blink.dir/C_/Users/mydre/.pico-sdk/sdk/2.2.0/src/rp2_common/pico_crt0/crt0.S.obj
                0x10000100                __VECTOR_TABLE
                0x10000100                __vectors
                0x100001c0                isr_irq13
                0x100001c0                isr_irq27
                0x100001c0                isr_irq31
                0x100001c0                isr_irq12
                0x100001c0                isr_irq5
                0x100001c0                isr_irq11
                0x100001c0                isr_irq3
                0x100001c0                isr_irq23
                0x100001c0                __unhandled_user_irq
                0x100001c0                isr_irq26
                0x100001c0                isr_irq28
                0x100001c0                isr_irq19
                0x100001c0                isr_irq0
                0x100001c0                isr_irq6
                0x100001c0                isr_irq29
                0x100001c0                isr_irq16
                0x100001c0                isr_irq22
                0x100001c0                isr_irq18
                0x100001c0                isr_irq17
                0x100001c0                isr_irq14
                0x100001c0                __vectors_end
                0x100001c0                __default_isrs_start
                0x100001c0                isr_irq2
                0x100001c0                isr_irq10
                0x100001c0                isr_irq8
                0x100001c0                isr_irq24
                0x100001c0                isr_irq1
                0x100001c0                isr_irq7
                0x100001c0                isr_irq21
                0x100001c0                isr_irq20
                0x100001c0                isr_irq15
                0x100001c0                isr_irq25
                0x100001c0                isr_irq4
                0x100001c0                isr_irq30
                0x100001c0                isr_irq9
                0x100001c6                unhandled_user_irq_num_in_r0
                0x100001c8                isr_invalid
                0x100001ca                isr_nmi
                0x100001cc                isr_hardfault
                0x100001ce                isr_svcall
                0x100001d0                isr_pendsv
                0x100001d2                isr_systick
                0x100001d4                __default_isrs_end
 *(.binary_info_header)
 .binary_info_header
                0x100001d4       0x14 CMakeFiles/blink.dir/C_/Users/mydre/.pico-sdk/sdk/2.2.0/src/rp2_common/pico_crt0/crt0.S.obj
                0x100001e8                        __binary_info_header_end = .
 *(.embedded_block)
                0x100001e8                        __embedded_block_end = .
 *(.reset)
 .reset         0x100001e8       0x9c CMakeFiles/blink.dir/C_/Users/mydre/.pico-sdk/sdk/2.2.0/src/rp2_common/pico_crt0/crt0.S.obj
                0x100001e8                _entry_point
 *(.init)
 .init          0x10000284        0x4 C:/Users/mydre/.pico-sdk/toolchain/14_2_Rel1/bin/../lib/gcc/arm-none-eabi/14.2.1/thumb/v6-m/nofp/crti.o
                0x10000284                _init
 *(EXCLUDE_FILE(*libm.a: *libc.a:*lib_a-mem*.o *libgcc.a:) .text*)
 .text.register_tm_clones
                0x10000288       0x28 C:/Users/mydre/.pico-sdk/toolchain/14_2_Rel1/bin/../lib/gcc/arm-none-eabi/14.2.1/thumb/v6-m/nofp/crtbegin.o
 .text.frame_dummy
                0x100002b0       0x24 C:/Users/mydre/.pico-sdk/toolchain/14_2_Rel1/bin/../lib/gcc/arm-none-eabi/14.2.1/thumb/v6-m/nofp/crtbegin.o
 .text.adc_gpio_init
                0x100002d4       0x1e CMakeFiles/blink.dir/Audio-visual-device.cpp.obj
 *fill*         0x100002f2        0x2 
 .text._Z41__static_initialization_and_destruction_0v
                0x100002f4       0x18 CMakeFiles/blink.dir/Audio-visual-device.cpp.obj
 .text._Z3barii
                0x1000030c       0x4c CMakeFiles/blink.dir/Audio-visual-device.cpp.obj
                0x1000030c                bar(int, int)
 .text.main     0x10000358      0x394 CMakeFiles/blink.dir/Audio-visual-device.cpp.obj
                0x10000358                main
 .text._GLOBAL__sub_I_pico_rgb_keypad
                0x100006ec        0x8 CMakeFiles/blink.dir/Audio-visual-device.cpp.obj
 .text._ZN8digishuo7max7219C2Ev
                0x100006f4       0x48 CMakeFiles/blink.dir/libraries/hardware/hardware.cpp.obj
                0x100006f4                digishuo::max7219::max7219()
                0x100006f4                digishuo::max7219::max7219()
 .text._ZN8digishuo7max72195writeEhh
                0x1000073c       0x1c CMakeFiles/blink.dir/libraries/hardware/hardware.cpp.obj
                0x1000073c                digishuo::max7219::write(unsigned char, unsigned char)
 .text._ZN8digishuo7max72196updateEv
                0x10000758        0xe CMakeFiles/blink.dir/libraries/hardware/hardware.cpp.obj
                0x10000758                digishuo::max7219::update()
 *fill*         0x10000766        0x2 
 .text._ZN8pimoroni13PicoRGBKeypad6updateEv
                0x10000768       0x20 CMakeFiles/blink.dir/libraries/hardware/hardware.cpp.obj
                0x10000768                pimoroni::PicoRGBKeypad::update()
 .text._ZN8pimoroni13PicoRGBKeypad14set_brightnessEf
                0x10000788       0x4c CMakeFiles/blink.dir/libraries/hardware/hardware.cpp.obj
                0x10000788                pimoroni::PicoRGBKeypad::set_brightness(float)
 .text._ZN8pimoroni13PicoRGBKeypadC2Ev
                0x100007d4       0x8c CMakeFiles/blink.dir/libraries/hardware/hardware.cpp.obj
                0x100007d4                pimoroni::PicoRGBKeypad::PicoRGBKeypad()
                0x100007d4                pimoroni::PicoRGBKeypad::PicoRGBKeypad()
 .text._ZN8pimoroni13PicoRGBKeypad10illuminateEhhhhh
                0x10000860       0x2c CMakeFiles/blink.dir/libraries/hardware/hardware.cpp.obj
                0x10000860                pimoroni::PicoRGBKeypad::illuminate(unsigned char, unsigned char, unsigned char, unsigned char, unsigned char)
 .text._ZN8pimoroni13PicoRGBKeypad10illuminateEhhhh
                0x1000088c       0x20 CMakeFiles/blink.dir/libraries/hardware/hardware.cpp.obj
                0x1000088c                pimoroni::PicoRGBKeypad::illuminate(unsigned char, unsigned char, unsigned char, unsigned char)
 .text._ZN8pimoroni13PicoRGBKeypad5clearEv
                0x100008ac       0x24 CMakeFiles/blink.dir/libraries/hardware/hardware.cpp.obj
                0x100008ac                pimoroni::PicoRGBKeypad::clear()
 .text._ZN8pimoroni13PicoRGBKeypad17get_button_statesEv
                0x100008d0       0x40 CMakeFiles/blink.dir/libraries/hardware/hardware.cpp.obj
                0x100008d0                pimoroni::PicoRGBKeypad::get_button_states()
 .text.kf_bfly2
                0x10000910       0xb8 CMakeFiles/blink.dir/libraries/kissfft/kiss_fft.c.obj
 .text.kf_bfly4
                0x100009c8      0x278 CMakeFiles/blink.dir/libraries/kissfft/kiss_fft.c.obj
 .text.kf_bfly3
                0x10000c40      0x1c4 CMakeFiles/blink.dir/libraries/kissfft/kiss_fft.c.obj
 .text.kf_bfly5
                0x10000e04      0x432 CMakeFiles/blink.dir/libraries/kissfft/kiss_fft.c.obj
 .text.kf_factor
                0x10001236       0x72 CMakeFiles/blink.dir/libraries/kissfft/kiss_fft.c.obj
 .text.kf_bfly_generic
                0x100012a8      0x18c CMakeFiles/blink.dir/libraries/kissfft/kiss_fft.c.obj
 .text.kf_work  0x10001434       0xe0 CMakeFiles/blink.dir/libraries/kissfft/kiss_fft.c.obj
 .text.kiss_fft_alloc
                0x10001514       0xe0 CMakeFiles/blink.dir/libraries/kissfft/kiss_fft.c.obj
                0x10001514                kiss_fft_alloc
 .text.kiss_fft_stride
                0x100015f4       0xcc CMakeFiles/blink.dir/libraries/kissfft/kiss_fft.c.obj
                0x100015f4                kiss_fft_stride
 .text.kiss_fft
                0x100016c0        0xa CMakeFiles/blink.dir/libraries/kissfft/kiss_fft.c.obj
                0x100016c0                kiss_fft
 *fill*         0x100016ca        0x2 
 .text.gpio_set_function
                0x100016cc       0x34 CMakeFiles/blink.dir/C_/Users/mydre/.pico-sdk/sdk/2.2.0/src/rp2_common/hardware_gpio/gpio.c.obj
                0x100016cc                gpio_set_function
 .text.gpio_set_pulls
                0x10001700       0x38 CMakeFiles/blink.dir/C_/Users/mydre/.pico-sdk/sdk/2.2.0/src/rp2_common/hardware_gpio/gpio.c.obj
                0x10001700                gpio_set_pulls
 .text.gpio_set_input_enabled
                0x10001738       0x28 CMakeFiles/blink.dir/C_/Users/mydre/.pico-sdk/sdk/2.2.0/src/rp2_common/hardware_gpio/gpio.c.obj
                0x10001738                gpio_set_input_enabled
 .text.gpio_init
                0x10001760       0x16 CMakeFiles/blink.dir/C_/Users/mydre/.pico-sdk/sdk/2.2.0/src/rp2_common/hardware_gpio/gpio.c.obj
                0x10001760                gpio_init
 *fill*         0x10001776        0x2 
 .text.panic    0x10001778       0x30 CMakeFiles/blink.dir/C_/Users/mydre/.pico-sdk/sdk/2.2.0/src/rp2_common/pico_platform_panic/panic.c.obj
                0x10001778                panic
 .text.hw_claim_lock
                0x100017a8       0x18 CMakeFiles/blink.dir/C_/Users/mydre/.pico-sdk/sdk/2.2.0/src/common/hardware_claim/claim.c.obj
                0x100017a8                hw_claim_lock
 .text.hw_claim_unlock
                0x100017c0       0x14 CMakeFiles/blink.dir/C_/Users/mydre/.pico-sdk/sdk/2.2.0/src/common/hardware_claim/claim.c.obj
                0x100017c0                hw_claim_unlock
 .text.hw_claim_or_assert
                0x100017d4       0x32 CMakeFiles/blink.dir/C_/Users/mydre/.pico-sdk/sdk/2.2.0/src/common/hardware_claim/claim.c.obj
                0x100017d4                hw_claim_or_assert
 *fill*         0x10001806        0x2 
 .text.next_striped_spin_lock_num
                0x10001808       0x1c CMakeFiles/blink.dir/C_/Users/mydre/.pico-sdk/sdk/2.2.0/src/rp2_common/hardware_sync/sync.c.obj
                0x10001808                next_striped_spin_lock_num
 .text.spin_locks_reset
                0x10001824       0x20 CMakeFiles/blink.dir/C_/Users/mydre/.pico-sdk/sdk/2.2.0/src/rp2_common/hardware_sync_spin_lock/sync_spin_lock.c.obj
                0x10001824                spin_locks_reset
 .text.set_raw_irq_handler_and_unlock
                0x10001844       0x28 CMakeFiles/blink.dir/C_/Users/mydre/.pico-sdk/sdk/2.2.0/src/rp2_common/hardware_irq/irq.c.obj
 .text.nvic_ipr0
                0x1000186c        0x8 CMakeFiles/blink.dir/C_/Users/mydre/.pico-sdk/sdk/2.2.0/src/rp2_common/hardware_irq/irq.c.obj
 .text.runtime_init_per_core_irq_priorities
                0x10001874       0x1c CMakeFiles/blink.dir/C_/Users/mydre/.pico-sdk/sdk/2.2.0/src/rp2_common/hardware_irq/irq.c.obj
                0x10001874                runtime_init_per_core_irq_priorities
 .text.resolve_j_16
                0x10001890       0x30 CMakeFiles/blink.dir/C_/Users/mydre/.pico-sdk/sdk/2.2.0/src/rp2_common/hardware_irq/irq.c.obj
 .text.make_j_16
                0x100018c0       0x48 CMakeFiles/blink.dir/C_/Users/mydre/.pico-sdk/sdk/2.2.0/src/rp2_common/hardware_irq/irq.c.obj
 .text.insert_bl_32
                0x10001908       0x40 CMakeFiles/blink.dir/C_/Users/mydre/.pico-sdk/sdk/2.2.0/src/rp2_common/hardware_irq/irq.c.obj
 .text.irq_is_enabled
                0x10001948       0x18 CMakeFiles/blink.dir/C_/Users/mydre/.pico-sdk/sdk/2.2.0/src/rp2_common/hardware_irq/irq.c.obj
                0x10001948                irq_is_enabled
 .text.irq_set_mask_n_enabled
                0x10001960       0x1c CMakeFiles/blink.dir/C_/Users/mydre/.pico-sdk/sdk/2.2.0/src/rp2_common/hardware_irq/irq.c.obj
                0x10001960                irq_set_mask_n_enabled
 .text.irq_set_enabled
                0x1000197c       0x14 CMakeFiles/blink.dir/C_/Users/mydre/.pico-sdk/sdk/2.2.0/src/rp2_common/hardware_irq/irq.c.obj
                0x1000197c                irq_set_enabled
 .text.irq_get_vtable_handler
                0x10001990       0x10 CMakeFiles/blink.dir/C_/Users/mydre/.pico-sdk/sdk/2.2.0/src/rp2_common/hardware_irq/irq.c.obj
                0x10001990                irq_get_vtable_handler
 .text.irq_set_exclusive_handler
                0x100019a0       0x54 CMakeFiles/blink.dir/C_/Users/mydre/.pico-sdk/sdk/2.2.0/src/rp2_common/hardware_irq/irq.c.obj
                0x100019a0                irq_set_exclusive_handler
 .text.irq_remove_handler
                0x100019f4      0x18c CMakeFiles/blink.dir/C_/Users/mydre/.pico-sdk/sdk/2.2.0/src/rp2_common/hardware_irq/irq.c.obj
                0x100019f4                irq_remove_handler
 .text.irq_add_tail_to_free_list
                0x10001b80       0xf4 CMakeFiles/blink.dir/C_/Users/mydre/.pico-sdk/sdk/2.2.0/src/rp2_common/hardware_irq/irq.c.obj
                0x10001b80                irq_add_tail_to_free_list
 .text.lock_init
                0x10001c74       0x10 CMakeFiles/blink.dir/C_/Users/mydre/.pico-sdk/sdk/2.2.0/src/common/pico_sync/lock_core.c.obj
                0x10001c74                lock_init
 .text.mutex_init
                0x10001c84       0x1a CMakeFiles/blink.dir/C_/Users/mydre/.pico-sdk/sdk/2.2.0/src/common/pico_sync/mutex.c.obj
                0x10001c84                mutex_init
 .text.recursive_mutex_init
                0x10001c9e       0x1e CMakeFiles/blink.dir/C_/Users/mydre/.pico-sdk/sdk/2.2.0/src/common/pico_sync/mutex.c.obj
                0x10001c9e                recursive_mutex_init
 .text.runtime_init_mutex
                0x10001cbc       0x4c CMakeFiles/blink.dir/C_/Users/mydre/.pico-sdk/sdk/2.2.0/src/common/pico_sync/mutex.c.obj
                0x10001cbc                runtime_init_mutex
 .text.ta_set_timeout
                0x10001d08       0x24 CMakeFiles/blink.dir/C_/Users/mydre/.pico-sdk/sdk/2.2.0/src/common/pico_time/time.c.obj
 .text.make_alarm_id
                0x10001d2c        0x6 CMakeFiles/blink.dir/C_/Users/mydre/.pico-sdk/sdk/2.2.0/src/common/pico_time/time.c.obj
 *fill*         0x10001d32        0x2 
 .text.sleep_until_callback
                0x10001d34       0x30 CMakeFiles/blink.dir/C_/Users/mydre/.pico-sdk/sdk/2.2.0/src/common/pico_time/time.c.obj
 .text.alarm_pool_irq_handler
                0x10001d64      0x2f0 CMakeFiles/blink.dir/C_/Users/mydre/.pico-sdk/sdk/2.2.0/src/common/pico_time/time.c.obj
 .text.ta_enable_irq_handler
                0x10002054       0x2c CMakeFiles/blink.dir/C_/Users/mydre/.pico-sdk/sdk/2.2.0/src/common/pico_time/time.c.obj
 .text.alarm_pool_post_alloc_init
                0x10002080       0x78 CMakeFiles/blink.dir/C_/Users/mydre/.pico-sdk/sdk/2.2.0/src/common/pico_time/time.c.obj
 .text.alarm_pool_get_default
                0x100020f8       0x2c CMakeFiles/blink.dir/C_/Users/mydre/.pico-sdk/sdk/2.2.0/src/common/pico_time/time.c.obj
                0x100020f8                alarm_pool_get_default
 .text.alarm_pool_add_alarm_at_force_in_context
                0x10002124       0xa4 CMakeFiles/blink.dir/C_/Users/mydre/.pico-sdk/sdk/2.2.0/src/common/pico_time/time.c.obj
                0x10002124                alarm_pool_add_alarm_at_force_in_context
 .text.alarm_pool_add_alarm_at
                0x100021c8       0x3c CMakeFiles/blink.dir/C_/Users/mydre/.pico-sdk/sdk/2.2.0/src/common/pico_time/time.c.obj
                0x100021c8                alarm_pool_add_alarm_at
 .text.add_alarm_at
                0x10002204       0x2e CMakeFiles/blink.dir/C_/Users/mydre/.pico-sdk/sdk/2.2.0/src/common/pico_time/time.c.obj
 *fill*         0x10002232        0x2 
 .text.alarm_pool_cancel_alarm
                0x10002234       0x78 CMakeFiles/blink.dir/C_/Users/mydre/.pico-sdk/sdk/2.2.0/src/common/pico_time/time.c.obj
                0x10002234                alarm_pool_cancel_alarm
 .text.cancel_alarm
                0x100022ac       0x10 CMakeFiles/blink.dir/C_/Users/mydre/.pico-sdk/sdk/2.2.0/src/common/pico_time/time.c.obj
 .text.sleep_until
                0x100022bc       0xb0 CMakeFiles/blink.dir/C_/Users/mydre/.pico-sdk/sdk/2.2.0/src/common/pico_time/time.c.obj
                0x100022bc                sleep_until
 .text.sleep_us
                0x1000236c       0x24 CMakeFiles/blink.dir/C_/Users/mydre/.pico-sdk/sdk/2.2.0/src/common/pico_time/time.c.obj
                0x1000236c                sleep_us
 .text.sleep_ms
                0x10002390       0x14 CMakeFiles/blink.dir/C_/Users/mydre/.pico-sdk/sdk/2.2.0/src/common/pico_time/time.c.obj
                0x10002390                sleep_ms
 .text.best_effort_wfe_or_timeout
                0x100023a4      0x11c CMakeFiles/blink.dir/C_/Users/mydre/.pico-sdk/sdk/2.2.0/src/common/pico_time/time.c.obj
                0x100023a4                best_effort_wfe_or_timeout
 .text.alarm_pool_get_default_timer
                0x100024c0        0x8 CMakeFiles/blink.dir/C_/Users/mydre/.pico-sdk/sdk/2.2.0/src/common/pico_time/time.c.obj
                0x100024c0                alarm_pool_get_default_timer
 .text.runtime_init_default_alarm_pool
                0x100024c8       0x38 CMakeFiles/blink.dir/C_/Users/mydre/.pico-sdk/sdk/2.2.0/src/common/pico_time/time.c.obj
                0x100024c8                runtime_init_default_alarm_pool
 .text.timer_hardware_alarm_claim
                0x10002500       0x14 CMakeFiles/blink.dir/C_/Users/mydre/.pico-sdk/sdk/2.2.0/src/rp2_common/hardware_timer/timer.c.obj
                0x10002500                timer_hardware_alarm_claim
 .text.timer_time_us_64
                0x10002514       0x10 CMakeFiles/blink.dir/C_/Users/mydre/.pico-sdk/sdk/2.2.0/src/rp2_common/hardware_timer/timer.c.obj
                0x10002514                timer_time_us_64
 .text.timer_busy_wait_until
                0x10002524       0x1a CMakeFiles/blink.dir/C_/Users/mydre/.pico-sdk/sdk/2.2.0/src/rp2_common/hardware_timer/timer.c.obj
                0x10002524                timer_busy_wait_until
 .text.timer_busy_wait_us
                0x1000253e       0x38 CMakeFiles/blink.dir/C_/Users/mydre/.pico-sdk/sdk/2.2.0/src/rp2_common/hardware_timer/timer.c.obj
                0x1000253e                timer_busy_wait_us
 *fill*         0x10002576        0x2 
 .text.time_us_64
                0x10002578       0x10 CMakeFiles/blink.dir/C_/Users/mydre/.pico-sdk/sdk/2.2.0/src/rp2_common/hardware_timer/timer.c.obj
                0x10002578                time_us_64
 .text.busy_wait_us
                0x10002588       0x14 CMakeFiles/blink.dir/C_/Users/mydre/.pico-sdk/sdk/2.2.0/src/rp2_common/hardware_timer/timer.c.obj
                0x10002588                busy_wait_us
 .text.busy_wait_until
                0x1000259c       0x14 CMakeFiles/blink.dir/C_/Users/mydre/.pico-sdk/sdk/2.2.0/src/rp2_common/hardware_timer/timer.c.obj
                0x1000259c                busy_wait_until
 .text.uart_unreset
                0x100025b0       0x2c CMakeFiles/blink.dir/C_/Users/mydre/.pico-sdk/sdk/2.2.0/src/rp2_common/hardware_uart/uart.c.obj
 .text.uart_disable_before_lcr_write
                0x100025dc       0x48 CMakeFiles/blink.dir/C_/Users/mydre/.pico-sdk/sdk/2.2.0/src/rp2_common/hardware_uart/uart.c.obj
 .text.uart_write_lcr_bits_masked
                0x10002624       0x20 CMakeFiles/blink.dir/C_/Users/mydre/.pico-sdk/sdk/2.2.0/src/rp2_common/hardware_uart/uart.c.obj
 .text.uart_set_baudrate
                0x10002644       0x5c CMakeFiles/blink.dir/C_/Users/mydre/.pico-sdk/sdk/2.2.0/src/rp2_common/hardware_uart/uart.c.obj
                0x10002644                uart_set_baudrate
 .text.uart_set_translate_crlf
                0x100026a0       0x28 CMakeFiles/blink.dir/C_/Users/mydre/.pico-sdk/sdk/2.2.0/src/rp2_common/hardware_uart/uart.c.obj
                0x100026a0                uart_set_translate_crlf
 .text.uart_init
                0x100026c8       0x64 CMakeFiles/blink.dir/C_/Users/mydre/.pico-sdk/sdk/2.2.0/src/rp2_common/hardware_uart/uart.c.obj
                0x100026c8                uart_init
 .text.clock_configure_internal
                0x1000272c       0xc4 CMakeFiles/blink.dir/C_/Users/mydre/.pico-sdk/sdk/2.2.0/src/rp2_common/hardware_clocks/clocks.c.obj
 .text.clock_configure_int_divider
                0x100027f0       0x28 CMakeFiles/blink.dir/C_/Users/mydre/.pico-sdk/sdk/2.2.0/src/rp2_common/hardware_clocks/clocks.c.obj
                0x100027f0                clock_configure_int_divider
 .text.clock_configure_undivided
                0x10002818       0x12 CMakeFiles/blink.dir/C_/Users/mydre/.pico-sdk/sdk/2.2.0/src/rp2_common/hardware_clocks/clocks.c.obj
                0x10002818                clock_configure_undivided
 *fill*         0x1000282a        0x2 
 .text.clock_get_hz
                0x1000282c        0xc CMakeFiles/blink.dir/C_/Users/mydre/.pico-sdk/sdk/2.2.0/src/rp2_common/hardware_clocks/clocks.c.obj
                0x1000282c                clock_get_hz
 .text.pll_init
                0x10002838      0x124 CMakeFiles/blink.dir/C_/Users/mydre/.pico-sdk/sdk/2.2.0/src/rp2_common/hardware_pll/pll.c.obj
                0x10002838                pll_init
 .text.tick_start
                0x1000295c       0x10 CMakeFiles/blink.dir/C_/Users/mydre/.pico-sdk/sdk/2.2.0/src/rp2_common/hardware_ticks/ticks.c.obj
                0x1000295c                tick_start
 .text.rom_func_lookup
                0x1000296c       0x10 CMakeFiles/blink.dir/C_/Users/mydre/.pico-sdk/sdk/2.2.0/src/rp2_common/pico_bootrom/bootrom.c.obj
                0x1000296c                rom_func_lookup
 .text.rom_data_lookup
                0x1000297c       0x10 CMakeFiles/blink.dir/C_/Users/mydre/.pico-sdk/sdk/2.2.0/src/rp2_common/pico_bootrom/bootrom.c.obj
                0x1000297c                rom_data_lookup
 .text.rom_funcs_lookup
                0x1000298c       0x36 CMakeFiles/blink.dir/C_/Users/mydre/.pico-sdk/sdk/2.2.0/src/rp2_common/pico_bootrom/bootrom.c.obj
                0x1000298c                rom_funcs_lookup
 *fill*         0x100029c2        0x2 
 .text.xosc_init
                0x100029c4       0x2c CMakeFiles/blink.dir/C_/Users/mydre/.pico-sdk/sdk/2.2.0/src/rp2_common/hardware_xosc/xosc.c.obj
                0x100029c4                xosc_init
 .text.runtime_run_initializers_from
                0x100029f0       0x18 CMakeFiles/blink.dir/C_/Users/mydre/.pico-sdk/sdk/2.2.0/src/rp2_common/pico_runtime/runtime.c.obj
 .text.first_per_core_initializer
                0x10002a08        0x2 CMakeFiles/blink.dir/C_/Users/mydre/.pico-sdk/sdk/2.2.0/src/rp2_common/pico_runtime/runtime.c.obj
 *fill*         0x10002a0a        0x2 
 .text.runtime_run_initializers
                0x10002a0c       0x10 CMakeFiles/blink.dir/C_/Users/mydre/.pico-sdk/sdk/2.2.0/src/rp2_common/pico_runtime/runtime.c.obj
                0x10002a0c                runtime_run_initializers
 .text.runtime_init_early_resets
                0x10002a1c       0x2c CMakeFiles/blink.dir/C_/Users/mydre/.pico-sdk/sdk/2.2.0/src/rp2_common/pico_runtime_init/runtime_init.c.obj
                0x10002a1c                runtime_init_early_resets
 .text.runtime_init_usb_power_down
                0x10002a48       0x1c CMakeFiles/blink.dir/C_/Users/mydre/.pico-sdk/sdk/2.2.0/src/rp2_common/pico_runtime_init/runtime_init.c.obj
                0x10002a48                runtime_init_usb_power_down
 .text.runtime_init_post_clock_resets
                0x10002a64       0x20 CMakeFiles/blink.dir/C_/Users/mydre/.pico-sdk/sdk/2.2.0/src/rp2_common/pico_runtime_init/runtime_init.c.obj
                0x10002a64                runtime_init_post_clock_resets
 .text.runtime_init_rp2040_gpio_ie_disable
                0x10002a84       0x14 CMakeFiles/blink.dir/C_/Users/mydre/.pico-sdk/sdk/2.2.0/src/rp2_common/pico_runtime_init/runtime_init.c.obj
                0x10002a84                runtime_init_rp2040_gpio_ie_disable
 .text.runtime_init_spin_locks_reset
                0x10002a98        0x8 CMakeFiles/blink.dir/C_/Users/mydre/.pico-sdk/sdk/2.2.0/src/rp2_common/pico_runtime_init/runtime_init.c.obj
                0x10002a98                runtime_init_spin_locks_reset
 .text.runtime_init_install_ram_vector_table
                0x10002aa0       0x48 CMakeFiles/blink.dir/C_/Users/mydre/.pico-sdk/sdk/2.2.0/src/rp2_common/pico_runtime_init/runtime_init.c.obj
                0x10002aa0                runtime_init_install_ram_vector_table
 .text.start_all_ticks
                0x10002ae8       0x28 CMakeFiles/blink.dir/C_/Users/mydre/.pico-sdk/sdk/2.2.0/src/rp2_common/pico_runtime_init/runtime_init_clocks.c.obj
 .text.runtime_init_clocks
                0x10002b10       0xcc CMakeFiles/blink.dir/C_/Users/mydre/.pico-sdk/sdk/2.2.0/src/rp2_common/pico_runtime_init/runtime_init_clocks.c.obj
                0x10002b10                runtime_init_clocks
 .text          0x10002bdc       0x10 CMakeFiles/blink.dir/C_/Users/mydre/.pico-sdk/sdk/2.2.0/src/rp2_common/pico_bit_ops/bit_ops_aeabi.S.obj
 .text.__wrap___aeabi_idiv
                0x10002bec       0x50 CMakeFiles/blink.dir/C_/Users/mydre/.pico-sdk/sdk/2.2.0/src/rp2_common/pico_divider/divider_hardware.S.obj
                0x10002bec                __wrap___aeabi_idivmod
                0x10002bec                divmod_s32s32
                0x10002bec                div_s32s32
                0x10002bec                __wrap___aeabi_idiv
                0x10002bf4                divmod_s32s32_unsafe
                0x10002c20                divmod_s32s32_savestate
 .text.__wrap___aeabi_uidiv
                0x10002c3c       0x4c CMakeFiles/blink.dir/C_/Users/mydre/.pico-sdk/sdk/2.2.0/src/rp2_common/pico_divider/divider_hardware.S.obj
                0x10002c3c                __wrap___aeabi_uidiv
                0x10002c3c                __wrap___aeabi_uidivmod
                0x10002c3c                div_u32u32
                0x10002c3c                divmod_u32u32
                0x10002c44                divmod_u32u32_unsafe
                0x10002c6c                divmod_u32u32_savestate
 .text.__wrap___aeabi_ldiv
                0x10002c88      0x424 CMakeFiles/blink.dir/C_/Users/mydre/.pico-sdk/sdk/2.2.0/src/rp2_common/pico_divider/divider_hardware.S.obj
                0x10002c88                div_s64s64
                0x10002c88                divmod_s64s64
                0x10002c88                __wrap___aeabi_ldivmod
                0x10002cb8                divmod_u64u64
                0x10002cb8                div_u64u64
                0x10002cb8                __wrap___aeabi_uldivmod
                0x10002cc8                divmod_u64u64_savestate
                0x10002ce8                divmod_s64s64_unsafe
                0x10002d70                divmod_u64u64_unsafe
 .text.push_r8_r11
                0x100030ac        0xc CMakeFiles/blink.dir/C_/Users/mydre/.pico-sdk/sdk/2.2.0/src/rp2_common/pico_double/double_aeabi_rp2040.S.obj
                0x100030ac                push_r8_r11
 .text.pop_r8_r11
                0x100030b8        0xc CMakeFiles/blink.dir/C_/Users/mydre/.pico-sdk/sdk/2.2.0/src/rp2_common/pico_double/double_aeabi_rp2040.S.obj
                0x100030b8                pop_r8_r11
 .text.__wrap___aeabi_darithmetic
                0x100030c4       0x80 CMakeFiles/blink.dir/C_/Users/mydre/.pico-sdk/sdk/2.2.0/src/rp2_common/pico_double/double_aeabi_rp2040.S.obj
                0x100030c4                __wrap___aeabi_drsub
                0x100030ca                __wrap___aeabi_dsub
                0x100030dc                __wrap___aeabi_dadd
                0x100030ee                __wrap___aeabi_ddiv
                0x1000312a                __wrap___aeabi_dmul
 .text.__wrap___aeabi_cdcmple
                0x10003144       0x6c CMakeFiles/blink.dir/C_/Users/mydre/.pico-sdk/sdk/2.2.0/src/rp2_common/pico_double/double_aeabi_rp2040.S.obj
                0x10003144                __wrap___aeabi_cdrcmple
                0x10003154                __wrap___aeabi_cdcmpeq
                0x10003154                __wrap___aeabi_cdcmple
 .text.__wrap___aeabi_dcmplt
                0x100031b0        0xc CMakeFiles/blink.dir/C_/Users/mydre/.pico-sdk/sdk/2.2.0/src/rp2_common/pico_double/double_aeabi_rp2040.S.obj
                0x100031b0                __wrap___aeabi_dcmplt
 .text.__wrap___aeabi_dcmple
                0x100031bc       0x10 CMakeFiles/blink.dir/C_/Users/mydre/.pico-sdk/sdk/2.2.0/src/rp2_common/pico_double/double_aeabi_rp2040.S.obj
                0x100031bc                __wrap___aeabi_dcmple
 .text.__wrap___aeabi_dcmpge
                0x100031cc       0x10 CMakeFiles/blink.dir/C_/Users/mydre/.pico-sdk/sdk/2.2.0/src/rp2_common/pico_double/double_aeabi_rp2040.S.obj
                0x100031cc                __wrap___aeabi_dcmpge
 .text.__wrap___aeabi_dcmpgt
                0x100031dc        0xa CMakeFiles/blink.dir/C_/Users/mydre/.pico-sdk/sdk/2.2.0/src/rp2_common/pico_double/double_aeabi_rp2040.S.obj
                0x100031dc                __wrap___aeabi_dcmpgt
 .text.__wrap___aeabi_dcmpun
                0x100031e6       0x18 CMakeFiles/blink.dir/C_/Users/mydre/.pico-sdk/sdk/2.2.0/src/rp2_common/pico_double/double_aeabi_rp2040.S.obj
                0x100031e6                __wrap___aeabi_dcmpun
 *fill*         0x100031fe        0x2 
 .text.__wrap___aeabi_i2d
                0x10003200       0x38 CMakeFiles/blink.dir/C_/Users/mydre/.pico-sdk/sdk/2.2.0/src/rp2_common/pico_double/double_aeabi_rp2040.S.obj
                0x10003200                uint2double
                0x10003200                __wrap___aeabi_ui2d
                0x10003208                int2double
                0x10003208                __wrap___aeabi_i2d
 .text.__wrap___aeabi_d2iz
                0x10003238       0x48 CMakeFiles/blink.dir/C_/Users/mydre/.pico-sdk/sdk/2.2.0/src/rp2_common/pico_double/double_aeabi_rp2040.S.obj
                0x10003238                double2int_z
                0x10003238                __wrap___aeabi_d2iz
 .text.__wrap___aeabi_d2uiz
                0x10003280       0x18 CMakeFiles/blink.dir/C_/Users/mydre/.pico-sdk/sdk/2.2.0/src/rp2_common/pico_double/double_aeabi_rp2040.S.obj
                0x10003280                double2uint
                0x10003280                __wrap___aeabi_d2uiz
                0x10003280                double2uint_z
 .text.fix642double
                0x10003298       0x18 CMakeFiles/blink.dir/C_/Users/mydre/.pico-sdk/sdk/2.2.0/src/rp2_common/pico_double/double_aeabi_rp2040.S.obj
                0x10003298                fix642double
 .text.__wrap___aeabi_d2f
                0x100032b0       0x18 CMakeFiles/blink.dir/C_/Users/mydre/.pico-sdk/sdk/2.2.0/src/rp2_common/pico_double/double_aeabi_rp2040.S.obj
                0x100032b0                __wrap___aeabi_d2f
 .text.__wrap_srqt
                0x100032c8       0x18 CMakeFiles/blink.dir/C_/Users/mydre/.pico-sdk/sdk/2.2.0/src/rp2_common/pico_double/double_aeabi_rp2040.S.obj
                0x100032c8                __wrap_sqrt
 .text.__wrap_sincostan_remainder
                0x100032e0       0x14 CMakeFiles/blink.dir/C_/Users/mydre/.pico-sdk/sdk/2.2.0/src/rp2_common/pico_double/double_aeabi_rp2040.S.obj
                0x100032e0                sincostan_remainder
 .text.__wrap_cos
                0x100032f4       0x2c CMakeFiles/blink.dir/C_/Users/mydre/.pico-sdk/sdk/2.2.0/src/rp2_common/pico_double/double_aeabi_rp2040.S.obj
                0x100032f4                __wrap_cos
 .text.__wrap_sin
                0x10003320       0x2c CMakeFiles/blink.dir/C_/Users/mydre/.pico-sdk/sdk/2.2.0/src/rp2_common/pico_double/double_aeabi_rp2040.S.obj
                0x10003320                __wrap_sin
 .text.__aeabi_double_init
                0x1000334c       0xcc CMakeFiles/blink.dir/C_/Users/mydre/.pico-sdk/sdk/2.2.0/src/rp2_common/pico_double/double_init_rom_rp2040.c.obj
                0x1000334c                __aeabi_double_init
 .text.drem_0   0x10003418      0x122 CMakeFiles/blink.dir/C_/Users/mydre/.pico-sdk/sdk/2.2.0/src/rp2_common/pico_double/double_math.c.obj
 *fill*         0x1000353a        0x2 
 .text.__wrap_floor
                0x1000353c       0x98 CMakeFiles/blink.dir/C_/Users/mydre/.pico-sdk/sdk/2.2.0/src/rp2_common/pico_double/double_math.c.obj
                0x1000353c                __wrap_floor
 .text.__wrap_remquo
                0x100035d4      0x184 CMakeFiles/blink.dir/C_/Users/mydre/.pico-sdk/sdk/2.2.0/src/rp2_common/pico_double/double_math.c.obj
                0x100035d4                __wrap_remquo
 .text.__wrap_remainder
                0x10003758       0x10 CMakeFiles/blink.dir/C_/Users/mydre/.pico-sdk/sdk/2.2.0/src/rp2_common/pico_double/double_math.c.obj
                0x10003758                __wrap_remainder
 .text.double_table_shim_on_use_helper
                0x10003768       0x34 CMakeFiles/blink.dir/C_/Users/mydre/.pico-sdk/sdk/2.2.0/src/rp2_common/pico_double/double_v1_rom_shim_rp2040.S.obj
                0x10003768                double_table_shim_on_use_helper
 .text.__wrap___aeabi_dsub
                0x1000379c       0x10 CMakeFiles/blink.dir/C_/Users/mydre/.pico-sdk/sdk/2.2.0/src/rp2_common/pico_double/double_v1_rom_shim_rp2040.S.obj
                0x1000379c                drsub_shim
                0x100037a2                dsub_shim
 .text.dadd_shim
                0x100037ac      0x15c CMakeFiles/blink.dir/C_/Users/mydre/.pico-sdk/sdk/2.2.0/src/rp2_common/pico_double/double_v1_rom_shim_rp2040.S.obj
                0x100037ac                dadd_shim
 .text.dmul_shim
                0x10003908      0x15c CMakeFiles/blink.dir/C_/Users/mydre/.pico-sdk/sdk/2.2.0/src/rp2_common/pico_double/double_v1_rom_shim_rp2040.S.obj
                0x10003908                dmul_shim
 .text.ddiv_shim
                0x10003a64      0x1b0 CMakeFiles/blink.dir/C_/Users/mydre/.pico-sdk/sdk/2.2.0/src/rp2_common/pico_double/double_v1_rom_shim_rp2040.S.obj
                0x10003a64                ddiv_shim
 .text.dsqrt_shim
                0x10003c14      0x1a8 CMakeFiles/blink.dir/C_/Users/mydre/.pico-sdk/sdk/2.2.0/src/rp2_common/pico_double/double_v1_rom_shim_rp2040.S.obj
                0x10003c30                dsqrt_shim
 .text.dcordic_vec_step
                0x10003dbc        0xe CMakeFiles/blink.dir/C_/Users/mydre/.pico-sdk/sdk/2.2.0/src/rp2_common/pico_double/double_v1_rom_shim_rp2040.S.obj
                0x10003dbc                dcordic_vec_step
 .text.dcordic_rot_step
                0x10003dca       0x76 CMakeFiles/blink.dir/C_/Users/mydre/.pico-sdk/sdk/2.2.0/src/rp2_common/pico_double/double_v1_rom_shim_rp2040.S.obj
                0x10003dca                dcordic_rot_step
 .text.double2uint_shim
                0x10003e40        0xe CMakeFiles/blink.dir/C_/Users/mydre/.pico-sdk/sdk/2.2.0/src/rp2_common/pico_double/double_v1_rom_shim_rp2040.S.obj
                0x10003e40                double2uint_shim
                0x10003e42                double2ufix_shim
 .text.double2int64_shim
                0x10003e4e       0x1a CMakeFiles/blink.dir/C_/Users/mydre/.pico-sdk/sdk/2.2.0/src/rp2_common/pico_double/double_v1_rom_shim_rp2040.S.obj
                0x10003e4e                double2int64_shim
                0x10003e50                double2fix64_shim
 .text.double2uint64_shim
                0x10003e68       0x70 CMakeFiles/blink.dir/C_/Users/mydre/.pico-sdk/sdk/2.2.0/src/rp2_common/pico_double/double_v1_rom_shim_rp2040.S.obj
                0x10003e68                double2uint64_shim
                0x10003e6a                double2ufix64_shim
                0x10003e8a                d2fix_a
 .text.double2float_shim
                0x10003ed8       0x5c CMakeFiles/blink.dir/C_/Users/mydre/.pico-sdk/sdk/2.2.0/src/rp2_common/pico_double/double_v1_rom_shim_rp2040.S.obj
                0x10003ed8                double2float_shim
 .text.x2double_shims
                0x10003f34       0x90 CMakeFiles/blink.dir/C_/Users/mydre/.pico-sdk/sdk/2.2.0/src/rp2_common/pico_double/double_v1_rom_shim_rp2040.S.obj
                0x10003f34                uint2double_shim
                0x10003f36                ufix2double_shim
                0x10003f3c                int2double_shim
                0x10003f3e                fix2double_shim
                0x10003f44                uint642double_shim
                0x10003f46                ufix642double_shim
                0x10003f4c                int642double_shim
                0x10003f4e                fix642double_shim
 .text.dunpacks
                0x10003fc4       0x3c CMakeFiles/blink.dir/C_/Users/mydre/.pico-sdk/sdk/2.2.0/src/rp2_common/pico_double/double_v1_rom_shim_rp2040.S.obj
                0x10003fc4                dunpacks
 .text.dreduce  0x10004000       0x82 CMakeFiles/blink.dir/C_/Users/mydre/.pico-sdk/sdk/2.2.0/src/rp2_common/pico_double/double_v1_rom_shim_rp2040.S.obj
                0x10004000                dreduce
 .text.dcos_shim
                0x10004082       0x10 CMakeFiles/blink.dir/C_/Users/mydre/.pico-sdk/sdk/2.2.0/src/rp2_common/pico_double/double_v1_rom_shim_rp2040.S.obj
                0x10004082                dcos_shim
 .text.dsin_shim
                0x10004092       0x14 CMakeFiles/blink.dir/C_/Users/mydre/.pico-sdk/sdk/2.2.0/src/rp2_common/pico_double/double_v1_rom_shim_rp2040.S.obj
                0x10004092                dsin_shim
 *fill*         0x100040a6        0x2 
 .text.dtrig_guts
                0x100040a8      0x2ec CMakeFiles/blink.dir/C_/Users/mydre/.pico-sdk/sdk/2.2.0/src/rp2_common/pico_double/double_v1_rom_shim_rp2040.S.obj
                0x10004180                datan2_shim
 .text.__aeabi_lmul
                0x10004394       0x32 CMakeFiles/blink.dir/C_/Users/mydre/.pico-sdk/sdk/2.2.0/src/rp2_common/pico_int64_ops/pico_int64_ops_aeabi.S.obj
                0x10004394                __wrap___aeabi_lmul
 *fill*         0x100043c6        0x2 
 .text.__wrap___aeabi_farithmetic
                0x100043c8       0x58 CMakeFiles/blink.dir/C_/Users/mydre/.pico-sdk/sdk/2.2.0/src/rp2_common/pico_float/float_aeabi_rp2040.S.obj
                0x100043c8                __wrap___aeabi_frsub
                0x100043ce                __wrap___aeabi_fsub
                0x100043d8                __wrap___aeabi_fadd
                0x100043e2                __wrap___aeabi_fdiv
                0x1000440e                __wrap___aeabi_fmul
 .text.__wrap___aeabi_cfcmple
                0x10004420       0x50 CMakeFiles/blink.dir/C_/Users/mydre/.pico-sdk/sdk/2.2.0/src/rp2_common/pico_float/float_aeabi_rp2040.S.obj
                0x10004420                __wrap___aeabi_cfrcmple
                0x1000442c                __wrap___aeabi_cfcmple
                0x1000442c                __wrap___aeabi_cfcmpeq
 .text.__wrap___aeabi_fcmplt
                0x10004470        0xc CMakeFiles/blink.dir/C_/Users/mydre/.pico-sdk/sdk/2.2.0/src/rp2_common/pico_float/float_aeabi_rp2040.S.obj
                0x10004470                __wrap___aeabi_fcmplt
 .text.__wrap___aeabi_fcmpgt
                0x1000447c        0xa CMakeFiles/blink.dir/C_/Users/mydre/.pico-sdk/sdk/2.2.0/src/rp2_common/pico_float/float_aeabi_rp2040.S.obj
                0x1000447c                __wrap___aeabi_fcmpgt
 *fill*         0x10004486        0x2 
 .text.__wrap___aeabi_i2f
                0x10004488       0x44 CMakeFiles/blink.dir/C_/Users/mydre/.pico-sdk/sdk/2.2.0/src/rp2_common/pico_float/float_aeabi_rp2040.S.obj
                0x10004488                __wrap___aeabi_i2f
                0x10004488                int2float
 .text.__wrap___aeabi_f2iz
                0x100044cc       0x4e CMakeFiles/blink.dir/C_/Users/mydre/.pico-sdk/sdk/2.2.0/src/rp2_common/pico_float/float_aeabi_rp2040.S.obj
                0x100044cc                float2int_z
                0x100044cc                __wrap___aeabi_f2iz
 *fill*         0x1000451a        0x2 
 .text.float2int
                0x1000451c       0x14 CMakeFiles/blink.dir/C_/Users/mydre/.pico-sdk/sdk/2.2.0/src/rp2_common/pico_float/float_aeabi_rp2040.S.obj
                0x1000451c                float2int
 .text.__wrap___aeabi_f2uiz
                0x10004530       0x10 CMakeFiles/blink.dir/C_/Users/mydre/.pico-sdk/sdk/2.2.0/src/rp2_common/pico_float/float_aeabi_rp2040.S.obj
                0x10004530                float2uint_z
                0x10004530                __wrap___aeabi_f2uiz
                0x10004530                float2uint
 .text.__aeabi_float_init
                0x10004540       0xfc CMakeFiles/blink.dir/C_/Users/mydre/.pico-sdk/sdk/2.2.0/src/rp2_common/pico_float/float_init_rom_rp2040.c.obj
                0x10004540                __aeabi_float_init
 .text.float_table_shim_on_use_helper
                0x1000463c       0x34 CMakeFiles/blink.dir/C_/Users/mydre/.pico-sdk/sdk/2.2.0/src/rp2_common/pico_float/float_v1_rom_shim_rp2040.S.obj
                0x1000463c                float_table_shim_on_use_helper
 .text.float232_shims
                0x10004670       0x18 CMakeFiles/blink.dir/C_/Users/mydre/.pico-sdk/sdk/2.2.0/src/rp2_common/pico_float/float_v1_rom_shim_rp2040.S.obj
                0x10004670                float2int_shim
                0x10004672                float2fix_shim
 .text.check_alloc
                0x10004688       0x20 CMakeFiles/blink.dir/C_/Users/mydre/.pico-sdk/sdk/2.2.0/src/rp2_common/pico_malloc/malloc.c.obj
 .text.__wrap_malloc
                0x100046a8       0x14 CMakeFiles/blink.dir/C_/Users/mydre/.pico-sdk/sdk/2.2.0/src/rp2_common/pico_malloc/malloc.c.obj
                0x100046a8                __wrap_malloc
 .text.__wrap_free
                0x100046bc        0x8 CMakeFiles/blink.dir/C_/Users/mydre/.pico-sdk/sdk/2.2.0/src/rp2_common/pico_malloc/malloc.c.obj
                0x100046bc                __wrap_free
 .text          0x100046c4       0x10 CMakeFiles/blink.dir/C_/Users/mydre/.pico-sdk/sdk/2.2.0/src/rp2_common/pico_mem_ops/mem_ops_aeabi.S.obj
                0x100046c4                __aeabi_mem_init
 .text.memset   0x100046d4        0xc CMakeFiles/blink.dir/C_/Users/mydre/.pico-sdk/sdk/2.2.0/src/rp2_common/pico_mem_ops/mem_ops_aeabi.S.obj
                0x100046d4                __wrap_memset
 .text.memcpy   0x100046e0        0xc CMakeFiles/blink.dir/C_/Users/mydre/.pico-sdk/sdk/2.2.0/src/rp2_common/pico_mem_ops/mem_ops_aeabi.S.obj
                0x100046e0                __wrap_memcpy
                0x100046e0                __wrap___aeabi_memcpy
 .text._Znaj    0x100046ec        0x8 CMakeFiles/blink.dir/C_/Users/mydre/.pico-sdk/sdk/2.2.0/src/rp2_common/pico_cxx_options/new_delete.cpp.obj
                0x100046ec                operator new[](unsigned int)
 .text._ZdaPv   0x100046f4        0x8 CMakeFiles/blink.dir/C_/Users/mydre/.pico-sdk/sdk/2.2.0/src/rp2_common/pico_cxx_options/new_delete.cpp.obj
                0x100046f4                operator delete[](void*)
 .text._out_null
                0x100046fc        0x2 CMakeFiles/blink.dir/C_/Users/mydre/.pico-sdk/sdk/2.2.0/src/rp2_common/pico_printf/printf.c.obj
 .text._out_fct
                0x100046fe        0xe CMakeFiles/blink.dir/C_/Users/mydre/.pico-sdk/sdk/2.2.0/src/rp2_common/pico_printf/printf.c.obj
 .text._atoi    0x1000470c       0x24 CMakeFiles/blink.dir/C_/Users/mydre/.pico-sdk/sdk/2.2.0/src/rp2_common/pico_printf/printf.c.obj
 .text._out_rev
                0x10004730       0xb0 CMakeFiles/blink.dir/C_/Users/mydre/.pico-sdk/sdk/2.2.0/src/rp2_common/pico_printf/printf.c.obj
 .text._ntoa_format
                0x100047e0      0x10e CMakeFiles/blink.dir/C_/Users/mydre/.pico-sdk/sdk/2.2.0/src/rp2_common/pico_printf/printf.c.obj
 .text._ntoa_long
                0x100048ee       0xbc CMakeFiles/blink.dir/C_/Users/mydre/.pico-sdk/sdk/2.2.0/src/rp2_common/pico_printf/printf.c.obj
 .text._ntoa_long_long
                0x100049aa      0x10e CMakeFiles/blink.dir/C_/Users/mydre/.pico-sdk/sdk/2.2.0/src/rp2_common/pico_printf/printf.c.obj
 .text._etoa    0x10004ab8      0x424 CMakeFiles/blink.dir/C_/Users/mydre/.pico-sdk/sdk/2.2.0/src/rp2_common/pico_printf/printf.c.obj
 .text._ftoa    0x10004edc      0x348 CMakeFiles/blink.dir/C_/Users/mydre/.pico-sdk/sdk/2.2.0/src/rp2_common/pico_printf/printf.c.obj
 .text._vsnprintf
                0x10005224      0x6a4 CMakeFiles/blink.dir/C_/Users/mydre/.pico-sdk/sdk/2.2.0/src/rp2_common/pico_printf/printf.c.obj
 .text.vfctprintf
                0x100058c8       0x24 CMakeFiles/blink.dir/C_/Users/mydre/.pico-sdk/sdk/2.2.0/src/rp2_common/pico_printf/printf.c.obj
                0x100058c8                vfctprintf
 .text._exit    0x100058ec        0x4 CMakeFiles/blink.dir/C_/Users/mydre/.pico-sdk/sdk/2.2.0/src/rp2_common/pico_clib_interface/newlib_interface.c.obj
                0x100058ec                _exit
 .text._sbrk    0x100058f0       0x38 CMakeFiles/blink.dir/C_/Users/mydre/.pico-sdk/sdk/2.2.0/src/rp2_common/pico_clib_interface/newlib_interface.c.obj
                0x100058f0                _sbrk
 .text._read    0x10005928       0x24 CMakeFiles/blink.dir/C_/Users/mydre/.pico-sdk/sdk/2.2.0/src/rp2_common/pico_clib_interface/newlib_interface.c.obj
                0x10005928                _read
 .text._write   0x1000594c       0x22 CMakeFiles/blink.dir/C_/Users/mydre/.pico-sdk/sdk/2.2.0/src/rp2_common/pico_clib_interface/newlib_interface.c.obj
                0x1000594c                _write
 .text._close   0x1000596e        0x6 CMakeFiles/blink.dir/C_/Users/mydre/.pico-sdk/sdk/2.2.0/src/rp2_common/pico_clib_interface/newlib_interface.c.obj
                0x1000596e                _close
 .text._lseek   0x10005974        0x6 CMakeFiles/blink.dir/C_/Users/mydre/.pico-sdk/sdk/2.2.0/src/rp2_common/pico_clib_interface/newlib_interface.c.obj
                0x10005974                _lseek
 .text._fstat   0x1000597a        0x6 CMakeFiles/blink.dir/C_/Users/mydre/.pico-sdk/sdk/2.2.0/src/rp2_common/pico_clib_interface/newlib_interface.c.obj
                0x1000597a                _fstat
 .text._isatty  0x10005980        0xc CMakeFiles/blink.dir/C_/Users/mydre/.pico-sdk/sdk/2.2.0/src/rp2_common/pico_clib_interface/newlib_interface.c.obj
                0x10005980                _isatty
 .text.exit     0x1000598c        0x6 CMakeFiles/blink.dir/C_/Users/mydre/.pico-sdk/sdk/2.2.0/src/rp2_common/pico_clib_interface/newlib_interface.c.obj
                0x1000598c                exit
 *fill*         0x10005992        0x2 
 .text.__assert_func
                0x10005994       0x38 CMakeFiles/blink.dir/C_/Users/mydre/.pico-sdk/sdk/2.2.0/src/rp2_common/pico_clib_interface/newlib_interface.c.obj
                0x10005994                __assert_func
 .text.runtime_init
                0x100059cc       0x28 CMakeFiles/blink.dir/C_/Users/mydre/.pico-sdk/sdk/2.2.0/src/rp2_common/pico_clib_interface/newlib_interface.c.obj
                0x100059cc                runtime_init
 .text.stdio_out_chars_no_crlf
                0x100059f4        0xe CMakeFiles/blink.dir/C_/Users/mydre/.pico-sdk/sdk/2.2.0/src/rp2_common/pico_stdio/stdio.c.obj
 *fill*         0x10005a02        0x2 
 .text.stdio_out_chars_crlf
                0x10005a04       0x80 CMakeFiles/blink.dir/C_/Users/mydre/.pico-sdk/sdk/2.2.0/src/rp2_common/pico_stdio/stdio.c.obj
 .text.stdio_stack_buffer_flush
                0x10005a84       0x44 CMakeFiles/blink.dir/C_/Users/mydre/.pico-sdk/sdk/2.2.0/src/rp2_common/pico_stdio/stdio.c.obj
 .text.stdio_buffered_printer
                0x10005ac8       0x20 CMakeFiles/blink.dir/C_/Users/mydre/.pico-sdk/sdk/2.2.0/src/rp2_common/pico_stdio/stdio.c.obj
 .text.stdout_serialize_begin
                0x10005ae8       0x30 CMakeFiles/blink.dir/C_/Users/mydre/.pico-sdk/sdk/2.2.0/src/rp2_common/pico_stdio/stdio.c.obj
                0x10005ae8                stdout_serialize_begin
 .text.stdout_serialize_end
                0x10005b18       0x10 CMakeFiles/blink.dir/C_/Users/mydre/.pico-sdk/sdk/2.2.0/src/rp2_common/pico_stdio/stdio.c.obj
                0x10005b18                stdout_serialize_end
 .text.stdio_put_string
                0x10005b28       0x94 CMakeFiles/blink.dir/C_/Users/mydre/.pico-sdk/sdk/2.2.0/src/rp2_common/pico_stdio/stdio.c.obj
                0x10005b28                stdio_put_string
 .text.stdio_get_until
                0x10005bbc       0x74 CMakeFiles/blink.dir/C_/Users/mydre/.pico-sdk/sdk/2.2.0/src/rp2_common/pico_stdio/stdio.c.obj
                0x10005bbc                stdio_get_until
 .text.stdio_set_driver_enabled
                0x10005c30       0x30 CMakeFiles/blink.dir/C_/Users/mydre/.pico-sdk/sdk/2.2.0/src/rp2_common/pico_stdio/stdio.c.obj
                0x10005c30                stdio_set_driver_enabled
 .text.stdio_flush
                0x10005c60       0x20 CMakeFiles/blink.dir/C_/Users/mydre/.pico-sdk/sdk/2.2.0/src/rp2_common/pico_stdio/stdio.c.obj
                0x10005c60                stdio_flush
 .text.stdio_init_all
                0x10005c80        0xa CMakeFiles/blink.dir/C_/Users/mydre/.pico-sdk/sdk/2.2.0/src/rp2_common/pico_stdio/stdio.c.obj
                0x10005c80                stdio_init_all
 .text.__wrap_puts
                0x10005c8a       0x1e CMakeFiles/blink.dir/C_/Users/mydre/.pico-sdk/sdk/2.2.0/src/rp2_common/pico_stdio/stdio.c.obj
                0x10005c8a                stdio_puts
                0x10005c8a                __wrap_puts
 .text.__wrap_vprintf
                0x10005ca8       0x40 CMakeFiles/blink.dir/C_/Users/mydre/.pico-sdk/sdk/2.2.0/src/rp2_common/pico_stdio/stdio.c.obj
                0x10005ca8                stdio_vprintf
                0x10005ca8                __wrap_vprintf
 .text.__wrap_printf
                0x10005ce8       0x18 CMakeFiles/blink.dir/C_/Users/mydre/.pico-sdk/sdk/2.2.0/src/rp2_common/pico_stdio/stdio.c.obj
                0x10005ce8                __wrap_printf
                0x10005ce8                stdio_printf
 .text.uart_putc
                0x10005d00       0x60 CMakeFiles/blink.dir/C_/Users/mydre/.pico-sdk/sdk/2.2.0/src/rp2_common/pico_stdio_uart/stdio_uart.c.obj
 .text.uart_getc
                0x10005d60       0x24 CMakeFiles/blink.dir/C_/Users/mydre/.pico-sdk/sdk/2.2.0/src/rp2_common/pico_stdio_uart/stdio_uart.c.obj
 .text.stdio_uart_out_chars
                0x10005d84       0x20 CMakeFiles/blink.dir/C_/Users/mydre/.pico-sdk/sdk/2.2.0/src/rp2_common/pico_stdio_uart/stdio_uart.c.obj
 .text.stdio_uart_in_chars
                0x10005da4       0x5c CMakeFiles/blink.dir/C_/Users/mydre/.pico-sdk/sdk/2.2.0/src/rp2_common/pico_stdio_uart/stdio_uart.c.obj
                0x10005da4                stdio_uart_in_chars
 .text.on_uart_rx
                0x10005e00       0x28 CMakeFiles/blink.dir/C_/Users/mydre/.pico-sdk/sdk/2.2.0/src/rp2_common/pico_stdio_uart/stdio_uart.c.obj
 .text.stdio_uart_out_flush
                0x10005e28       0x10 CMakeFiles/blink.dir/C_/Users/mydre/.pico-sdk/sdk/2.2.0/src/rp2_common/pico_stdio_uart/stdio_uart.c.obj
 .text.stdio_uart_set_chars_available_callback
                0x10005e38       0x90 CMakeFiles/blink.dir/C_/Users/mydre/.pico-sdk/sdk/2.2.0/src/rp2_common/pico_stdio_uart/stdio_uart.c.obj
 .text.stdio_uart_init_full
                0x10005ec8       0x44 CMakeFiles/blink.dir/C_/Users/mydre/.pico-sdk/sdk/2.2.0/src/rp2_common/pico_stdio_uart/stdio_uart.c.obj
                0x10005ec8                stdio_uart_init_full
 .text.stdio_uart_init
                0x10005f0c       0x30 CMakeFiles/blink.dir/C_/Users/mydre/.pico-sdk/sdk/2.2.0/src/rp2_common/pico_stdio_uart/stdio_uart.c.obj
                0x10005f0c                stdio_uart_init
 .text.spi_unreset
                0x10005f3c       0x2c CMakeFiles/blink.dir/C_/Users/mydre/.pico-sdk/sdk/2.2.0/src/rp2_common/hardware_spi/spi.c.obj
 .text.spi_set_baudrate
                0x10005f68       0xb4 CMakeFiles/blink.dir/C_/Users/mydre/.pico-sdk/sdk/2.2.0/src/rp2_common/hardware_spi/spi.c.obj
                0x10005f68                spi_set_baudrate
 .text.spi_init
                0x1000601c       0x70 CMakeFiles/blink.dir/C_/Users/mydre/.pico-sdk/sdk/2.2.0/src/rp2_common/hardware_spi/spi.c.obj
                0x1000601c                spi_init
 .text.i2c_unreset
                0x1000608c       0x2c CMakeFiles/blink.dir/C_/Users/mydre/.pico-sdk/sdk/2.2.0/src/rp2_common/hardware_i2c/i2c.c.obj
 .text.i2c_write_blocking_internal
                0x100060b8      0x158 CMakeFiles/blink.dir/C_/Users/mydre/.pico-sdk/sdk/2.2.0/src/rp2_common/hardware_i2c/i2c.c.obj
 .text.i2c_read_blocking_internal
                0x10006210      0x102 CMakeFiles/blink.dir/C_/Users/mydre/.pico-sdk/sdk/2.2.0/src/rp2_common/hardware_i2c/i2c.c.obj
 *fill*         0x10006312        0x2 
 .text.i2c_set_baudrate
                0x10006314       0xf0 CMakeFiles/blink.dir/C_/Users/mydre/.pico-sdk/sdk/2.2.0/src/rp2_common/hardware_i2c/i2c.c.obj
                0x10006314                i2c_set_baudrate
 .text.i2c_init
                0x10006404       0x54 CMakeFiles/blink.dir/C_/Users/mydre/.pico-sdk/sdk/2.2.0/src/rp2_common/hardware_i2c/i2c.c.obj
                0x10006404                i2c_init
 .text.i2c_write_blocking
                0x10006458       0x18 CMakeFiles/blink.dir/C_/Users/mydre/.pico-sdk/sdk/2.2.0/src/rp2_common/hardware_i2c/i2c.c.obj
                0x10006458                i2c_write_blocking
 .text.i2c_read_blocking
                0x10006470       0x18 CMakeFiles/blink.dir/C_/Users/mydre/.pico-sdk/sdk/2.2.0/src/rp2_common/hardware_i2c/i2c.c.obj
                0x10006470                i2c_read_blocking
 .text.adc_init
                0x10006488       0x34 CMakeFiles/blink.dir/C_/Users/mydre/.pico-sdk/sdk/2.2.0/src/rp2_common/hardware_adc/adc.c.obj
                0x10006488                adc_init
 .text.malloc   0x100064bc       0x14 C:/Users/mydre/.pico-sdk/toolchain/14_2_Rel1/bin/../lib/gcc/arm-none-eabi/14.2.1/thumb/v6-m/nofp\libg.a(libc_a-malloc.o)
                0x100064bc                malloc
 .text.free     0x100064d0       0x14 C:/Users/mydre/.pico-sdk/toolchain/14_2_Rel1/bin/../lib/gcc/arm-none-eabi/14.2.1/thumb/v6-m/nofp\libg.a(libc_a-malloc.o)
                0x100064d0                free
 .text._malloc_r
                0x100064e4      0x5cc C:/Users/mydre/.pico-sdk/toolchain/14_2_Rel1/bin/../lib/gcc/arm-none-eabi/14.2.1/thumb/v6-m/nofp\libg.a(libc_a-mallocr.o)
                0x100064e4                _malloc_r
 .text.__malloc_lock
                0x10006ab0       0x10 C:/Users/mydre/.pico-sdk/toolchain/14_2_Rel1/bin/../lib/gcc/arm-none-eabi/14.2.1/thumb/v6-m/nofp\libg.a(libc_a-mlock.o)
                0x10006ab0                __malloc_lock
 .text.__malloc_unlock
                0x10006ac0       0x10 C:/Users/mydre/.pico-sdk/toolchain/14_2_Rel1/bin/../lib/gcc/arm-none-eabi/14.2.1/thumb/v6-m/nofp\libg.a(libc_a-mlock.o)
                0x10006ac0                __malloc_unlock
 .text._realloc_r
                0x10006ad0      0x350 C:/Users/mydre/.pico-sdk/toolchain/14_2_Rel1/bin/../lib/gcc/arm-none-eabi/14.2.1/thumb/v6-m/nofp\libg.a(libc_a-reallocr.o)
                0x10006ad0                _realloc_r
 .text.fputc    0x10006e20       0x58 C:/Users/mydre/.pico-sdk/toolchain/14_2_Rel1/bin/../lib/gcc/arm-none-eabi/14.2.1/thumb/v6-m/nofp\libg.a(libc_a-fputc.o)
                0x10006e20                fputc
 .text._fwrite_r
                0x10006e78       0xfc C:/Users/mydre/.pico-sdk/toolchain/14_2_Rel1/bin/../lib/gcc/arm-none-eabi/14.2.1/thumb/v6-m/nofp\libg.a(libc_a-fwrite.o)
                0x10006e78                _fwrite_r
 .text.fwrite   0x10006f74       0x20 C:/Users/mydre/.pico-sdk/toolchain/14_2_Rel1/bin/../lib/gcc/arm-none-eabi/14.2.1/thumb/v6-m/nofp\libg.a(libc_a-fwrite.o)
                0x10006f74                fwrite
 .text._putc_r  0x10006f94       0x74 C:/Users/mydre/.pico-sdk/toolchain/14_2_Rel1/bin/../lib/gcc/arm-none-eabi/14.2.1/thumb/v6-m/nofp\libg.a(libc_a-putc.o)
                0x10006f94                _putc_r
 .text.__swbuf_r
                0x10007008       0xcc C:/Users/mydre/.pico-sdk/toolchain/14_2_Rel1/bin/../lib/gcc/arm-none-eabi/14.2.1/thumb/v6-m/nofp\libg.a(libc_a-wbuf.o)
                0x10007008                __swbuf_r
 .text.__swsetup_r
                0x100070d4       0xf8 C:/Users/mydre/.pico-sdk/toolchain/14_2_Rel1/bin/../lib/gcc/arm-none-eabi/14.2.1/thumb/v6-m/nofp\libg.a(libc_a-wsetup.o)
                0x100070d4                __swsetup_r
 .text.memmove  0x100071cc       0xc4 C:/Users/mydre/.pico-sdk/toolchain/14_2_Rel1/bin/../lib/gcc/arm-none-eabi/14.2.1/thumb/v6-m/nofp\libg.a(libc_a-memmove.o)
                0x100071cc                memmove
 .text._sbrk_r  0x10007290       0x24 C:/Users/mydre/.pico-sdk/toolchain/14_2_Rel1/bin/../lib/gcc/arm-none-eabi/14.2.1/thumb/v6-m/nofp\libg.a(libc_a-sbrkr.o)
                0x10007290                _sbrk_r
 .text.__errno  0x100072b4        0xc C:/Users/mydre/.pico-sdk/toolchain/14_2_Rel1/bin/../lib/gcc/arm-none-eabi/14.2.1/thumb/v6-m/nofp\libg.a(libc_a-errno.o)
                0x100072b4                __errno
 .text.__retarget_lock_init_recursive
                0x100072c0        0x4 C:/Users/mydre/.pico-sdk/toolchain/14_2_Rel1/bin/../lib/gcc/arm-none-eabi/14.2.1/thumb/v6-m/nofp\libg.a(libc_a-lock.o)
                0x100072c0                __retarget_lock_init_recursive
 .text.__retarget_lock_close_recursive
                0x100072c4        0x4 C:/Users/mydre/.pico-sdk/toolchain/14_2_Rel1/bin/../lib/gcc/arm-none-eabi/14.2.1/thumb/v6-m/nofp\libg.a(libc_a-lock.o)
                0x100072c4                __retarget_lock_close_recursive
 .text.__retarget_lock_acquire_recursive
                0x100072c8        0x4 C:/Users/mydre/.pico-sdk/toolchain/14_2_Rel1/bin/../lib/gcc/arm-none-eabi/14.2.1/thumb/v6-m/nofp\libg.a(libc_a-lock.o)
                0x100072c8                __retarget_lock_acquire_recursive
 .text.__retarget_lock_release_recursive
                0x100072cc        0x4 C:/Users/mydre/.pico-sdk/toolchain/14_2_Rel1/bin/../lib/gcc/arm-none-eabi/14.2.1/thumb/v6-m/nofp\libg.a(libc_a-lock.o)
                0x100072cc                __retarget_lock_release_recursive
 .text.sysconf  0x100072d0       0x1c C:/Users/mydre/.pico-sdk/toolchain/14_2_Rel1/bin/../lib/gcc/arm-none-eabi/14.2.1/thumb/v6-m/nofp\libg.a(libc_a-sysconf.o)
                0x100072d0                sysconf
 .text.strlen   0x100072ec       0x5c C:/Users/mydre/.pico-sdk/toolchain/14_2_Rel1/bin/../lib/gcc/arm-none-eabi/14.2.1/thumb/v6-m/nofp\libg.a(libc_a-strlen-stub.o)
                0x100072ec                strlen
 .text._malloc_trim_r
                0x10007348       0xb4 C:/Users/mydre/.pico-sdk/toolchain/14_2_Rel1/bin/../lib/gcc/arm-none-eabi/14.2.1/thumb/v6-m/nofp\libg.a(libc_a-freer.o)
                0x10007348                _malloc_trim_r
 .text._free_r  0x100073fc      0x1f0 C:/Users/mydre/.pico-sdk/toolchain/14_2_Rel1/bin/../lib/gcc/arm-none-eabi/14.2.1/thumb/v6-m/nofp\libg.a(libc_a-freer.o)
                0x100073fc                _free_r
 .text.__sflush_r
                0x100075ec      0x13c C:/Users/mydre/.pico-sdk/toolchain/14_2_Rel1/bin/../lib/gcc/arm-none-eabi/14.2.1/thumb/v6-m/nofp\libg.a(libc_a-fflush.o)
                0x100075ec                __sflush_r
 .text._fflush_r
                0x10007728       0x68 C:/Users/mydre/.pico-sdk/toolchain/14_2_Rel1/bin/../lib/gcc/arm-none-eabi/14.2.1/thumb/v6-m/nofp\libg.a(libc_a-fflush.o)
                0x10007728                _fflush_r
 .text.stdio_exit_handler
                0x10007790       0x1c C:/Users/mydre/.pico-sdk/toolchain/14_2_Rel1/bin/../lib/gcc/arm-none-eabi/14.2.1/thumb/v6-m/nofp\libg.a(libc_a-findfp.o)
 .text.cleanup_stdio
                0x100077ac       0x3c C:/Users/mydre/.pico-sdk/toolchain/14_2_Rel1/bin/../lib/gcc/arm-none-eabi/14.2.1/thumb/v6-m/nofp\libg.a(libc_a-findfp.o)
 .text.global_stdio_init.part.0
                0x100077e8      0x118 C:/Users/mydre/.pico-sdk/toolchain/14_2_Rel1/bin/../lib/gcc/arm-none-eabi/14.2.1/thumb/v6-m/nofp\libg.a(libc_a-findfp.o)
 .text.__sinit  0x10007900       0x38 C:/Users/mydre/.pico-sdk/toolchain/14_2_Rel1/bin/../lib/gcc/arm-none-eabi/14.2.1/thumb/v6-m/nofp\libg.a(libc_a-findfp.o)
                0x10007900                __sinit
 .text.__sfp_lock_acquire
                0x10007938       0x10 C:/Users/mydre/.pico-sdk/toolchain/14_2_Rel1/bin/../lib/gcc/arm-none-eabi/14.2.1/thumb/v6-m/nofp\libg.a(libc_a-findfp.o)
                0x10007938                __sfp_lock_acquire
 .text.__sfp_lock_release
                0x10007948       0x10 C:/Users/mydre/.pico-sdk/toolchain/14_2_Rel1/bin/../lib/gcc/arm-none-eabi/14.2.1/thumb/v6-m/nofp\libg.a(libc_a-findfp.o)
                0x10007948                __sfp_lock_release
 .text.__sfvwrite_r
                0x10007958      0x2e8 C:/Users/mydre/.pico-sdk/toolchain/14_2_Rel1/bin/../lib/gcc/arm-none-eabi/14.2.1/thumb/v6-m/nofp\libg.a(libc_a-fvwrite.o)
                0x10007958                __sfvwrite_r
 .text._fwalk_sglue
                0x10007c40       0x44 C:/Users/mydre/.pico-sdk/toolchain/14_2_Rel1/bin/../lib/gcc/arm-none-eabi/14.2.1/thumb/v6-m/nofp\libg.a(libc_a-fwalk.o)
                0x10007c40                _fwalk_sglue
 .text.__smakebuf_r
                0x10007c84       0xd4 C:/Users/mydre/.pico-sdk/toolchain/14_2_Rel1/bin/../lib/gcc/arm-none-eabi/14.2.1/thumb/v6-m/nofp\libg.a(libc_a-makebuf.o)
                0x10007c84                __smakebuf_r
 .text.__sread  0x10007d58       0x28 C:/Users/mydre/.pico-sdk/toolchain/14_2_Rel1/bin/../lib/gcc/arm-none-eabi/14.2.1/thumb/v6-m/nofp\libg.a(libc_a-stdio.o)
                0x10007d58                __sread
 .text.__swrite
                0x10007d80       0x40 C:/Users/mydre/.pico-sdk/toolchain/14_2_Rel1/bin/../lib/gcc/arm-none-eabi/14.2.1/thumb/v6-m/nofp\libg.a(libc_a-stdio.o)
                0x10007d80                __swrite
 .text.__sseek  0x10007dc0       0x2c C:/Users/mydre/.pico-sdk/toolchain/14_2_Rel1/bin/../lib/gcc/arm-none-eabi/14.2.1/thumb/v6-m/nofp\libg.a(libc_a-stdio.o)
                0x10007dc0                __sseek
 .text.__sclose
                0x10007dec        0xc C:/Users/mydre/.pico-sdk/toolchain/14_2_Rel1/bin/../lib/gcc/arm-none-eabi/14.2.1/thumb/v6-m/nofp\libg.a(libc_a-stdio.o)
                0x10007dec                __sclose
 .text._close_r
                0x10007df8       0x24 C:/Users/mydre/.pico-sdk/toolchain/14_2_Rel1/bin/../lib/gcc/arm-none-eabi/14.2.1/thumb/v6-m/nofp\libg.a(libc_a-closer.o)
                0x10007df8                _close_r
 .text._fstat_r
                0x10007e1c       0x28 C:/Users/mydre/.pico-sdk/toolchain/14_2_Rel1/bin/../lib/gcc/arm-none-eabi/14.2.1/thumb/v6-m/nofp\libg.a(libc_a-fstatr.o)
                0x10007e1c                _fstat_r
 .text._isatty_r
                0x10007e44       0x24 C:/Users/mydre/.pico-sdk/toolchain/14_2_Rel1/bin/../lib/gcc/arm-none-eabi/14.2.1/thumb/v6-m/nofp\libg.a(libc_a-isattyr.o)
                0x10007e44                _isatty_r
 .text._lseek_r
                0x10007e68       0x28 C:/Users/mydre/.pico-sdk/toolchain/14_2_Rel1/bin/../lib/gcc/arm-none-eabi/14.2.1/thumb/v6-m/nofp\libg.a(libc_a-lseekr.o)
                0x10007e68                _lseek_r
 .text._read_r  0x10007e90       0x28 C:/Users/mydre/.pico-sdk/toolchain/14_2_Rel1/bin/../lib/gcc/arm-none-eabi/14.2.1/thumb/v6-m/nofp\libg.a(libc_a-readr.o)
                0x10007e90                _read_r
 .text._write_r
                0x10007eb8       0x28 C:/Users/mydre/.pico-sdk/toolchain/14_2_Rel1/bin/../lib/gcc/arm-none-eabi/14.2.1/thumb/v6-m/nofp\libg.a(libc_a-writer.o)
                0x10007eb8                _write_r
 .text.memchr   0x10007ee0       0x7c C:/Users/mydre/.pico-sdk/toolchain/14_2_Rel1/bin/../lib/gcc/arm-none-eabi/14.2.1/thumb/v6-m/nofp\libg.a(libc_a-memchr-stub.o)
                0x10007ee0                memchr
 .text._fclose_r
                0x10007f5c       0xcc C:/Users/mydre/.pico-sdk/toolchain/14_2_Rel1/bin/../lib/gcc/arm-none-eabi/14.2.1/thumb/v6-m/nofp\libg.a(libc_a-fclose.o)
                0x10007f5c                _fclose_r
 *(.fini)
 .fini          0x10008028        0x4 C:/Users/mydre/.pico-sdk/toolchain/14_2_Rel1/bin/../lib/gcc/arm-none-eabi/14.2.1/thumb/v6-m/nofp/crti.o
                0x10008028                _fini
 *fill*         0x1000802c        0x4 
 .fini.__stub   0x10008030       0x50 linker stubs
 *crtbegin.o(.ctors)
 *crtbegin?.o(.ctors)
 *(EXCLUDE_FILE(*crtend.o *crtend?.o) .ctors)
 *(SORT_BY_NAME(.ctors.*))
 *(.ctors)
 *crtbegin.o(.dtors)
 *crtbegin?.o(.dtors)
 *(EXCLUDE_FILE(*crtend.o *crtend?.o) .dtors)
 *(SORT_BY_NAME(.dtors.*))
 *(.dtors)
                0x10008080                        . = ALIGN (0x4)
                0x10008080                        PROVIDE (__preinit_array_start = .)
 *(SORT_BY_NAME(.preinit_array.*))
 .preinit_array.00100
                0x10008080        0x4 CMakeFiles/blink.dir/C_/Users/mydre/.pico-sdk/sdk/2.2.0/src/rp2_common/pico_runtime_init/runtime_init.c.obj
                0x10008080                __pre_init_runtime_init_early_resets
 .preinit_array.00101
                0x10008084        0x4 CMakeFiles/blink.dir/C_/Users/mydre/.pico-sdk/sdk/2.2.0/src/rp2_common/pico_runtime_init/runtime_init.c.obj
                0x10008084                __pre_init_runtime_init_usb_power_down
 .preinit_array.00275
                0x10008088        0x4 CMakeFiles/blink.dir/C_/Users/mydre/.pico-sdk/sdk/2.2.0/src/rp2_common/pico_bit_ops/bit_ops_aeabi.S.obj
 .preinit_array.00300
                0x1000808c        0x4 CMakeFiles/blink.dir/C_/Users/mydre/.pico-sdk/sdk/2.2.0/src/rp2_common/pico_mem_ops/mem_ops_aeabi.S.obj
 .preinit_array.00350
                0x10008090        0x4 CMakeFiles/blink.dir/C_/Users/mydre/.pico-sdk/sdk/2.2.0/src/rp2_common/pico_double/double_aeabi_rp2040.S.obj
 .preinit_array.00350
                0x10008094        0x4 CMakeFiles/blink.dir/C_/Users/mydre/.pico-sdk/sdk/2.2.0/src/rp2_common/pico_float/float_aeabi_rp2040.S.obj
 .preinit_array.00500
                0x10008098        0x4 CMakeFiles/blink.dir/C_/Users/mydre/.pico-sdk/sdk/2.2.0/src/rp2_common/pico_runtime_init/runtime_init.c.obj
                0x10008098                __pre_init_runtime_init_clocks
 .preinit_array.00600
                0x1000809c        0x4 CMakeFiles/blink.dir/C_/Users/mydre/.pico-sdk/sdk/2.2.0/src/rp2_common/pico_runtime_init/runtime_init.c.obj
                0x1000809c                __pre_init_runtime_init_post_clock_resets
 .preinit_array.00700
                0x100080a0        0x4 CMakeFiles/blink.dir/C_/Users/mydre/.pico-sdk/sdk/2.2.0/src/rp2_common/pico_runtime_init/runtime_init.c.obj
                0x100080a0                __pre_init_runtime_init_rp2040_gpio_ie_disable
 .preinit_array.01000
                0x100080a4        0x4 CMakeFiles/blink.dir/C_/Users/mydre/.pico-sdk/sdk/2.2.0/src/rp2_common/pico_runtime_init/runtime_init.c.obj
                0x100080a4                __pre_init_runtime_init_spin_locks_reset
 .preinit_array.01100
                0x100080a8        0x4 CMakeFiles/blink.dir/C_/Users/mydre/.pico-sdk/sdk/2.2.0/src/common/pico_sync/mutex.c.obj
                0x100080a8                __pre_init_runtime_init_mutex
 .preinit_array.10080
                0x100080ac        0x4 CMakeFiles/blink.dir/C_/Users/mydre/.pico-sdk/sdk/2.2.0/src/rp2_common/pico_runtime_init/runtime_init.c.obj
                0x100080ac                __pre_init_runtime_init_install_ram_vector_table
 .preinit_array.11000
                0x100080b0        0x4 CMakeFiles/blink.dir/C_/Users/mydre/.pico-sdk/sdk/2.2.0/src/common/pico_time/time.c.obj
                0x100080b0                __pre_init_runtime_init_default_alarm_pool
 .preinit_array.YYYYY
                0x100080b4        0x4 CMakeFiles/blink.dir/C_/Users/mydre/.pico-sdk/sdk/2.2.0/src/rp2_common/pico_runtime/runtime.c.obj
                0x100080b4                __pre_init_first_per_core_initializer
 .preinit_array.ZZZZZ.01200
                0x100080b8        0x4 CMakeFiles/blink.dir/C_/Users/mydre/.pico-sdk/sdk/2.2.0/src/rp2_common/hardware_irq/irq.c.obj
                0x100080b8                __pre_init_runtime_init_per_core_irq_priorities
 *(.preinit_array)
                0x100080bc                        PROVIDE (__preinit_array_end = .)
                0x100080bc                        . = ALIGN (0x4)
                0x100080bc                        PROVIDE (__init_array_start = .)
 *(SORT_BY_NAME(.init_array.*))
 *(.init_array)
 .init_array    0x100080bc        0x4 C:/Users/mydre/.pico-sdk/toolchain/14_2_Rel1/bin/../lib/gcc/arm-none-eabi/14.2.1/thumb/v6-m/nofp/crtbegin.o
 .init_array    0x100080c0        0x4 CMakeFiles/blink.dir/Audio-visual-device.cpp.obj
                0x100080c4                        PROVIDE (__init_array_end = .)
                0x100080c4                        . = ALIGN (0x4)
                [!provide]                        PROVIDE (__fini_array_start = .)
 *(SORT_BY_NAME(.fini_array.*))
 *(.fini_array)
                [!provide]                        PROVIDE (__fini_array_end = .)
 *(.eh_frame*)
 .eh_frame      0x100080c4        0x0 C:/Users/mydre/.pico-sdk/toolchain/14_2_Rel1/bin/../lib/gcc/arm-none-eabi/14.2.1/thumb/v6-m/nofp/crtbegin.o
                0x100080c4                        . = ALIGN (0x4)

.glue_7         0x100080c4        0x0
 .glue_7        0x100080c4        0x0 linker stubs

.glue_7t        0x100080c4        0x0
 .glue_7t       0x100080c4        0x0 linker stubs

.vfp11_veneer   0x100080c4        0x0
 .vfp11_veneer  0x100080c4        0x0 linker stubs

.v4_bx          0x100080c4        0x0
 .v4_bx         0x100080c4        0x0 linker stubs

.iplt           0x100080c4        0x0
 .iplt          0x100080c4        0x0 C:/Users/mydre/.pico-sdk/toolchain/14_2_Rel1/bin/../lib/gcc/arm-none-eabi/14.2.1/thumb/v6-m/nofp/crtbegin.o

.rodata         0x100080c8      0xba4
 *(EXCLUDE_FILE(*libm.a: *libc.a:*lib_a-mem*.o *libgcc.a:) .rodata*)
 .rodata.kf_bfly_generic.str1.4
                0x100080c8      0x80d CMakeFiles/blink.dir/libraries/kissfft/kiss_fft.c.obj
                                 0x7e (size before relaxing)
 .rodata.kiss_fft_stride.str1.4
                0x100088d5       0xf5 CMakeFiles/blink.dir/libraries/kissfft/kiss_fft.c.obj
 .rodata.panic.str1.4
                0x100088d5       0x12 CMakeFiles/blink.dir/C_/Users/mydre/.pico-sdk/sdk/2.2.0/src/rp2_common/pico_platform_panic/panic.c.obj
 .rodata.resolve_j_16.str1.4
                0x100088d5       0x5d CMakeFiles/blink.dir/C_/Users/mydre/.pico-sdk/sdk/2.2.0/src/rp2_common/hardware_irq/irq.c.obj
 .rodata.make_j_16.str1.4
                0x100088d5       0x30 CMakeFiles/blink.dir/C_/Users/mydre/.pico-sdk/sdk/2.2.0/src/rp2_common/hardware_irq/irq.c.obj
 .rodata.insert_bl_32.str1.4
                0x100088d5       0x10 CMakeFiles/blink.dir/C_/Users/mydre/.pico-sdk/sdk/2.2.0/src/rp2_common/hardware_irq/irq.c.obj
 .rodata.irq_set_exclusive_handler.str1.4
                0x100088d5       0x36 CMakeFiles/blink.dir/C_/Users/mydre/.pico-sdk/sdk/2.2.0/src/rp2_common/hardware_irq/irq.c.obj
 .rodata.irq_remove_handler.str1.4
                0x100088d5       0x3a CMakeFiles/blink.dir/C_/Users/mydre/.pico-sdk/sdk/2.2.0/src/rp2_common/hardware_irq/irq.c.obj
 .rodata.irq_add_tail_to_free_list.str1.4
                0x100088d5       0x3a CMakeFiles/blink.dir/C_/Users/mydre/.pico-sdk/sdk/2.2.0/src/rp2_common/hardware_irq/irq.c.obj
 *fill*         0x100088d5        0x3 
 .rodata.__func__.0
                0x100088d8       0x1a CMakeFiles/blink.dir/C_/Users/mydre/.pico-sdk/sdk/2.2.0/src/rp2_common/hardware_irq/irq.c.obj
 *fill*         0x100088f2        0x2 
 .rodata.__func__.1
                0x100088f4        0xd CMakeFiles/blink.dir/C_/Users/mydre/.pico-sdk/sdk/2.2.0/src/rp2_common/hardware_irq/irq.c.obj
 *fill*         0x10008901        0x3 
 .rodata.__func__.2
                0x10008904       0x13 CMakeFiles/blink.dir/C_/Users/mydre/.pico-sdk/sdk/2.2.0/src/rp2_common/hardware_irq/irq.c.obj
 *fill*         0x10008917        0x1 
 .rodata.__func__.3
                0x10008918        0xa CMakeFiles/blink.dir/C_/Users/mydre/.pico-sdk/sdk/2.2.0/src/rp2_common/hardware_irq/irq.c.obj
 *fill*         0x10008922        0x2 
 .rodata.__func__.4
                0x10008924        0xd CMakeFiles/blink.dir/C_/Users/mydre/.pico-sdk/sdk/2.2.0/src/rp2_common/hardware_irq/irq.c.obj
 *fill*         0x10008931        0x3 
 .rodata.__func__.6
                0x10008934       0x1a CMakeFiles/blink.dir/C_/Users/mydre/.pico-sdk/sdk/2.2.0/src/rp2_common/hardware_irq/irq.c.obj
 .rodata.runtime_init_mutex.str1.4
                0x1000894e       0x60 CMakeFiles/blink.dir/C_/Users/mydre/.pico-sdk/sdk/2.2.0/src/common/pico_sync/mutex.c.obj
 .rodata.str1.4
                0x1000894e       0x51 CMakeFiles/blink.dir/C_/Users/mydre/.pico-sdk/sdk/2.2.0/src/common/pico_sync/mutex.c.obj
 *fill*         0x1000894e        0x2 
 .rodata.__func__.1
                0x10008950        0xb CMakeFiles/blink.dir/C_/Users/mydre/.pico-sdk/sdk/2.2.0/src/common/pico_sync/mutex.c.obj
 *fill*         0x1000895b        0x1 
 .rodata.__func__.3
                0x1000895c       0x18 CMakeFiles/blink.dir/C_/Users/mydre/.pico-sdk/sdk/2.2.0/src/common/pico_sync/mutex.c.obj
 .rodata.__func__.6
                0x10008974       0x13 CMakeFiles/blink.dir/C_/Users/mydre/.pico-sdk/sdk/2.2.0/src/common/pico_sync/mutex.c.obj
 .rodata.alarm_pool_irq_handler.str1.4
                0x10008987       0x6b CMakeFiles/blink.dir/C_/Users/mydre/.pico-sdk/sdk/2.2.0/src/common/pico_time/time.c.obj
 .rodata.alarm_pool_get_default.str1.4
                0x10008987       0x21 CMakeFiles/blink.dir/C_/Users/mydre/.pico-sdk/sdk/2.2.0/src/common/pico_time/time.c.obj
 .rodata.sleep_until.str1.4
                0x10008987       0x4d CMakeFiles/blink.dir/C_/Users/mydre/.pico-sdk/sdk/2.2.0/src/common/pico_time/time.c.obj
 *fill*         0x10008987        0x1 
 .rodata.__func__.1
                0x10008988       0x17 CMakeFiles/blink.dir/C_/Users/mydre/.pico-sdk/sdk/2.2.0/src/common/pico_time/time.c.obj
 *fill*         0x1000899f        0x1 
 .rodata.__func__.2
                0x100089a0       0x17 CMakeFiles/blink.dir/C_/Users/mydre/.pico-sdk/sdk/2.2.0/src/common/pico_time/time.c.obj
 *fill*         0x100089b7        0x1 
 .rodata.at_the_end_of_time
                0x100089b8        0x8 CMakeFiles/blink.dir/C_/Users/mydre/.pico-sdk/sdk/2.2.0/src/common/pico_time/time.c.obj
                0x100089b8                at_the_end_of_time
 .rodata.timer_hardware_alarm_claim.str1.4
                0x100089c0       0x22 CMakeFiles/blink.dir/C_/Users/mydre/.pico-sdk/sdk/2.2.0/src/rp2_common/hardware_timer/timer.c.obj
 .rodata.pll_init.str1.4
                0x100089c0      0x11c CMakeFiles/blink.dir/C_/Users/mydre/.pico-sdk/sdk/2.2.0/src/rp2_common/hardware_pll/pll.c.obj
 .rodata.__func__.0
                0x100089c0        0x9 CMakeFiles/blink.dir/C_/Users/mydre/.pico-sdk/sdk/2.2.0/src/rp2_common/hardware_pll/pll.c.obj
 .rodata.__aeabi_double_init.str1.4
                0x100089c9       0x9b CMakeFiles/blink.dir/C_/Users/mydre/.pico-sdk/sdk/2.2.0/src/rp2_common/pico_double/double_init_rom_rp2040.c.obj
 *fill*         0x100089c9        0x3 
 .rodata.__func__.0
                0x100089cc       0x14 CMakeFiles/blink.dir/C_/Users/mydre/.pico-sdk/sdk/2.2.0/src/rp2_common/pico_double/double_init_rom_rp2040.c.obj
 .rodata.__aeabi_float_init.str1.4
                0x100089e0       0x8d CMakeFiles/blink.dir/C_/Users/mydre/.pico-sdk/sdk/2.2.0/src/rp2_common/pico_float/float_init_rom_rp2040.c.obj
 .rodata.__func__.0
                0x100089e0       0x13 CMakeFiles/blink.dir/C_/Users/mydre/.pico-sdk/sdk/2.2.0/src/rp2_common/pico_float/float_init_rom_rp2040.c.obj
 .rodata.check_alloc.str1.4
                0x100089f3        0xe CMakeFiles/blink.dir/C_/Users/mydre/.pico-sdk/sdk/2.2.0/src/rp2_common/pico_malloc/malloc.c.obj
 .rodata.str1.4
                0x100089f3       0x3c CMakeFiles/blink.dir/C_/Users/mydre/.pico-sdk/sdk/2.2.0/src/rp2_common/pico_standard_binary_info/standard_binary_info.c.obj
 *fill*         0x100089f3        0x1 
 .rodata.__bi_84
                0x100089f4        0xc CMakeFiles/blink.dir/C_/Users/mydre/.pico-sdk/sdk/2.2.0/src/rp2_common/pico_standard_binary_info/standard_binary_info.c.obj
 .rodata.__bi_78
                0x10008a00        0xc CMakeFiles/blink.dir/C_/Users/mydre/.pico-sdk/sdk/2.2.0/src/rp2_common/pico_standard_binary_info/standard_binary_info.c.obj
 .rodata.__bi_54
                0x10008a0c        0xc CMakeFiles/blink.dir/C_/Users/mydre/.pico-sdk/sdk/2.2.0/src/rp2_common/pico_standard_binary_info/standard_binary_info.c.obj
 .rodata.__bi_48
                0x10008a18        0xc CMakeFiles/blink.dir/C_/Users/mydre/.pico-sdk/sdk/2.2.0/src/rp2_common/pico_standard_binary_info/standard_binary_info.c.obj
 .rodata.__bi_42
                0x10008a24        0xc CMakeFiles/blink.dir/C_/Users/mydre/.pico-sdk/sdk/2.2.0/src/rp2_common/pico_standard_binary_info/standard_binary_info.c.obj
 .rodata.__bi_34
                0x10008a30        0xc CMakeFiles/blink.dir/C_/Users/mydre/.pico-sdk/sdk/2.2.0/src/rp2_common/pico_standard_binary_info/standard_binary_info.c.obj
 .rodata.__bi_26
                0x10008a3c        0xc CMakeFiles/blink.dir/C_/Users/mydre/.pico-sdk/sdk/2.2.0/src/rp2_common/pico_standard_binary_info/standard_binary_info.c.obj
 .rodata._ftoa.str1.4
                0x10008a48       0x15 CMakeFiles/blink.dir/C_/Users/mydre/.pico-sdk/sdk/2.2.0/src/rp2_common/pico_printf/printf.c.obj
 .rodata._vsnprintf
                0x10008a48      0x19c CMakeFiles/blink.dir/C_/Users/mydre/.pico-sdk/sdk/2.2.0/src/rp2_common/pico_printf/printf.c.obj
 *fill*         0x10008be4        0x4 
 .rodata.pow10.0
                0x10008be8       0x50 CMakeFiles/blink.dir/C_/Users/mydre/.pico-sdk/sdk/2.2.0/src/rp2_common/pico_printf/printf.c.obj
 .rodata.__assert_func.str1.4
                0x10008c38       0x43 CMakeFiles/blink.dir/C_/Users/mydre/.pico-sdk/sdk/2.2.0/src/rp2_common/pico_clib_interface/newlib_interface.c.obj
 .rodata.crlf_str.0
                0x10008c38        0x2 CMakeFiles/blink.dir/C_/Users/mydre/.pico-sdk/sdk/2.2.0/src/rp2_common/pico_stdio/stdio.c.obj
 .rodata.str1.4
                0x10008c3a       0x2c CMakeFiles/blink.dir/C_/Users/mydre/.pico-sdk/sdk/2.2.0/src/rp2_common/pico_stdio_uart/stdio_uart.c.obj
 *fill*         0x10008c3a        0x2 
 .rodata.__bi_45.4
                0x10008c3c        0xc CMakeFiles/blink.dir/C_/Users/mydre/.pico-sdk/sdk/2.2.0/src/rp2_common/pico_stdio_uart/stdio_uart.c.obj
 .rodata.__bi_49.5
                0x10008c48        0x8 CMakeFiles/blink.dir/C_/Users/mydre/.pico-sdk/sdk/2.2.0/src/rp2_common/pico_stdio_uart/stdio_uart.c.obj
 .rodata.__bi_50.6
                0x10008c50        0x8 CMakeFiles/blink.dir/C_/Users/mydre/.pico-sdk/sdk/2.2.0/src/rp2_common/pico_stdio_uart/stdio_uart.c.obj
 .rodata.i2c_set_baudrate.str1.4
                0x10008c58       0x65 CMakeFiles/blink.dir/C_/Users/mydre/.pico-sdk/sdk/2.2.0/src/rp2_common/hardware_i2c/i2c.c.obj
 .rodata.__func__.0
                0x10008c58       0x11 CMakeFiles/blink.dir/C_/Users/mydre/.pico-sdk/sdk/2.2.0/src/rp2_common/hardware_i2c/i2c.c.obj
                0x10008cc0                        . = ALIGN (0x4)
 *fill*         0x10008c69        0x3 
 *(SORT_BY_ALIGNMENT(SORT_BY_NAME(.flashdata*)))
                0x10008c6c                        . = ALIGN (0x4)

.ARM.extab
 *(.ARM.extab* .gnu.linkonce.armextab.*)
                0x10008c6c                        __exidx_start = .

.ARM.exidx
 *(.ARM.exidx* .gnu.linkonce.armexidx.*)
                0x10008c6c                        __exidx_end = .
                0x10008c6c                        . = ALIGN (0x4)
                0x10008c6c                        __binary_info_start = .

.binary_info    0x10008c6c       0x28
 *(.binary_info.keep.*)
 .binary_info.keep.__bi_ptr84
                0x10008c6c        0x4 CMakeFiles/blink.dir/C_/Users/mydre/.pico-sdk/sdk/2.2.0/src/rp2_common/pico_standard_binary_info/standard_binary_info.c.obj
 .binary_info.keep.__bi_ptr78
                0x10008c70        0x4 CMakeFiles/blink.dir/C_/Users/mydre/.pico-sdk/sdk/2.2.0/src/rp2_common/pico_standard_binary_info/standard_binary_info.c.obj
 .binary_info.keep.__bi_ptr54
                0x10008c74        0x4 CMakeFiles/blink.dir/C_/Users/mydre/.pico-sdk/sdk/2.2.0/src/rp2_common/pico_standard_binary_info/standard_binary_info.c.obj
 .binary_info.keep.__bi_ptr48
                0x10008c78        0x4 CMakeFiles/blink.dir/C_/Users/mydre/.pico-sdk/sdk/2.2.0/src/rp2_common/pico_standard_binary_info/standard_binary_info.c.obj
 .binary_info.keep.__bi_ptr42
                0x10008c7c        0x4 CMakeFiles/blink.dir/C_/Users/mydre/.pico-sdk/sdk/2.2.0/src/rp2_common/pico_standard_binary_info/standard_binary_info.c.obj
 .binary_info.keep.__bi_ptr34
                0x10008c80        0x4 CMakeFiles/blink.dir/C_/Users/mydre/.pico-sdk/sdk/2.2.0/src/rp2_common/pico_standard_binary_info/standard_binary_info.c.obj
 .binary_info.keep.__bi_ptr26
                0x10008c84        0x4 CMakeFiles/blink.dir/C_/Users/mydre/.pico-sdk/sdk/2.2.0/src/rp2_common/pico_standard_binary_info/standard_binary_info.c.obj
 *(.binary_info.*)
 .binary_info.__bi_ptr50
                0x10008c88        0x4 CMakeFiles/blink.dir/C_/Users/mydre/.pico-sdk/sdk/2.2.0/src/rp2_common/pico_stdio_uart/stdio_uart.c.obj
 .binary_info.__bi_ptr49
                0x10008c8c        0x4 CMakeFiles/blink.dir/C_/Users/mydre/.pico-sdk/sdk/2.2.0/src/rp2_common/pico_stdio_uart/stdio_uart.c.obj
 .binary_info.__bi_ptr45
                0x10008c90        0x4 CMakeFiles/blink.dir/C_/Users/mydre/.pico-sdk/sdk/2.2.0/src/rp2_common/pico_stdio_uart/stdio_uart.c.obj
                0x10008c94                        __binary_info_end = .
                0x10008c94                        . = ALIGN (0x4)

.ram_vector_table
                0x20000000       0xc0
 *(.ram_vector_table)
 .ram_vector_table
                0x20000000       0xc0 CMakeFiles/blink.dir/C_/Users/mydre/.pico-sdk/sdk/2.2.0/src/rp2_common/pico_runtime_init/runtime_init.c.obj
                0x20000000                ram_vector_table

.uninitialized_data
                0x200000c0        0x0
                0x200000c0                        . = ALIGN (0x4)
 *(.uninitialized_data*)

.data           0x200000c0      0x7cc load address 0x10008c94
                0x200000c0                        __data_start__ = .
 *(vtable)
 *(.time_critical*)
 .time_critical.mutex_try_enter
                0x200000c0       0x48 CMakeFiles/blink.dir/C_/Users/mydre/.pico-sdk/sdk/2.2.0/src/common/pico_sync/mutex.c.obj
                0x200000c0                mutex_try_enter
 .time_critical.mutex_enter_block_until
                0x20000108       0x90 CMakeFiles/blink.dir/C_/Users/mydre/.pico-sdk/sdk/2.2.0/src/common/pico_sync/mutex.c.obj
                0x20000108                mutex_enter_block_until
 .time_critical.mutex_try_enter_block_until
                0x20000198       0x34 CMakeFiles/blink.dir/C_/Users/mydre/.pico-sdk/sdk/2.2.0/src/common/pico_sync/mutex.c.obj
                0x20000198                mutex_try_enter_block_until
 .time_critical.mutex_exit
                0x200001cc       0x4c CMakeFiles/blink.dir/C_/Users/mydre/.pico-sdk/sdk/2.2.0/src/common/pico_sync/mutex.c.obj
                0x200001cc                mutex_exit
 .time_critical.spi_write_blocking
                0x20000218       0x3a CMakeFiles/blink.dir/C_/Users/mydre/.pico-sdk/sdk/2.2.0/src/rp2_common/hardware_spi/spi.c.obj
                0x20000218                spi_write_blocking
 *(.text*)
 *fill*         0x20000252        0x2 
 .text          0x20000254        0x4 C:/Users/mydre/.pico-sdk/toolchain/14_2_Rel1/bin/../lib/gcc/arm-none-eabi/14.2.1/thumb/v6-m/nofp\libgcc.a(_dvmd_tls.o)
                0x20000254                __aeabi_idiv0
                0x20000254                __aeabi_ldiv0
 .text.__stub   0x20000258       0x20 linker stubs
                0x20000278                        . = ALIGN (0x4)
 *(.rodata*)
                0x20000278                        . = ALIGN (0x4)
 *(.data*)
 .data.striped_spin_lock_num
                0x20000278        0x1 CMakeFiles/blink.dir/C_/Users/mydre/.pico-sdk/sdk/2.2.0/src/rp2_common/hardware_sync/sync.c.obj
 *fill*         0x20000279        0x3 
 .data          0x2000027c       0x48 CMakeFiles/blink.dir/C_/Users/mydre/.pico-sdk/sdk/2.2.0/src/rp2_common/hardware_irq/irq_handler_chain.S.obj
                0x2000027c                irq_handler_chain_slots
                0x200002ac                irq_handler_chain_first_slot
                0x200002b6                irq_handler_chain_remove_tail
 .data.default_alarm_pool
                0x200002c4       0x18 CMakeFiles/blink.dir/C_/Users/mydre/.pico-sdk/sdk/2.2.0/src/common/pico_time/time.c.obj
 *fill*         0x200002dc        0x4 
 .data.aeabi_bits_funcs
                0x200002e0       0x10 CMakeFiles/blink.dir/C_/Users/mydre/.pico-sdk/sdk/2.2.0/src/rp2_common/pico_bit_ops/bit_ops_aeabi.S.obj
                0x200002e0                aeabi_bits_funcs
                0x200002f0                aeabi_bits_funcs_end
 .data.aeabi_mem_funcs
                0x200002f0       0x10 CMakeFiles/blink.dir/C_/Users/mydre/.pico-sdk/sdk/2.2.0/src/rp2_common/pico_mem_ops/mem_ops_aeabi.S.obj
                0x200002f0                aeabi_mem_funcs
                0x20000300                aeabi_mem_funcs_end
 .data.stdio_uart
                0x20000300       0x18 CMakeFiles/blink.dir/C_/Users/mydre/.pico-sdk/sdk/2.2.0/src/rp2_common/pico_stdio_uart/stdio_uart.c.obj
                0x20000300                stdio_uart
 .data.i2c0_inst
                0x20000318        0x8 CMakeFiles/blink.dir/C_/Users/mydre/.pico-sdk/sdk/2.2.0/src/rp2_common/hardware_i2c/i2c.c.obj
                0x20000318                i2c0_inst
 .data.__malloc_sbrk_base
                0x20000320        0x4 C:/Users/mydre/.pico-sdk/toolchain/14_2_Rel1/bin/../lib/gcc/arm-none-eabi/14.2.1/thumb/v6-m/nofp\libg.a(libc_a-mallocr.o)
                0x20000320                __malloc_sbrk_base
 .data.__malloc_trim_threshold
                0x20000324        0x4 C:/Users/mydre/.pico-sdk/toolchain/14_2_Rel1/bin/../lib/gcc/arm-none-eabi/14.2.1/thumb/v6-m/nofp\libg.a(libc_a-mallocr.o)
                0x20000324                __malloc_trim_threshold
 .data.__malloc_av_
                0x20000328      0x408 C:/Users/mydre/.pico-sdk/toolchain/14_2_Rel1/bin/../lib/gcc/arm-none-eabi/14.2.1/thumb/v6-m/nofp\libg.a(libc_a-mallocr.o)
                0x20000328                __malloc_av_
 .data._impure_ptr
                0x20000730        0x4 C:/Users/mydre/.pico-sdk/toolchain/14_2_Rel1/bin/../lib/gcc/arm-none-eabi/14.2.1/thumb/v6-m/nofp\libg.a(libc_a-impure.o)
                0x20000730                _impure_ptr
 *fill*         0x20000734        0x4 
 .data._impure_data
                0x20000738      0x140 C:/Users/mydre/.pico-sdk/toolchain/14_2_Rel1/bin/../lib/gcc/arm-none-eabi/14.2.1/thumb/v6-m/nofp\libg.a(libc_a-impure.o)
                0x20000738                _impure_data
 .data.__sglue  0x20000878        0xc C:/Users/mydre/.pico-sdk/toolchain/14_2_Rel1/bin/../lib/gcc/arm-none-eabi/14.2.1/thumb/v6-m/nofp\libg.a(libc_a-findfp.o)
                0x20000878                __sglue
                0x20000884                        . = ALIGN (0x4)
 *(.after_data.*)
                0x20000884                        . = ALIGN (0x4)
                0x20000884                        PROVIDE (__mutex_array_start = .)
 *(SORT_BY_NAME(.mutex_array.*))
 *(.mutex_array)
 .mutex_array   0x20000884        0x8 CMakeFiles/blink.dir/C_/Users/mydre/.pico-sdk/sdk/2.2.0/src/rp2_common/pico_stdio/stdio.c.obj
                0x2000088c                        PROVIDE (__mutex_array_end = .)
                0x2000088c                        . = ALIGN (0x4)
 *(.jcr)
                0x2000088c                        . = ALIGN (0x4)

.tm_clone_table
                0x2000088c        0x0 load address 0x10009460
 .tm_clone_table
                0x2000088c        0x0 C:/Users/mydre/.pico-sdk/toolchain/14_2_Rel1/bin/../lib/gcc/arm-none-eabi/14.2.1/thumb/v6-m/nofp/crtbegin.o
 .tm_clone_table
                0x2000088c        0x0 C:/Users/mydre/.pico-sdk/toolchain/14_2_Rel1/bin/../lib/gcc/arm-none-eabi/14.2.1/thumb/v6-m/nofp/crtend.o

.igot.plt       0x2000088c        0x0 load address 0x10009460
 .igot.plt      0x2000088c        0x0 C:/Users/mydre/.pico-sdk/toolchain/14_2_Rel1/bin/../lib/gcc/arm-none-eabi/14.2.1/thumb/v6-m/nofp/crtbegin.o

.tdata          0x2000088c        0x0 load address 0x10009460
                0x2000088c                        . = ALIGN (0x4)
 *(.tdata .tdata.* .gnu.linkonce.td.*)
                0x2000088c                        __tdata_end = .
                0x2000088c                        PROVIDE (__data_end__ = .)
                0x10008c94                        __etext = LOADADDR (.data)

.tbss           0x2000088c        0x0 load address 0x10009460
                0x2000088c                        . = ALIGN (0x4)
                0x2000088c                        __bss_start__ = .
                0x2000088c                        __tls_base = .
 *(.tbss .tbss.* .gnu.linkonce.tb.*)
 *(.tcommon)
                0x2000088c                        __tls_end = .

.bss            0x20000890      0x6e0 load address 0x10009460
                0x20000890                        . = ALIGN (0x4)
                0x20000890                        __tbss_end = .
 *(SORT_BY_ALIGNMENT(SORT_BY_NAME(.bss*)))
 .bss.default_alarm_pool_entries
                0x20000890      0x180 CMakeFiles/blink.dir/C_/Users/mydre/.pico-sdk/sdk/2.2.0/src/common/pico_time/time.c.obj
 .bss.__lock___malloc_recursive_mutex
                0x20000a10        0x1 C:/Users/mydre/.pico-sdk/toolchain/14_2_Rel1/bin/../lib/gcc/arm-none-eabi/14.2.1/thumb/v6-m/nofp\libg.a(libc_a-lock.o)
                0x20000a10                __lock___malloc_recursive_mutex
 *fill*         0x20000a11        0x3 
 .bss.__lock___sfp_recursive_mutex
                0x20000a14        0x1 C:/Users/mydre/.pico-sdk/toolchain/14_2_Rel1/bin/../lib/gcc/arm-none-eabi/14.2.1/thumb/v6-m/nofp\libg.a(libc_a-lock.o)
                0x20000a14                __lock___sfp_recursive_mutex
 *fill*         0x20000a15        0x3 
 .bss.__malloc_current_mallinfo
                0x20000a18       0x28 C:/Users/mydre/.pico-sdk/toolchain/14_2_Rel1/bin/../lib/gcc/arm-none-eabi/14.2.1/thumb/v6-m/nofp\libg.a(libc_a-mallocr.o)
                0x20000a18                __malloc_current_mallinfo
 .bss.__malloc_max_sbrked_mem
                0x20000a40        0x4 C:/Users/mydre/.pico-sdk/toolchain/14_2_Rel1/bin/../lib/gcc/arm-none-eabi/14.2.1/thumb/v6-m/nofp\libg.a(libc_a-mallocr.o)
                0x20000a40                __malloc_max_sbrked_mem
 .bss.__malloc_max_total_mem
                0x20000a44        0x4 C:/Users/mydre/.pico-sdk/toolchain/14_2_Rel1/bin/../lib/gcc/arm-none-eabi/14.2.1/thumb/v6-m/nofp\libg.a(libc_a-mallocr.o)
                0x20000a44                __malloc_max_total_mem
 .bss.__malloc_top_pad
                0x20000a48        0x4 C:/Users/mydre/.pico-sdk/toolchain/14_2_Rel1/bin/../lib/gcc/arm-none-eabi/14.2.1/thumb/v6-m/nofp\libg.a(libc_a-mallocr.o)
                0x20000a48                __malloc_top_pad
 .bss.__sf      0x20000a4c      0x138 C:/Users/mydre/.pico-sdk/toolchain/14_2_Rel1/bin/../lib/gcc/arm-none-eabi/14.2.1/thumb/v6-m/nofp\libg.a(libc_a-findfp.o)
                0x20000a4c                __sf
 .bss.__stdio_exit_handler
                0x20000b84        0x4 C:/Users/mydre/.pico-sdk/toolchain/14_2_Rel1/bin/../lib/gcc/arm-none-eabi/14.2.1/thumb/v6-m/nofp\libg.a(libc_a-findfp.o)
                0x20000b84                __stdio_exit_handler
 .bss.calibrate_stage
                0x20000b88        0x4 CMakeFiles/blink.dir/Audio-visual-device.cpp.obj
                0x20000b88                calibrate_stage
 .bss.chars_available_callback
                0x20000b8c        0x4 CMakeFiles/blink.dir/C_/Users/mydre/.pico-sdk/sdk/2.2.0/src/rp2_common/pico_stdio_uart/stdio_uart.c.obj
 .bss.chars_available_param
                0x20000b90        0x4 CMakeFiles/blink.dir/C_/Users/mydre/.pico-sdk/sdk/2.2.0/src/rp2_common/pico_stdio_uart/stdio_uart.c.obj
 .bss.claimed   0x20000b94        0x1 CMakeFiles/blink.dir/C_/Users/mydre/.pico-sdk/sdk/2.2.0/src/rp2_common/hardware_timer/timer.c.obj
 *fill*         0x20000b95        0x3 
 .bss.configured_freq
                0x20000b98       0x28 CMakeFiles/blink.dir/C_/Users/mydre/.pico-sdk/sdk/2.2.0/src/rp2_common/hardware_clocks/clocks.c.obj
 .bss.drivers   0x20000bc0        0x4 CMakeFiles/blink.dir/C_/Users/mydre/.pico-sdk/sdk/2.2.0/src/rp2_common/pico_stdio/stdio.c.obj
 .bss.errno     0x20000bc4        0x4 C:/Users/mydre/.pico-sdk/toolchain/14_2_Rel1/bin/../lib/gcc/arm-none-eabi/14.2.1/thumb/v6-m/nofp\libg.a(libc_a-reent.o)
                0x20000bc4                errno
 .bss.filter    0x20000bc8        0x4 CMakeFiles/blink.dir/C_/Users/mydre/.pico-sdk/sdk/2.2.0/src/rp2_common/pico_stdio/stdio.c.obj
 .bss.heap_end.0
                0x20000bcc        0x4 CMakeFiles/blink.dir/C_/Users/mydre/.pico-sdk/sdk/2.2.0/src/rp2_common/pico_clib_interface/newlib_interface.c.obj
 .bss.max       0x20000bd0        0x4 CMakeFiles/blink.dir/Audio-visual-device.cpp.obj
                0x20000bd0                max